07-24 23:50:23.711  2411  2411 V NAVD    : TCPTOGNSSHAL::time ipc values:Year :2019 Month :0 Day :2 Hour :0 Minutes :0 Seconds :0
07-24 23:50:23.711  2411  2411 V NAVD    : TCPTOGNSSHAL::pos ipc values:latitude:0.000000 longitude:0.000000, height:-1000.000000, heading:0.000000 velocity :0.000000
07-24 23:50:23.711  2411  2411 V NAVD    : TCPTOGNSSHAL::time ipc values:Year :119 Month :0 Day :2 Hour :0 Minutes :0 Seconds :0
07-24 23:50:23.711  2411  2411 V NAVD    : TCPTOGNSSHAL::epoch time ipc values:epochtime :1546387200000 
07-24 23:50:23.711  2411  2411 D NAVD    : Gnss::updateGnssLocation : latitude : 0.000000, longitude : 0.000000, altitudeMeters : -1000.000000, speedMeters : 0.000000, bearingDegrees : 0.000000
07-24 23:50:23.711  2411  2411 D NAVD    : Gnss::updateGnssLocation : horizontalAccuracyMeters : 102.300003, verticalAccuracyMeters : 0.000000, speedAccuracyMetersPerSecond : 0.000000, bearingAccuracyDegrees : 0.000000
07-24 23:50:23.711  2411  2411 D NAVD    : Gnss::updateGnssLocation : Time:1546387200000, gnssLocationFlags : 31
07-24 23:50:23.712  3044  3942 I GnssLocationProvider: WakeLock acquired by sendMessage(REPORT_LOCATION, 1, Location[gps 0.000000,0.000000 hAcc=102 et=?!? alt=-1000.0 vel=0.0 bear=0.0 vAcc=??? sAcc=??? bAcc=???])
07-24 23:50:23.712  2411  2411 V NAVD    : TCPTONAVSENSHAL::raw  pos ipc values:latitude:0 longitude:0, height:-10000, heading:0 velocity :0 pDop :1023
07-24 23:50:23.712  2411  2411 V NAVD    : TCPTONAVSENSHAL::raw  time ipc values:Date :20190102 Time :0
07-24 23:50:23.712  2411  2411 V NAVD    : TCPTONAVSENSHAL::pos ipc values:latitude:0.000000 longitude:0.000000, height:-1000.000000, heading:0.000000 velocity :0.000000 pdop :102.300003
07-24 23:50:23.712  2411  2411 V NAVD    : TCPTONAVSENSHAL::time ipc values:Year :2019 Month :0 Day :2 Hour :0 Minutes :0 Seconds :0
07-24 23:50:23.713  2411  2411 V NAVD    : Navsens::setGNSSTime: Time - 15875512
07-24 23:50:23.713  3044  3063 I GnssLocationProvider: WakeLock released by handleMessage(REPORT_LOCATION, 1, Location[gps 0.000000,0.000000 hAcc=102 et=+4h24m35s514ms alt=-1000.0 vel=0.0 bear=0.0 vAcc=??? sAcc=??? bAcc=??? {Bundle[{satellites=0, maxCn0=0, meanCn0=0}]}])
07-24 23:50:23.713  2411  2411 V NAVD    : Navsens::setGNSSSatellites:Number of satellites - 0
07-24 23:50:23.714  2376  2376 E AI_NAV  : log_as_hex: Length too long (1312)
07-24 23:50:23.714  2376  2376 D AI_NAV  : SAT T 15875512 VIEW 0 USED 0 SNRAVG 0 SNRMIN 0 SNRMAX 0 HDOP 0 PDOP 1023 VDOP 0
07-24 23:50:23.714  2411  2411 V NAVD    : Navsens::setGNSSLocation
07-24 23:50:23.715  2412  2828 D CoLibry : [MSG]@15875516 (2412.32767):  TunerListManager::processTimerEvent - update availStationList & restart the timer 
07-24 23:50:23.715  2412  2828 D CoLibry : [MSG]@15875516 (2412.32767): copy.size = 0
07-24 23:50:23.715  2412  2828 D CoLibry : [MSG]@15875516 (2412.32767): sort the FM stationList by frequency
07-24 23:50:23.715  2412  2828 D CoLibry : [MSG]@15875516 (2412.32767): mStrongStationCopy.size = 0
07-24 23:50:23.715  2412  2828 D CoLibry : [MSG]@15875516 (2412.32767): [MiscCalHandler] mTunerCalValues.size = 5
07-24 23:50:23.715  2412  2828 D CoLibry : [MSG]@15875516 (2412.32767): [MiscCalHandler]  _J8iWULEaEeO_VpIpRoy4MQ pos found = 0x0x70e083fff2a0, value = 49 
07-24 23:50:23.715  2412  2828 D CoLibry : [MSG]@15875516 (2412.32767): push: pushing for port: 40 with message message->c_str()
07-24 23:50:23.715  2412  2622 D CoLibry : [MSG]@15875516 (2412.32767): pop: data = NOT NULL
07-24 23:50:23.715  2412  2622 D CoLibry : [MSG]@15875516 (2412.32767): pop: port = 40 message in queue = message->c_str()
07-24 23:50:23.715  2412  2622 D CoLibry : [MSG]@15875516 (2412.32767): EventThd::run:(0x28) received a pulse, code= 0x28, event ptr= 0x0x70e082b97a20
07-24 23:50:23.715  2412  2622 D CoLibry : [MSG]@15875516 (2412.32767): tunerEvent, id = 8001
07-24 23:50:23.715  2412  2622 W CoLibry : [WRN]@15875516 (2412.32767): CHalStationInfoList:: Empty stationlist
07-24 23:50:23.715  2412  2622 D CoLibry : [MSG]@15875516 (2412.32767): EventThd::run:(0x28) to wait event ... 
07-24 23:50:23.715  2411  2411 V NAVD    : Navsens::updateGnssHnrLocation
07-24 23:50:23.716  2376  2376 V AI_NAV  : $HRL_B83DF2000000000000000000E2750000B83DF20000000000E30700020000000000000000030000000300000000750000000000000000000000000000000000000000000000007AC4000000000000000000000000000000009A99CC4200000000000000000000000000000000551ABD1B00000000000000000000000000000000000000000000000067010000E2750000
07-24 23:50:23.716  2376  2376 D AI_NAV  : GNSSHighRateLocation: {.mTimestamp = 15875512, .mGpsTow = 0, .mUTCTime = {.timestamp = 15875512, .year = 2019, .month = 0, .day = 2, .hour = 0, .minute = 0, .second = 0, .ms = 0, .scale = GNSS_TIME_SCALE_UTC, .leapSeconds = 0, .validityBits = 3}, .mDRSource = GNSS_NO_DR, .mFixType = _NO, .mLatitude = 0.000000, .mLongitude = 0.000000, .mHeightEllipsoid = 0.000000, .mHeightMSL = -1000.000000, .mGroundSpeed = 0.000000, .mSpeed = 0.000000, .mHeadingMotion = 0.000000, .mHeadingVehicle = 0.000000, .mHorizontalAccuracy = 102.300003, .mVerticalAccuracy = 0.000000, .mSpeedAccuracy = 0.000000, .mHeadingAccuracy = 0.000000, .mNavATT = {.iTOW = 0, .version = 85, .roll = 0, .pitch = 0, .heading = 0, .accRoll = 0, .accPitch = 0, .accHeading = 0}, .mValidityBits = 359}
07-24 23:50:23.716  2376  2376 D AI_NAV  : INVALID GNSS T 15875512
07-24 23:50:23.716  5139  5139 D GALServiceManager: isGalStarted() Enter
07-24 23:50:23.716  5139  5139 D GALServiceManager: linkServiceBinder() Binder is Linked Already
07-24 23:50:23.717  5139  5139 D GALServiceManager: isGalStarted() Exit
07-24 23:50:23.717  5139  5139 D GALServiceManager: sendTouchEvent() Enter
07-24 23:50:23.717  5139  5139 D GALServiceManager: linkServiceBinder() Binder is Linked Already
07-24 23:50:23.718  5139  5139 D GALServiceManager: sendTouchEvent() Exit
07-24 23:50:23.718  2412  2875 D CoLibry : [MSG]@15875520 (2412.32767): T[2]HSU(30B) fq 92300, fs -8, hwQ 80, pQ 0, afQ 0 trdAfQ 0, mp 90, ofs 0, adj 101, bw 55, dev 25, stp 0, ant 1, fs1 -99, fs2 -99, hl 5EECB57
07-24 23:50:23.719  2645  3891 I mediasdk_omx: mfx_omx_vdec_component: EmptyThisBuffer(0xf2321b40) nTimeStamp 78823910000, nFilledLen 119913, nFlags 0x10
07-24 23:50:23.719  2645  3138 I mediasdk_omx: mfx_omx_vdec_component: DecodeFrameAsync+ DataLength 119913, DataOffset 0
07-24 23:50:23.719  2645  3138 I mediasdk_omx: mfx_omx_vdec_component: DecodeFrameAsync- sts 2, output surface 0x0, DataLength 119913, DataOffset 0
07-24 23:50:23.720  2645  3138 I mediasdk_omx: mfx_omx_vdec_component: DecodeFrameAsync+ DataLength 119913, DataOffset 0
07-24 23:50:23.720  2645  3138 I mediasdk_omx: mfx_omx_vdec_component: DecodeFrameAsync- sts 0, output surface 0xee345488, DataLength 0, DataOffset 119913
07-24 23:50:23.720  2645  3138 I mediasdk_omx: mfx_omx_vdec_component: pOutSurface, CropW: 1920, CropH: 1080, Width: 1920, Height: 1088, TimeStamp: 78823910000
07-24 23:50:23.720  2645  3139 I mediasdk_omx: mfx_omx_vdec_component: SyncOperation+
07-24 23:50:23.720  2645  3139 I mediasdk_omx: mfx_omx_vdec_component: SyncOperation-
07-24 23:50:23.720  2645  3138 I mediasdk_omx: mfx_omx_vdec_component: EmptyBufferDone(0xf2321b40)
07-24 23:50:23.720  2645  3139 I mediasdk_omx: mfx_omx_vdec_component: FillBufferDone(0xf2321e10) nTimeStamp 78823910000, nFilledLen 12, nFlags 0x0
07-24 23:50:23.721  2645  3891 I mediasdk_omx: mfx_omx_vdec_component: FillThisBuffer(0xf2321f00) nAllocLen 12
07-24 23:50:23.722  2645  3891 I mediasdk_omx: mfx_omx_srf_pool: ANWbuffer 0xf1f190e8, gralloc handle 0xf1f045e0, fence 38
07-24 23:50:23.730  2426  2426 W BufferLayer: [SurfaceView - com.gm.gal/com.gm.gal.hmi.activity.MainActivity#0] Timestamp 78823910000000 seems implausible relative to expectedPresent 15875543782376
07-24 23:50:23.741  2411  2411 V NAVD    : CGMIPCMsgSplitter::handleData: len: 7, consumedBytes: 0
07-24 23:50:23.742  2411  2411 V NAVD    : CGMIPCMsgSplitter::handleData: Msg Tag :12 SubTag :0 Length; 1
07-24 23:50:23.742  2411  2411 V NAVD    : CGMIPCMsgSplitter : GearInfo
07-24 23:50:23.743  2411  2411 V NAVD    : TCPTOGENIVI::raw  gear ipc values:GearInfo:0
07-24 23:50:23.743  2411  2411 V NAVD    : TCPTOGENIVI::gear ipc values:GearInfo:D
07-24 23:50:23.743  2411  2411 V NAVD    : CARPLAYDATACONSTRUCTOR onData : transmissionstate recv
07-24 23:50:23.743  2411  2411 V NAVD    : CGMIPCMsgSplitter::handleData: len: 14, consumedBytes: 0
07-24 23:50:23.743  2411  2411 V NAVD    : CGMIPCMsgSplitter::handleData: Msg Tag :2 SubTag :15 Length; 10
07-24 23:50:23.743  2411  2411 E NAVD    : CGMIPCMsgSplitter counterVal 44920 
07-24 23:50:23.743  2411  2411 V NAVD    : CGMIPCMsgSplitter::handleData: len: 14, consumedBytes: 0
07-24 23:50:23.743  2411  2411 V NAVD    : CGMIPCMsgSplitter::handleData: Msg Tag :2 SubTag :15 Length; 10
07-24 23:50:23.743  2411  2411 E NAVD    : CGMIPCMsgSplitter counterVal 44921 
07-24 23:50:23.744  4554  4590 I FSAClient: FSA: could not connect to server 192.168.1.102:9010, retrying
07-24 23:50:23.744  4554  4590 D FSANetCommsClient: FSA: client attempting to connect to server
07-24 23:50:23.744  4554  4590 I FSANetCommsClient: FSA: intializing client tcp socket, ip:port is 192.168.1.102:9010
07-24 23:50:23.745  5139  5139 D GALServiceManager: isGalStarted() Enter
07-24 23:50:23.745  5139  5139 D GALServiceManager: linkServiceBinder() Binder is Linked Already
07-24 23:50:23.746  5139  5139 D GALServiceManager: isGalStarted() Exit
07-24 23:50:23.746  5139  5139 D GALServiceManager: sendTouchEvent() Enter
07-24 23:50:23.746  5139  5139 D GALServiceManager: linkServiceBinder() Binder is Linked Already
07-24 23:50:23.747  5139  5139 D GALServiceManager: sendTouchEvent() Exit
07-24 23:50:23.751  2645  3891 I mediasdk_omx: mfx_omx_vdec_component: EmptyThisBuffer(0xf2321cd0) nTimeStamp 78823960000, nFilledLen 76811, nFlags 0x10
07-24 23:50:23.751  2645  3138 I mediasdk_omx: mfx_omx_vdec_component: DecodeFrameAsync+ DataLength 76811, DataOffset 0
07-24 23:50:23.751  2645  3138 I mediasdk_omx: mfx_omx_vdec_component: DecodeFrameAsync- sts 2, output surface 0x0, DataLength 76811, DataOffset 0
07-24 23:50:23.751  2645  3138 I mediasdk_omx: mfx_omx_vdec_component: DecodeFrameAsync+ DataLength 76811, DataOffset 0
07-24 23:50:23.753  2645  3138 I mediasdk_omx: mfx_omx_vdec_component: DecodeFrameAsync- sts 0, output surface 0xee345908, DataLength 0, DataOffset 76811
07-24 23:50:23.753  2645  3138 I mediasdk_omx: mfx_omx_vdec_component: pOutSurface, CropW: 1920, CropH: 1080, Width: 1920, Height: 1088, TimeStamp: 78823960000
07-24 23:50:23.753  2645  3139 I mediasdk_omx: mfx_omx_vdec_component: SyncOperation+
07-24 23:50:23.753  2645  3139 I mediasdk_omx: mfx_omx_vdec_component: SyncOperation-
07-24 23:50:23.753  2645  3139 I mediasdk_omx: mfx_omx_vdec_component: FillBufferDone(0xf2321fa0) nTimeStamp 78823960000, nFilledLen 12, nFlags 0x0
07-24 23:50:23.753  2645  3138 I mediasdk_omx: mfx_omx_vdec_component: EmptyBufferDone(0xf2321cd0)
07-24 23:50:23.756  2645  3891 I mediasdk_omx: mfx_omx_vdec_component: FillThisBuffer(0xf1f11960) nAllocLen 12
07-24 23:50:23.757  2645  3891 I mediasdk_omx: mfx_omx_srf_pool: ANWbuffer 0xf1f19368, gralloc handle 0xf1f047a0, fence 38
07-24 23:50:23.757  2412  2875 D CoLibry : [MSG]@15875558 (2412.32767): T[2]HSU(30B) fq 92100, fs -7, hwQ 117, pQ 0, afQ 0 trdAfQ 0, mp 102, ofs 0, adj 82, bw 55, dev 23, stp 0, ant 1, fs1 -99, fs2 -99, hl 5EECB57
07-24 23:50:23.764  2426  2426 W BufferLayer: [SurfaceView - com.gm.gal/com.gm.gal.hmi.activity.MainActivity#0] Timestamp 78823960000000 seems implausible relative to expectedPresent 15875577126365
07-24 23:50:23.780  2645  3891 I mediasdk_omx: mfx_omx_vdec_component: EmptyThisBuffer(0xf2321d20) nTimeStamp 78824010000, nFilledLen 16992, nFlags 0x10
07-24 23:50:23.780  2645  3138 I mediasdk_omx: mfx_omx_vdec_component: DecodeFrameAsync+ DataLength 16992, DataOffset 0
07-24 23:50:23.781  2645  3138 I mediasdk_omx: mfx_omx_vdec_component: DecodeFrameAsync- sts 2, output surface 0x0, DataLength 16992, DataOffset 0
07-24 23:50:23.781  2645  3138 I mediasdk_omx: mfx_omx_vdec_component: DecodeFrameAsync+ DataLength 16992, DataOffset 0
07-24 23:50:23.782  2645  3138 I mediasdk_omx: mfx_omx_vdec_component: DecodeFrameAsync- sts 0, output surface 0xee345788, DataLength 0, DataOffset 16992
07-24 23:50:23.782  2645  3138 I mediasdk_omx: mfx_omx_vdec_component: pOutSurface, CropW: 1920, CropH: 1080, Width: 1920, Height: 1088, TimeStamp: 78824010000
07-24 23:50:23.782  2645  3139 I mediasdk_omx: mfx_omx_vdec_component: SyncOperation+
07-24 23:50:23.782  2645  3139 I mediasdk_omx: mfx_omx_vdec_component: SyncOperation-
07-24 23:50:23.782  2645  3139 I mediasdk_omx: mfx_omx_vdec_component: FillBufferDone(0xf2321dc0) nTimeStamp 78824010000, nFilledLen 12, nFlags 0x0
07-24 23:50:23.782  2645  3138 I mediasdk_omx: mfx_omx_vdec_component: EmptyBufferDone(0xf2321d20)
07-24 23:50:23.785  3254  3290 E pal_vehicle: [VDATA:VEHICLE_COMMON] convert_result API: get_yaw_rate_protected_yaw_rate_authenticated FAILED pal_vdata_convert_result() is 6
07-24 23:50:23.785  2645  3891 I mediasdk_omx: mfx_omx_vdec_component: FillThisBuffer(0xf1f11910) nAllocLen 12
07-24 23:50:23.785  2645  3891 I mediasdk_omx: mfx_omx_srf_pool: ANWbuffer 0xf1f19228, gralloc handle 0xf1f046c0, fence 38
07-24 23:50:23.791  2411  2411 V NAVD    : CGMIPCMsgSplitter::handleData: len: 14, consumedBytes: 0
07-24 23:50:23.791  2411  2411 V NAVD    : CGMIPCMsgSplitter::handleData: Msg Tag :2 SubTag :15 Length; 10
07-24 23:50:23.791  2411  2411 E NAVD    : CGMIPCMsgSplitter counterVal 44922 
07-24 23:50:23.792  2411  2411 V NAVD    : CGMIPCMsgSplitter::handleData: len: 14, consumedBytes: 0
07-24 23:50:23.792  2411  2411 V NAVD    : CGMIPCMsgSplitter::handleData: Msg Tag :2 SubTag :15 Length; 10
07-24 23:50:23.792  2411  2411 E NAVD    : CGMIPCMsgSplitter counterVal 44923 
07-24 23:50:23.795  2412  2875 D CoLibry : [MSG]@15875596 (2412.32767): T[2]HSU(30B) fq 104900, fs -5, hwQ 99, pQ 0, afQ 0 trdAfQ 0, mp 109, ofs 0, adj 90, bw 55, dev 24, stp 0, ant 1, fs1 -99, fs2 -99, hl 5EECB57
07-24 23:50:23.797  2426  2426 W BufferLayer: [SurfaceView - com.gm.gal/com.gm.gal.hmi.activity.MainActivity#0] Timestamp 78824010000000 seems implausible relative to expectedPresent 15875610435419
07-24 23:50:23.809  3354  3501 D CarDrivingState: Property Changed: propId=291504647
07-24 23:50:23.811  2645  3891 I mediasdk_omx: mfx_omx_vdec_component: EmptyThisBuffer(0xf2321d70) nTimeStamp 78824042000, nFilledLen 10002, nFlags 0x10
07-24 23:50:23.811  2411  2411 V NAVD    : CGMIPCMsgSplitter::handleData: len: 30, consumedBytes: 0
07-24 23:50:23.811  2411  2411 V NAVD    : CGMIPCMsgSplitter::handleData: Msg Tag :19 SubTag :0 Length; 26
07-24 23:50:23.811  2411  2411 V NAVD    : CGMIPCMsgSplitter : Ext Position
07-24 23:50:23.811  2411  2411 V NAVD    : TCPTOGENIVI::raw  pos ipc values:latitude:0 longitude:0, height:-10000, heading:0 velocity :0 pDop :1023
07-24 23:50:23.811  2411  2411 V NAVD    : TCPTOGENIVI::raw  time ipc values:Date :20190102 Time :0
07-24 23:50:23.811  2645  3138 I mediasdk_omx: mfx_omx_vdec_component: DecodeFrameAsync+ DataLength 10002, DataOffset 0
07-24 23:50:23.811  2411  2411 V NAVD    : TCPTOGENIVI::pos ipc values:latitude:0.000000 longitude:0.000000, height:-1000.000000, heading:0.000000 velocity :0.000000 pDop :0.000000
07-24 23:50:23.811  2411  2411 V NAVD    : TCPTOGENIVI::time ipc values:Year :2019 Month :0 Day :2 Hour :0 Minutes :0 Seconds :0
07-24 23:50:23.811  2411  2411 V NAVD    : CARPLAYDATACONSTRUCTOR onData : pos recv
07-24 23:50:23.811  2645  3138 I mediasdk_omx: mfx_omx_vdec_component: DecodeFrameAsync- sts 2, output surface 0x0, DataLength 10002, DataOffset 0
07-24 23:50:23.811  2411  2411 V NAVD    : CARPLAYDATACONSTRUCTOR onData : time recv
07-24 23:50:23.811  2645  3138 I mediasdk_omx: mfx_omx_vdec_component: DecodeFrameAsync+ DataLength 10002, DataOffset 0
07-24 23:50:23.811  2411  2411 V NAVD    : CARPLAYDATACONSTRUCTOR onData : speed recv
07-24 23:50:23.811  2411  2411 V NAVD    : CARPLAYFREQCONTROLLER onData :ALL CARPLAY DATA RECIEVED
07-24 23:50:23.811  2411  2411 V NAVD    : TCPTOGNSSHAL::raw  pos ipc values:latitude:0 longitude:0, height:-10000, heading:0 velocity :0 pDop :1023
07-24 23:50:23.811  2411  2411 V NAVD    : TCPTOGNSSHAL::raw  time ipc values:Date :20190102 Time :0
07-24 23:50:23.811  2411  2411 V NAVD    : TCPTOGNSSHAL::time ipc values:Year :2019 Month :0 Day :2 Hour :0 Minutes :0 Seconds :0
07-24 23:50:23.811  2411  2411 V NAVD    : TCPTOGNSSHAL::pos ipc values:latitude:0.000000 longitude:0.000000, height:-1000.000000, heading:0.000000 velocity :0.000000
07-24 23:50:23.811  2411  2411 V NAVD    : TCPTOGNSSHAL::time ipc values:Year :119 Month :0 Day :2 Hour :0 Minutes :0 Seconds :0
07-24 23:50:23.811  2411  2411 V NAVD    : TCPTOGNSSHAL::epoch time ipc values:epochtime :1546387200000 
07-24 23:50:23.811  2411  2411 D NAVD    : Gnss::updateGnssLocation : latitude : 0.000000, longitude : 0.000000, altitudeMeters : -1000.000000, speedMeters : 0.000000, bearingDegrees : 0.000000
07-24 23:50:23.812  2411  2411 D NAVD    : Gnss::updateGnssLocation : horizontalAccuracyMeters : 102.300003, verticalAccuracyMeters : 0.000000, speedAccuracyMetersPerSecond : 0.000000, bearingAccuracyDegrees : 0.000000
07-24 23:50:23.812  2411  2411 D NAVD    : Gnss::updateGnssLocation : Time:1546387200000, gnssLocationFlags : 31
07-24 23:50:23.812  2645  3138 I mediasdk_omx: mfx_omx_vdec_component: DecodeFrameAsync- sts 0, output surface 0xf2353608, DataLength 0, DataOffset 10002
07-24 23:50:23.812  2645  3138 I mediasdk_omx: mfx_omx_vdec_component: pOutSurface, CropW: 1920, CropH: 1080, Width: 1920, Height: 1088, TimeStamp: 78824042000
07-24 23:50:23.812  2645  3139 I mediasdk_omx: mfx_omx_vdec_component: SyncOperation+
07-24 23:50:23.812  2645  3139 I mediasdk_omx: mfx_omx_vdec_component: SyncOperation-
07-24 23:50:23.812  2645  3139 I mediasdk_omx: mfx_omx_vdec_component: FillBufferDone(0xf2321e60) nTimeStamp 78824042000, nFilledLen 12, nFlags 0x0
07-24 23:50:23.812  2645  3138 I mediasdk_omx: mfx_omx_vdec_component: EmptyBufferDone(0xf2321d70)
07-24 23:50:23.813  3044  3942 I GnssLocationProvider: WakeLock acquired by sendMessage(REPORT_LOCATION, 1, Location[gps 0.000000,0.000000 hAcc=102 et=?!? alt=-1000.0 vel=0.0 bear=0.0 vAcc=??? sAcc=??? bAcc=???])
07-24 23:50:23.814  2411  2411 V NAVD    : TCPTONAVSENSHAL::raw  pos ipc values:latitude:0 longitude:0, height:-10000, heading:0 velocity :0 pDop :1023
07-24 23:50:23.814  2411  2411 V NAVD    : TCPTONAVSENSHAL::raw  time ipc values:Date :20190102 Time :0
07-24 23:50:23.814  2411  2411 V NAVD    : TCPTONAVSENSHAL::pos ipc values:latitude:0.000000 longitude:0.000000, height:-1000.000000, heading:0.000000 velocity :0.000000 pdop :102.300003
07-24 23:50:23.814  2411  2411 V NAVD    : TCPTONAVSENSHAL::time ipc values:Year :2019 Month :0 Day :2 Hour :0 Minutes :0 Seconds :0
07-24 23:50:23.814  2411  2411 V NAVD    : Navsens::setGNSSTime: Time - 15875612
07-24 23:50:23.814  2411  2411 V NAVD    : Navsens::setGNSSSatellites:Number of satellites - 0
07-24 23:50:23.814  3044  3063 I GnssLocationProvider: WakeLock released by handleMessage(REPORT_LOCATION, 1, Location[gps 0.000000,0.000000 hAcc=102 et=+4h24m35s615ms alt=-1000.0 vel=0.0 bear=0.0 vAcc=??? sAcc=??? bAcc=??? {Bundle[{satellites=0, maxCn0=0, meanCn0=0}]}])
07-24 23:50:23.814  2376  2376 E AI_NAV  : log_as_hex: Length too long (1312)
07-24 23:50:23.814  2376  2376 D AI_NAV  : SAT T 15875612 VIEW 0 USED 0 SNRAVG 0 SNRMIN 0 SNRMAX 0 HDOP 0 PDOP 1023 VDOP 0
07-24 23:50:23.814  2411  2411 V NAVD    : Navsens::setGNSSLocation
07-24 23:50:23.815  2645  3891 I mediasdk_omx: mfx_omx_vdec_component: FillThisBuffer(0xf2321f50) nAllocLen 12
07-24 23:50:23.815  2645  3891 I mediasdk_omx: mfx_omx_srf_pool: ANWbuffer 0xf1f18be8, gralloc handle 0xf1f03e00, fence 38
07-24 23:50:23.815  2411  2411 V NAVD    : Navsens::updateGnssHnrLocation
07-24 23:50:23.816  2376  2376 V AI_NAV  : $HRL_1C3EF2000000000000000000E27500001C3EF20000000000E30700020000000000000000030000000300000000750000000000000000000000000000000000000000000000007AC4000000000000000000000000000000009A99CC4200000000000000000000000000000000551ABD1B00000000000000000000000000000000000000000000000067010000E2750000
07-24 23:50:23.816  2376  2376 D AI_NAV  : GNSSHighRateLocation: {.mTimestamp = 15875612, .mGpsTow = 0, .mUTCTime = {.timestamp = 15875612, .year = 2019, .month = 0, .day = 2, .hour = 0, .minute = 0, .second = 0, .ms = 0, .scale = GNSS_TIME_SCALE_UTC, .leapSeconds = 0, .validityBits = 3}, .mDRSource = GNSS_NO_DR, .mFixType = _NO, .mLatitude = 0.000000, .mLongitude = 0.000000, .mHeightEllipsoid = 0.000000, .mHeightMSL = -1000.000000, .mGroundSpeed = 0.000000, .mSpeed = 0.000000, .mHeadingMotion = 0.000000, .mHeadingVehicle = 0.000000, .mHorizontalAccuracy = 102.300003, .mVerticalAccuracy = 0.000000, .mSpeedAccuracy = 0.000000, .mHeadingAccuracy = 0.000000, .mNavATT = {.iTOW = 0, .version = 85, .roll = 0, .pitch = 0, .heading = 0, .accRoll = 0, .accPitch = 0, .accHeading = 0}, .mValidityBits = 359}
07-24 23:50:23.816  2376  2376 D AI_NAV  : INVALID GNSS T 15875612
07-24 23:50:23.831  2426  2426 W BufferLayer: [SurfaceView - com.gm.gal/com.gm.gal.hmi.activity.MainActivity#0] Timestamp 78824042000000 seems implausible relative to expectedPresent 15875643793234
07-24 23:50:23.832  2412  2875 D CoLibry : [MSG]@15875633 (2412.32767): T[2]HSU(30B) fq 104300, fs -6, hwQ 102, pQ 0, afQ 0 trdAfQ 0, mp 101, ofs 0, adj 96, bw 55, dev 24, stp 0, ant 1, fs1 -99, fs2 -99, hl 5EECB57
07-24 23:50:23.840  2411  2411 V NAVD    : CGMIPCMsgSplitter::handleData: len: 7, consumedBytes: 0
07-24 23:50:23.841  2411  2411 V NAVD    : CGMIPCMsgSplitter::handleData: Msg Tag :12 SubTag :0 Length; 1
07-24 23:50:23.841  2411  2411 V NAVD    : CGMIPCMsgSplitter : GearInfo
07-24 23:50:23.841  2411  2411 V NAVD    : TCPTOGENIVI::raw  gear ipc values:GearInfo:0
07-24 23:50:23.841  2411  2411 V NAVD    : TCPTOGENIVI::gear ipc values:GearInfo:D
07-24 23:50:23.841  2411  2411 V NAVD    : CARPLAYDATACONSTRUCTOR onData : transmissionstate recv
07-24 23:50:23.841  2411  2411 V NAVD    : CGMIPCMsgSplitter::handleData: len: 14, consumedBytes: 0
07-24 23:50:23.841  2411  2411 V NAVD    : CGMIPCMsgSplitter::handleData: Msg Tag :2 SubTag :15 Length; 10
07-24 23:50:23.841  2411  2411 E NAVD    : CGMIPCMsgSplitter counterVal 44924 
07-24 23:50:23.842  2411  2411 V NAVD    : CGMIPCMsgSplitter::handleData: len: 14, consumedBytes: 0
07-24 23:50:23.842  2411  2411 V NAVD    : CGMIPCMsgSplitter::handleData: Msg Tag :2 SubTag :15 Length; 10
07-24 23:50:23.842  2411  2411 E NAVD    : CGMIPCMsgSplitter counterVal 44925 
07-24 23:50:23.849  2645  3891 I mediasdk_omx: mfx_omx_vdec_component: EmptyThisBuffer(0xf2321b40) nTimeStamp 78824077000, nFilledLen 18041, nFlags 0x10
07-24 23:50:23.849  2645  3138 I mediasdk_omx: mfx_omx_vdec_component: DecodeFrameAsync+ DataLength 18041, DataOffset 0
07-24 23:50:23.850  2645  3138 I mediasdk_omx: mfx_omx_vdec_component: DecodeFrameAsync- sts 2, output surface 0x0, DataLength 18041, DataOffset 0
07-24 23:50:23.850  2645  3138 I mediasdk_omx: mfx_omx_vdec_component: DecodeFrameAsync+ DataLength 18041, DataOffset 0
07-24 23:50:23.851  2645  3138 I mediasdk_omx: mfx_omx_vdec_component: DecodeFrameAsync- sts 0, output surface 0xf2353548, DataLength 0, DataOffset 18041
07-24 23:50:23.851  2645  3138 I mediasdk_omx: mfx_omx_vdec_component: pOutSurface, CropW: 1920, CropH: 1080, Width: 1920, Height: 1088, TimeStamp: 78824077000
07-24 23:50:23.851  2645  3139 I mediasdk_omx: mfx_omx_vdec_component: SyncOperation+
07-24 23:50:23.851  2645  3139 I mediasdk_omx: mfx_omx_vdec_component: SyncOperation-
07-24 23:50:23.851  2645  3138 I mediasdk_omx: mfx_omx_vdec_component: EmptyBufferDone(0xf2321b40)
07-24 23:50:23.851  2645  3139 I mediasdk_omx: mfx_omx_vdec_component: FillBufferDone(0xf2321f00) nTimeStamp 78824077000, nFilledLen 12, nFlags 0x0
07-24 23:50:23.853  2411  2411 V NAVD    : CARPLAYFREQCONTROLLER TIMEOUT--> FIRE VALUES
07-24 23:50:23.853  2411  2411 V NAVD    : genivi_to_carplay : pos recv
07-24 23:50:23.853  2411  2411 V NAVD    : genivi_to_carplay : time recv
07-24 23:50:23.853  2411  2411 V NAVD    : genivi_to_carplay : veh speed recv
07-24 23:50:23.853  2411  2411 V NAVD    : genivi_to_carplay : tx state recv
07-24 23:50:23.853  2411  2411 V NAVD    : genivi_to_carplay : GPGGA DEF Values recv
07-24 23:50:23.853  2411  2411 V NAVD    : genivi_to_carplay : GPRMC DEF Values recv
07-24 23:50:23.853  2411  2411 V NAVD    : genivi_to_carplay : PASCD DEF Values recv
07-24 23:50:23.853  2411  2411 D NAVD    : genivi_to_carplay::Carplay string : $GPGGA,000000.00,0000.000000,N,00000.000000,E,6,,,-1000,M,,M,,*59
07-24 23:50:23.853  2411  2411 D NAVD    : genivi_to_carplay::Carplay string : $GPRMC,000000.00,A,0000.000000,N,00000.000000,E,0.000,0.0000,020020,,,E*6A
07-24 23:50:23.854  2411  2411 D NAVD    : genivi_to_carplay::Carplay string : $PASCD,85823.852,C,D,0,1,0.00,0.000*7A
07-24 23:50:23.853  2645  3891 I mediasdk_omx: mfx_omx_vdec_component: FillThisBuffer(0xf2321e10) nAllocLen 12
07-24 23:50:23.854  2411  2411 D NAVD    : Gnss::updateNmea, NMEA size:67, data : $GPGGA,000000.00,0000.000000,N,00000.000000,E,6,,,-1000,M,,M,,*59
07-24 23:50:23.854  2411  2411 D NAVD    : , timestamp : 1564012223853
07-24 23:50:23.854  2645  3891 I mediasdk_omx: mfx_omx_srf_pool: ANWbuffer 0xf1f18e68, gralloc handle 0xf1f04260, fence 38
07-24 23:50:23.854  2411  2411 D NAVD    : Gnss::updateNmea, NMEA size:76, data : $GPRMC,000000.00,A,0000.000000,N,00000.000000,E,0.000,0.0000,020020,,,E*6A
07-24 23:50:23.854  2411  2411 D NAVD    : , timestamp : 1564012223853
07-24 23:50:23.854  2411  2411 D NAVD    : Gnss::updateNmea, NMEA size:40, data : $PASCD,85823.852,C,D,0,1,0.00,0.000*7A
07-24 23:50:23.854  2411  2411 D NAVD    : , timestamp : 1564012223854
07-24 23:50:23.864  2426  2426 W BufferLayer: [SurfaceView - com.gm.gal/com.gm.gal.hmi.activity.MainActivity#0] Timestamp 78824077000000 seems implausible relative to expectedPresent 15875677120312
07-24 23:50:23.869  2412  2875 D CoLibry : [MSG]@15875670 (2412.32767): T[2]HSU(30B) fq 101700, fs -7, hwQ 97, pQ 0, afQ 0 trdAfQ 0, mp 91, ofs 0, adj 97, bw 55, dev 23, stp 0, ant 1, fs1 -99, fs2 -99, hl 5EECB57
07-24 23:50:23.885  2645  3891 I mediasdk_omx: mfx_omx_vdec_component: EmptyThisBuffer(0xf2321cd0) nTimeStamp 78824114000, nFilledLen 22531, nFlags 0x10
07-24 23:50:23.885  2645  3138 I mediasdk_omx: mfx_omx_vdec_component: DecodeFrameAsync+ DataLength 22531, DataOffset 0
07-24 23:50:23.885  2645  3138 I mediasdk_omx: mfx_omx_vdec_component: DecodeFrameAsync- sts 2, output surface 0x0, DataLength 22531, DataOffset 0
07-24 23:50:23.886  2645  3138 I mediasdk_omx: mfx_omx_vdec_component: DecodeFrameAsync+ DataLength 22531, DataOffset 0
07-24 23:50:23.886  2645  3138 I mediasdk_omx: mfx_omx_vdec_component: DecodeFrameAsync- sts 0, output surface 0xee345548, DataLength 0, DataOffset 22531
07-24 23:50:23.886  2645  3138 I mediasdk_omx: mfx_omx_vdec_component: pOutSurface, CropW: 1920, CropH: 1080, Width: 1920, Height: 1088, TimeStamp: 78824114000
07-24 23:50:23.886  2645  3139 I mediasdk_omx: mfx_omx_vdec_component: SyncOperation+
07-24 23:50:23.886  2645  3139 I mediasdk_omx: mfx_omx_vdec_component: SyncOperation-
07-24 23:50:23.886  2645  3139 I mediasdk_omx: mfx_omx_vdec_component: FillBufferDone(0xf1f11960) nTimeStamp 78824114000, nFilledLen 12, nFlags 0x0
07-24 23:50:23.886  2645  3138 I mediasdk_omx: mfx_omx_vdec_component: EmptyBufferDone(0xf2321cd0)
07-24 23:50:23.888  2645  3891 I mediasdk_omx: mfx_omx_vdec_component: FillThisBuffer(0xf2321fa0) nAllocLen 12
07-24 23:50:23.888  2645  3891 I mediasdk_omx: mfx_omx_srf_pool: ANWbuffer 0xf1f18468, gralloc handle 0xf1f03c40, fence 38
07-24 23:50:23.890  2411  2411 V NAVD    : CGMIPCMsgSplitter::handleData: len: 14, consumedBytes: 0
07-24 23:50:23.890  2411  2411 V NAVD    : CGMIPCMsgSplitter::handleData: Msg Tag :2 SubTag :15 Length; 10
07-24 23:50:23.890  2411  2411 E NAVD    : CGMIPCMsgSplitter counterVal 44926 
07-24 23:50:23.891  2411  2411 V NAVD    : CGMIPCMsgSplitter::handleData: len: 14, consumedBytes: 0
07-24 23:50:23.891  2411  2411 V NAVD    : CGMIPCMsgSplitter::handleData: Msg Tag :2 SubTag :15 Length; 10
07-24 23:50:23.891  2411  2411 E NAVD    : CGMIPCMsgSplitter counterVal 44927 
07-24 23:50:23.897  2426  2426 W BufferLayer: [SurfaceView - com.gm.gal/com.gm.gal.hmi.activity.MainActivity#0] Timestamp 78824114000000 seems implausible relative to expectedPresent 15875710457412
07-24 23:50:23.905  2412  2875 D CoLibry : [MSG]@15875706 (2412.32767): T[2]HSU(30B) fq 101500, fs -6, hwQ 143, pQ 0, afQ 0 trdAfQ 0, mp 86, ofs 0, adj 85, bw 55, dev 25, stp 0, ant 1, fs1 -99, fs2 -99, hl 5EECB57
07-24 23:50:23.910  2406  2501 I [PLSS]PMSvc: got unchanged system state: 5
07-24 23:50:23.911  2402  2475 E ThermalHal:  wait_for_device: waiting for /dev/cbc-diagnosis
07-24 23:50:23.911  2402  2476 E ThermalHal:  wait_for_device: waiting for /dev/cbc-diagnosis
07-24 23:50:23.916  2407  2485 E pal_tod : [TOD:IMPL] ParseMessage:[PalTodBridge.cpp:437] Wrong RTC packet size.
07-24 23:50:23.918  2411  2411 V NAVD    : CGMIPCMsgSplitter::handleData: len: 30, consumedBytes: 0
07-24 23:50:23.918  2411  2411 V NAVD    : CGMIPCMsgSplitter::handleData: Msg Tag :19 SubTag :0 Length; 26
07-24 23:50:23.918  2411  2411 V NAVD    : CGMIPCMsgSplitter : Ext Position
07-24 23:50:23.918  2411  2411 V NAVD    : TCPTOGENIVI::raw  pos ipc values:latitude:0 longitude:0, height:-10000, heading:0 velocity :0 pDop :1023
07-24 23:50:23.918  2411  2411 V NAVD    : TCPTOGENIVI::raw  time ipc values:Date :20190102 Time :0
07-24 23:50:23.918  2411  2411 V NAVD    : TCPTOGENIVI::pos ipc values:latitude:0.000000 longitude:0.000000, height:-1000.000000, heading:0.000000 velocity :0.000000 pDop :0.000000
07-24 23:50:23.918  2411  2411 V NAVD    : TCPTOGENIVI::time ipc values:Year :2019 Month :0 Day :2 Hour :0 Minutes :0 Seconds :0
07-24 23:50:23.918  2411  2411 V NAVD    : CARPLAYDATACONSTRUCTOR onData : pos recv
07-24 23:50:23.918  2411  2411 V NAVD    : CARPLAYDATACONSTRUCTOR onData : time recv
07-24 23:50:23.918  2411  2411 V NAVD    : CARPLAYDATACONSTRUCTOR onData : speed recv
07-24 23:50:23.918  2411  2411 V NAVD    : CARPLAYFREQCONTROLLER onData :ALL CARPLAY DATA RECIEVED
07-24 23:50:23.918  2411  2411 V NAVD    : TCPTOGNSSHAL::raw  pos ipc values:latitude:0 longitude:0, height:-10000, heading:0 velocity :0 pDop :1023
07-24 23:50:23.918  2411  2411 V NAVD    : TCPTOGNSSHAL::raw  time ipc values:Date :20190102 Time :0
07-24 23:50:23.918  2411  2411 V NAVD    : TCPTOGNSSHAL::time ipc values:Year :2019 Month :0 Day :2 Hour :0 Minutes :0 Seconds :0
07-24 23:50:23.918  2411  2411 V NAVD    : TCPTOGNSSHAL::pos ipc values:latitude:0.000000 longitude:0.000000, height:-1000.000000, heading:0.000000 velocity :0.000000
07-24 23:50:23.918  2411  2411 V NAVD    : TCPTOGNSSHAL::time ipc values:Year :119 Month :0 Day :2 Hour :0 Minutes :0 Seconds :0
07-24 23:50:23.918  2411  2411 V NAVD    : TCPTOGNSSHAL::epoch time ipc values:epochtime :1546387200000 
07-24 23:50:23.918  2411  2411 D NAVD    : Gnss::updateGnssLocation : latitude : 0.000000, longitude : 0.000000, altitudeMeters : -1000.000000, speedMeters : 0.000000, bearingDegrees : 0.000000
07-24 23:50:23.918  2411  2411 D NAVD    : Gnss::updateGnssLocation : horizontalAccuracyMeters : 102.300003, verticalAccuracyMeters : 0.000000, speedAccuracyMetersPerSecond : 0.000000, bearingAccuracyDegrees : 0.000000
07-24 23:50:23.918  2411  2411 D NAVD    : Gnss::updateGnssLocation : Time:1546387200000, gnssLocationFlags : 31
07-24 23:50:23.920  3044  3942 I GnssLocationProvider: WakeLock acquired by sendMessage(REPORT_LOCATION, 1, Location[gps 0.000000,0.000000 hAcc=102 et=?!? alt=-1000.0 vel=0.0 bear=0.0 vAcc=??? sAcc=??? bAcc=???])
07-24 23:50:23.920  2411  2411 V NAVD    : TCPTONAVSENSHAL::raw  pos ipc values:latitude:0 longitude:0, height:-10000, heading:0 velocity :0 pDop :1023
07-24 23:50:23.920  2411  2411 V NAVD    : TCPTONAVSENSHAL::raw  time ipc values:Date :20190102 Time :0
07-24 23:50:23.920  2411  2411 V NAVD    : TCPTONAVSENSHAL::pos ipc values:latitude:0.000000 longitude:0.000000, height:-1000.000000, heading:0.000000 velocity :0.000000 pdop :102.300003
07-24 23:50:23.920  2411  2411 V NAVD    : TCPTONAVSENSHAL::time ipc values:Year :2019 Month :0 Day :2 Hour :0 Minutes :0 Seconds :0
07-24 23:50:23.920  2411  2411 V NAVD    : Navsens::setGNSSTime: Time - 15875719
07-24 23:50:23.920  3044  3063 I GnssLocationProvider: WakeLock released by handleMessage(REPORT_LOCATION, 1, Location[gps 0.000000,0.000000 hAcc=102 et=+4h24m35s721ms alt=-1000.0 vel=0.0 bear=0.0 vAcc=??? sAcc=??? bAcc=??? {Bundle[{satellites=0, maxCn0=0, meanCn0=0}]}])
07-24 23:50:23.920  2411  2411 V NAVD    : Navsens::setGNSSSatellites:Number of satellites - 0
07-24 23:50:23.920  2376  2376 E AI_NAV  : log_as_hex: Length too long (1312)
07-24 23:50:23.920  2376  2376 D AI_NAV  : SAT T 15875719 VIEW 0 USED 0 SNRAVG 0 SNRMIN 0 SNRMAX 0 HDOP 0 PDOP 1023 VDOP 0
07-24 23:50:23.920  2411  2411 V NAVD    : Navsens::setGNSSLocation
07-24 23:50:23.921  2411  2411 V NAVD    : Navsens::updateGnssHnrLocation
07-24 23:50:23.921  2376  2376 V AI_NAV  : $HRL_873EF2000000000000000000E2750000873EF20000000000E30700020000000000000000030000000300000000750000000000000000000000000000000000000000000000007AC4000000000000000000000000000000009A99CC4200000000000000000000000000000000551ABD1B00000000000000000000000000000000000000000000000067010000E2750000
07-24 23:50:23.921  2376  2376 D AI_NAV  : GNSSHighRateLocation: {.mTimestamp = 15875719, .mGpsTow = 0, .mUTCTime = {.timestamp = 15875719, .year = 2019, .month = 0, .day = 2, .hour = 0, .minute = 0, .second = 0, .ms = 0, .scale = GNSS_TIME_SCALE_UTC, .leapSeconds = 0, .validityBits = 3}, .mDRSource = GNSS_NO_DR, .mFixType = _NO, .mLatitude = 0.000000, .mLongitude = 0.000000, .mHeightEllipsoid = 0.000000, .mHeightMSL = -1000.000000, .mGroundSpeed = 0.000000, .mSpeed = 0.000000, .mHeadingMotion = 0.000000, .mHeadingVehicle = 0.000000, .mHorizontalAccuracy = 102.300003, .mVerticalAccuracy = 0.000000, .mSpeedAccuracy = 0.000000, .mHeadingAccuracy = 0.000000, .mNavATT = {.iTOW = 0, .version = 85, .roll = 0, .pitch = 0, .heading = 0, .accRoll = 0, .accPitch = 0, .accHeading = 0}, .mValidityBits = 359}
07-24 23:50:23.921  2376  2376 D AI_NAV  : INVALID GNSS T 15875719
07-24 23:50:23.922  2645  3891 I mediasdk_omx: mfx_omx_vdec_component: EmptyThisBuffer(0xf2321d20) nTimeStamp 78824149000, nFilledLen 33317, nFlags 0x10
07-24 23:50:23.922  2645  3138 I mediasdk_omx: mfx_omx_vdec_component: DecodeFrameAsync+ DataLength 33317, DataOffset 0
07-24 23:50:23.923  2645  3138 I mediasdk_omx: mfx_omx_vdec_component: DecodeFrameAsync- sts 2, output surface 0x0, DataLength 33317, DataOffset 0
07-24 23:50:23.923  2645  3138 I mediasdk_omx: mfx_omx_vdec_component: DecodeFrameAsync+ DataLength 33317, DataOffset 0
07-24 23:50:23.923  2645  3138 I mediasdk_omx: mfx_omx_vdec_component: DecodeFrameAsync- sts 0, output surface 0xf2353488, DataLength 0, DataOffset 33317
07-24 23:50:23.924  2645  3138 I mediasdk_omx: mfx_omx_vdec_component: pOutSurface, CropW: 1920, CropH: 1080, Width: 1920, Height: 1088, TimeStamp: 78824149000
07-24 23:50:23.924  2645  3139 I mediasdk_omx: mfx_omx_vdec_component: SyncOperation+
07-24 23:50:23.924  2645  3139 I mediasdk_omx: mfx_omx_vdec_component: SyncOperation-
07-24 23:50:23.924  2645  3139 I mediasdk_omx: mfx_omx_vdec_component: FillBufferDone(0xf1f11910) nTimeStamp 78824149000, nFilledLen 12, nFlags 0x0
07-24 23:50:23.924  2645  3138 I mediasdk_omx: mfx_omx_vdec_component: EmptyBufferDone(0xf2321d20)
07-24 23:50:23.924  3261  3667 I FSANetCommsClient: FSA: caught ioexception during InitializeSocket(): java.net.NoRouteToHostException: Host unreachable
07-24 23:50:23.924  3261  3693 I FSANetCommsClient: FSA: caught ioexception during InitializeSocket(): java.net.NoRouteToHostException: Host unreachable
07-24 23:50:23.925  2645  3891 I mediasdk_omx: mfx_omx_vdec_component: FillThisBuffer(0xf2321dc0) nAllocLen 12
07-24 23:50:23.926  2645  3891 I mediasdk_omx: mfx_omx_srf_pool: ANWbuffer 0xf1f18d28, gralloc handle 0xf1f03ee0, fence 38
07-24 23:50:23.930  2426  2426 W BufferLayer: [SurfaceView - com.gm.gal/com.gm.gal.hmi.activity.MainActivity#0] Timestamp 78824149000000 seems implausible relative to expectedPresent 15875743793914
07-24 23:50:23.940  2411  2411 V NAVD    : CGMIPCMsgSplitter::handleData: len: 7, consumedBytes: 0
07-24 23:50:23.940  2411  2411 V NAVD    : CGMIPCMsgSplitter::handleData: Msg Tag :12 SubTag :0 Length; 1
07-24 23:50:23.940  2411  2411 V NAVD    : CGMIPCMsgSplitter : GearInfo
07-24 23:50:23.940  2411  2411 V NAVD    : TCPTOGENIVI::raw  gear ipc values:GearInfo:0
07-24 23:50:23.940  2411  2411 V NAVD    : TCPTOGENIVI::gear ipc values:GearInfo:D
07-24 23:50:23.940  2411  2411 V NAVD    : CARPLAYDATACONSTRUCTOR onData : transmissionstate recv
07-24 23:50:23.941  2412  2875 D CoLibry : [MSG]@15875742 (2412.32767): T[2]HSU(30B) fq 101300, fs -6, hwQ 79, pQ 0, afQ 0 trdAfQ 0, mp 121, ofs 0, adj 94, bw 55, dev 24, stp 0, ant 1, fs1 -99, fs2 -99, hl 5EECB57
07-24 23:50:23.941  2411  2411 V NAVD    : CGMIPCMsgSplitter::handleData: len: 14, consumedBytes: 0
07-24 23:50:23.941  2411  2411 V NAVD    : CGMIPCMsgSplitter::handleData: Msg Tag :2 SubTag :15 Length; 10
07-24 23:50:23.941  2411  2411 E NAVD    : CGMIPCMsgSplitter counterVal 44928 
07-24 23:50:23.942  2411  2411 V NAVD    : CGMIPCMsgSplitter::handleData: len: 14, consumedBytes: 0
07-24 23:50:23.942  2411  2411 V NAVD    : CGMIPCMsgSplitter::handleData: Msg Tag :2 SubTag :15 Length; 10
07-24 23:50:23.942  2411  2411 E NAVD    : CGMIPCMsgSplitter counterVal 44929 
07-24 23:50:23.959  2645  3891 I mediasdk_omx: mfx_omx_vdec_component: EmptyThisBuffer(0xf2321d70) nTimeStamp 78824183000, nFilledLen 35696, nFlags 0x10
07-24 23:50:23.959  2645  3138 I mediasdk_omx: mfx_omx_vdec_component: DecodeFrameAsync+ DataLength 35696, DataOffset 0
07-24 23:50:23.959  2645  3138 I mediasdk_omx: mfx_omx_vdec_component: DecodeFrameAsync- sts 2, output surface 0x0, DataLength 35696, DataOffset 0
07-24 23:50:23.959  2645  3138 I mediasdk_omx: mfx_omx_vdec_component: DecodeFrameAsync+ DataLength 35696, DataOffset 0
07-24 23:50:23.959  2645  3138 I mediasdk_omx: mfx_omx_vdec_component: DecodeFrameAsync- sts 0, output surface 0xee345848, DataLength 0, DataOffset 35696
07-24 23:50:23.959  2645  3138 I mediasdk_omx: mfx_omx_vdec_component: pOutSurface, CropW: 1920, CropH: 1080, Width: 1920, Height: 1088, TimeStamp: 78824183000
07-24 23:50:23.959  2645  3139 I mediasdk_omx: mfx_omx_vdec_component: SyncOperation+
07-24 23:50:23.959  2645  3139 I mediasdk_omx: mfx_omx_vdec_component: SyncOperation-
07-24 23:50:23.959  2645  3138 I mediasdk_omx: mfx_omx_vdec_component: EmptyBufferDone(0xf2321d70)
07-24 23:50:23.959  2645  3139 I mediasdk_omx: mfx_omx_vdec_component: FillBufferDone(0xf2321f50) nTimeStamp 78824183000, nFilledLen 12, nFlags 0x0
07-24 23:50:23.962  2645  3891 I mediasdk_omx: mfx_omx_vdec_component: FillThisBuffer(0xf2321e60) nAllocLen 12
07-24 23:50:23.962  2645  3891 I mediasdk_omx: mfx_omx_srf_pool: ANWbuffer 0xf1f18fa8, gralloc handle 0xf1f04500, fence 38
07-24 23:50:23.964  2426  2426 W BufferLayer: [SurfaceView - com.gm.gal/com.gm.gal.hmi.activity.MainActivity#0] Timestamp 78824183000000 seems implausible relative to expectedPresent 15875777126315
07-24 23:50:23.967  5139  5139 D GALServiceManager: isGalStarted() Enter
07-24 23:50:23.967  5139  5139 D GALServiceManager: linkServiceBinder() Binder is Linked Already
07-24 23:50:23.967  5139  5139 D GALServiceManager: isGalStarted() Exit
07-24 23:50:23.967  5139  5139 D GALServiceManager: sendTouchEvent() Enter
07-24 23:50:23.967  5139  5139 D GALServiceManager: linkServiceBinder() Binder is Linked Already
07-24 23:50:23.968  5139  5139 D GALServiceManager: sendTouchEvent() Exit
07-24 23:50:23.968  5139  5139 D GALServiceManager: isGalStarted() Enter
07-24 23:50:23.968  5139  5139 D GALServiceManager: linkServiceBinder() Binder is Linked Already
07-24 23:50:23.968  5139  5139 D GALServiceManager: isGalStarted() Exit
07-24 23:50:23.968  5139  5139 D GALServiceManager: sendTouchEvent() Enter
07-24 23:50:23.968  5139  5139 D GALServiceManager: linkServiceBinder() Binder is Linked Already
07-24 23:50:23.969  5139  5139 D GALServiceManager: sendTouchEvent() Exit
07-24 23:50:23.977  2412  2875 D CoLibry : [MSG]@15875778 (2412.32767): T[2]HSU(30B) fq 101100, fs -6, hwQ 77, pQ 0, afQ 0 trdAfQ 0, mp 122, ofs -1000, adj 93, bw 55, dev 24, stp 0, ant 1, fs1 -99, fs2 -99, hl 5EECB57
07-24 23:50:23.977  3296  3296 D CarPlay_PlayerManager: onCinemoEvent(): CINEMO_EC_GRAPH_STATUS
07-24 23:50:23.990  2411  2411 V NAVD    : CGMIPCMsgSplitter::handleData: len: 14, consumedBytes: 0
07-24 23:50:23.990  2411  2411 V NAVD    : CGMIPCMsgSplitter::handleData: Msg Tag :2 SubTag :15 Length; 10
07-24 23:50:23.990  2411  2411 E NAVD    : CGMIPCMsgSplitter counterVal 44930 
07-24 23:50:23.991  2411  2411 V NAVD    : CGMIPCMsgSplitter::handleData: len: 14, consumedBytes: 0
07-24 23:50:23.991  2411  2411 V NAVD    : CGMIPCMsgSplitter::handleData: Msg Tag :2 SubTag :15 Length; 10
07-24 23:50:23.991  2411  2411 E NAVD    : CGMIPCMsgSplitter counterVal 44931 
07-24 23:50:23.995  2645  3891 I mediasdk_omx: mfx_omx_vdec_component: EmptyThisBuffer(0xf2321b40) nTimeStamp 78824218000, nFilledLen 52026, nFlags 0x10
07-24 23:50:23.995  2645  3138 I mediasdk_omx: mfx_omx_vdec_component: DecodeFrameAsync+ DataLength 52026, DataOffset 0
07-24 23:50:23.995  2645  3138 I mediasdk_omx: mfx_omx_vdec_component: DecodeFrameAsync- sts 2, output surface 0x0, DataLength 52026, DataOffset 0
07-24 23:50:23.995  2645  3138 I mediasdk_omx: mfx_omx_vdec_component: DecodeFrameAsync+ DataLength 52026, DataOffset 0
07-24 23:50:23.996  2645  3138 I mediasdk_omx: mfx_omx_vdec_component: DecodeFrameAsync- sts 0, output surface 0xee345488, DataLength 0, DataOffset 52026
07-24 23:50:23.996  2645  3138 I mediasdk_omx: mfx_omx_vdec_component: pOutSurface, CropW: 1920, CropH: 1080, Width: 1920, Height: 1088, TimeStamp: 78824218000
07-24 23:50:23.997  2645  3139 I mediasdk_omx: mfx_omx_vdec_component: SyncOperation+
07-24 23:50:23.997  2645  3139 I mediasdk_omx: mfx_omx_vdec_component: SyncOperation-
07-24 23:50:23.997  2645  3138 I mediasdk_omx: mfx_omx_vdec_component: EmptyBufferDone(0xf2321b40)
07-24 23:50:23.997  2645  3139 I mediasdk_omx: mfx_omx_vdec_component: FillBufferDone(0xf2321e10) nTimeStamp 78824218000, nFilledLen 12, nFlags 0x0
07-24 23:50:23.998  2645  3891 I mediasdk_omx: mfx_omx_vdec_component: FillThisBuffer(0xf2321f00) nAllocLen 12
07-24 23:50:23.998  2645  3891 I mediasdk_omx: mfx_omx_srf_pool: ANWbuffer 0xf1f190e8, gralloc handle 0xf1f045e0, fence 38
07-24 23:50:24.000  5139  5139 D GALServiceManager: isGalStarted() Enter
07-24 23:50:24.000  5139  5139 D GALServiceManager: linkServiceBinder() Binder is Linked Already
07-24 23:50:24.000  5139  5139 D GALServiceManager: isGalStarted() Exit
07-24 23:50:24.000  5139  5139 D GALServiceManager: sendTouchEvent() Enter
07-24 23:50:24.000  5139  5139 D GALServiceManager: linkServiceBinder() Binder is Linked Already
07-24 23:50:24.000  5139  5139 D GALServiceManager: sendTouchEvent() Exit
07-24 23:50:24.005  6330  6330 I top     : type=1400 audit(0.0:278026): avc: denied { getattr } for path="/proc/1" dev="proc" ino=10196 scontext=u:r:gmloggerd:s0 tcontext=u:r:init:s0 tclass=dir permissive=1
07-24 23:50:24.009  3354  3501 D CarDrivingState: Property Changed: propId=291504647
07-24 23:50:24.007  6330  6330 I top     : type=1400 audit(0.0:278027): avc: denied { search } for name="1" dev="proc" ino=10196 scontext=u:r:gmloggerd:s0 tcontext=u:r:init:s0 tclass=dir permissive=1
07-24 23:50:24.011  2411  2411 V NAVD    : CGMIPCMsgSplitter::handleData: len: 30, consumedBytes: 0
07-24 23:50:24.011  2411  2411 V NAVD    : CGMIPCMsgSplitter::handleData: Msg Tag :19 SubTag :0 Length; 26
07-24 23:50:24.011  2411  2411 V NAVD    : CGMIPCMsgSplitter : Ext Position
07-24 23:50:24.011  2411  2411 V NAVD    : TCPTOGENIVI::raw  pos ipc values:latitude:0 longitude:0, height:-10000, heading:0 velocity :0 pDop :1023
07-24 23:50:24.011  2411  2411 V NAVD    : TCPTOGENIVI::raw  time ipc values:Date :20190102 Time :0
07-24 23:50:24.011  2411  2411 V NAVD    : TCPTOGENIVI::pos ipc values:latitude:0.000000 longitude:0.000000, height:-1000.000000, heading:0.000000 velocity :0.000000 pDop :0.000000
07-24 23:50:24.011  2411  2411 V NAVD    : TCPTOGENIVI::time ipc values:Year :2019 Month :0 Day :2 Hour :0 Minutes :0 Seconds :0
07-24 23:50:24.011  2411  2411 V NAVD    : CARPLAYDATACONSTRUCTOR onData : pos recv
07-24 23:50:24.011  2411  2411 V NAVD    : CARPLAYDATACONSTRUCTOR onData : time recv
07-24 23:50:24.011  2411  2411 V NAVD    : CARPLAYDATACONSTRUCTOR onData : speed recv
07-24 23:50:24.011  2411  2411 V NAVD    : CARPLAYFREQCONTROLLER onData :ALL CARPLAY DATA RECIEVED
07-24 23:50:24.011  2411  2411 V NAVD    : TCPTOGNSSHAL::raw  pos ipc values:latitude:0 longitude:0, height:-10000, heading:0 velocity :0 pDop :1023
07-24 23:50:24.011  2411  2411 V NAVD    : TCPTOGNSSHAL::raw  time ipc values:Date :20190102 Time :0
07-24 23:50:24.011  2411  2411 V NAVD    : TCPTOGNSSHAL::time ipc values:Year :2019 Month :0 Day :2 Hour :0 Minutes :0 Seconds :0
07-24 23:50:24.011  2411  2411 V NAVD    : TCPTOGNSSHAL::pos ipc values:latitude:0.000000 longitude:0.000000, height:-1000.000000, heading:0.000000 velocity :0.000000
07-24 23:50:24.011  2411  2411 V NAVD    : TCPTOGNSSHAL::time ipc values:Year :119 Month :0 Day :2 Hour :0 Minutes :0 Seconds :0
07-24 23:50:24.011  2411  2411 V NAVD    : TCPTOGNSSHAL::epoch time ipc values:epochtime :1546387200000 
07-24 23:50:24.011  2411  2411 D NAVD    : Gnss::updateGnssLocation : latitude : 0.000000, longitude : 0.000000, altitudeMeters : -1000.000000, speedMeters : 0.000000, bearingDegrees : 0.000000
07-24 23:50:24.011  2411  2411 D NAVD    : Gnss::updateGnssLocation : horizontalAccuracyMeters : 102.300003, verticalAccuracyMeters : 0.000000, speedAccuracyMetersPerSecond : 0.000000, bearingAccuracyDegrees : 0.000000
07-24 23:50:24.011  2411  2411 D NAVD    : Gnss::updateGnssLocation : Time:1546387200000, gnssLocationFlags : 31
07-24 23:50:24.014  2426  2426 W BufferLayer: [SurfaceView - com.gm.gal/com.gm.gal.hmi.activity.MainActivity#0] Timestamp 78824218000000 seems implausible relative to expectedPresent 15875827135459
07-24 23:50:24.015  2412  2875 D CoLibry : [MSG]@15875816 (2412.32767): T[2]HSU(30B) fq 91900, fs -8, hwQ 49, pQ 0, afQ 0 trdAfQ 0, mp 138, ofs 0, adj 90, bw 55, dev 25, stp 0, ant 1, fs1 -99, fs2 -99, hl 5EECB57
07-24 23:50:24.016  3044  3942 I GnssLocationProvider: WakeLock acquired by sendMessage(REPORT_LOCATION, 1, Location[gps 0.000000,0.000000 hAcc=102 et=?!? alt=-1000.0 vel=0.0 bear=0.0 vAcc=??? sAcc=??? bAcc=???])
07-24 23:50:24.016  5139  5139 D GALServiceManager: isGalStarted() Enter
07-24 23:50:24.016  5139  5139 D GALServiceManager: linkServiceBinder() Binder is Linked Already
07-24 23:50:24.017  5139  5139 D GALServiceManager: isGalStarted() Exit
07-24 23:50:24.017  5139  5139 D GALServiceManager: sendTouchEvent() Enter
07-24 23:50:24.017  5139  5139 D GALServiceManager: linkServiceBinder() Binder is Linked Already
07-24 23:50:24.017  2411  2411 V NAVD    : TCPTONAVSENSHAL::raw  pos ipc values:latitude:0 longitude:0, height:-10000, heading:0 velocity :0 pDop :1023
07-24 23:50:24.017  2411  2411 V NAVD    : TCPTONAVSENSHAL::raw  time ipc values:Date :20190102 Time :0
07-24 23:50:24.020  6330  6330 I top     : type=1400 audit(0.0:278028): avc: denied { getattr } for path="/proc/1531" dev="proc" ino=10208 scontext=u:r:gmloggerd:s0 tcontext=u:r:ueventd:s0 tclass=dir permissive=1
07-24 23:50:24.017  2411  2411 V NAVD    : TCPTONAVSENSHAL::pos ipc values:latitude:0.000000 longitude:0.000000, height:-1000.000000, heading:0.000000 velocity :0.000000 pdop :102.300003
07-24 23:50:24.017  2411  2411 V NAVD    : TCPTONAVSENSHAL::time ipc values:Year :2019 Month :0 Day :2 Hour :0 Minutes :0 Seconds :0
07-24 23:50:24.017  2411  2411 V NAVD    : Navsens::setGNSSTime: Time - 15875812
07-24 23:50:24.017  5139  5139 D GALServiceManager: sendTouchEvent() Exit
07-24 23:50:24.017  2411  2411 V NAVD    : Navsens::setGNSSSatellites:Number of satellites - 0
07-24 23:50:24.021  6330  6330 I top     : type=1400 audit(0.0:278029): avc: denied { search } for name="1531" dev="proc" ino=10208 scontext=u:r:gmloggerd:s0 tcontext=u:r:ueventd:s0 tclass=dir permissive=1
07-24 23:50:24.018  2376  2376 E AI_NAV  : log_as_hex: Length too long (1312)
07-24 23:50:24.018  2376  2376 D AI_NAV  : SAT T 15875812 VIEW 0 USED 0 SNRAVG 0 SNRMIN 0 SNRMAX 0 HDOP 0 PDOP 1023 VDOP 0
07-24 23:50:24.018  2411  2411 V NAVD    : Navsens::setGNSSLocation
07-24 23:50:24.024  6330  6330 I top     : type=1400 audit(0.0:278030): avc: denied { read } for name="stat" dev="proc" ino=1982755 scontext=u:r:gmloggerd:s0 tcontext=u:r:su:s0 tclass=file permissive=1
07-24 23:50:24.018  2411  2411 V NAVD    : Navsens::updateGnssHnrLocation
07-24 23:50:24.019  2376  2376 V AI_NAV  : $HRL_E43EF2000000000000000000E2750000E43EF20000000000E30700020000000000000000030000000300000000750000000000000000000000000000000000000000000000007AC4000000000000000000000000000000009A99CC4200000000000000000000000000000000551ABD1B00000000000000000000000000000000000000000000000067010000E2750000
