07-24 23:50:22.279  2412  2875 D CoLibry : [MSG]@15874080 (2412.32767): T[2]HSU(30B) fq 99300, fs -7, hwQ 57, pQ 0, afQ 0 trdAfQ 0, mp 132, ofs 0, adj 97, bw 55, dev 24, stp 0, ant 1, fs1 -99, fs2 -99, hl 5EECB57
07-24 23:50:22.282  3044  3190 W BestClock: java.time.DateTimeException: Missing NTP fix
07-24 23:50:22.289  3044  3190 W BestClock: java.time.DateTimeException: Missing NTP fix
07-24 23:50:22.290  2645  2645 I mediasdk_omx: mfx_omx_vdec_component: EmptyThisBuffer(0xf2321b40) nTimeStamp 78822484000, nFilledLen 152651, nFlags 0x10
07-24 23:50:22.290  2645  3138 I mediasdk_omx: mfx_omx_vdec_component: DecodeFrameAsync+ DataLength 152651, DataOffset 0
07-24 23:50:22.290  2411  2411 V NAVD    : CGMIPCMsgSplitter::handleData: len: 14, consumedBytes: 0
07-24 23:50:22.290  2411  2411 V NAVD    : CGMIPCMsgSplitter::handleData: Msg Tag :2 SubTag :15 Length; 10
07-24 23:50:22.290  2411  2411 E NAVD    : CGMIPCMsgSplitter counterVal 44862 
07-24 23:50:22.290  2645  3138 I mediasdk_omx: mfx_omx_vdec_component: DecodeFrameAsync- sts 2, output surface 0x0, DataLength 152651, DataOffset 0
07-24 23:50:22.290  2645  3138 I mediasdk_omx: mfx_omx_vdec_component: DecodeFrameAsync+ DataLength 152651, DataOffset 0
07-24 23:50:22.291  2411  2411 V NAVD    : CGMIPCMsgSplitter::handleData: len: 14, consumedBytes: 0
07-24 23:50:22.291  2411  2411 V NAVD    : CGMIPCMsgSplitter::handleData: Msg Tag :2 SubTag :15 Length; 10
07-24 23:50:22.291  2411  2411 E NAVD    : CGMIPCMsgSplitter counterVal 44863 
07-24 23:50:22.292  3044  3192 W BestClock: java.time.DateTimeException: Missing NTP fix
07-24 23:50:22.292  2645  3138 I mediasdk_omx: mfx_omx_vdec_component: DecodeFrameAsync- sts 0, output surface 0xf2353548, DataLength 0, DataOffset 152651
07-24 23:50:22.292  2645  3138 I mediasdk_omx: mfx_omx_vdec_component: pOutSurface, CropW: 1920, CropH: 1080, Width: 1920, Height: 1088, TimeStamp: 78822484000
07-24 23:50:22.292  2645  3139 I mediasdk_omx: mfx_omx_vdec_component: SyncOperation+
07-24 23:50:22.292  2645  3139 I mediasdk_omx: mfx_omx_vdec_component: SyncOperation-
07-24 23:50:22.292  2645  3139 I mediasdk_omx: mfx_omx_vdec_component: FillBufferDone(0xf2321f00) nTimeStamp 78822484000, nFilledLen 12, nFlags 0x0
07-24 23:50:22.292  2645  3138 I mediasdk_omx: mfx_omx_vdec_component: EmptyBufferDone(0xf2321b40)
07-24 23:50:22.294  2645  2645 I mediasdk_omx: mfx_omx_vdec_component: FillThisBuffer(0xf2321e10) nAllocLen 12
07-24 23:50:22.294  2645  2645 I mediasdk_omx: mfx_omx_srf_pool: ANWbuffer 0xf1f18e68, gralloc handle 0xf1f04260, fence 38
07-24 23:50:22.297  2426  2426 W BufferLayer: [SurfaceView - com.gm.gal/com.gm.gal.hmi.activity.MainActivity#0] Timestamp 78822484000000 seems implausible relative to expectedPresent 15874110380038
07-24 23:50:22.310  2411  2411 V NAVD    : CGMIPCMsgSplitter::handleData: len: 30, consumedBytes: 0
07-24 23:50:22.310  2411  2411 V NAVD    : CGMIPCMsgSplitter::handleData: Msg Tag :19 SubTag :0 Length; 26
07-24 23:50:22.310  2411  2411 V NAVD    : CGMIPCMsgSplitter : Ext Position
07-24 23:50:22.310  2411  2411 V NAVD    : TCPTOGENIVI::raw  pos ipc values:latitude:0 longitude:0, height:-10000, heading:0 velocity :0 pDop :1023
07-24 23:50:22.310  2411  2411 V NAVD    : TCPTOGENIVI::raw  time ipc values:Date :20190102 Time :0
07-24 23:50:22.310  2411  2411 V NAVD    : TCPTOGENIVI::pos ipc values:latitude:0.000000 longitude:0.000000, height:-1000.000000, heading:0.000000 velocity :0.000000 pDop :0.000000
07-24 23:50:22.311  2411  2411 V NAVD    : TCPTOGENIVI::time ipc values:Year :2019 Month :0 Day :2 Hour :0 Minutes :0 Seconds :0
07-24 23:50:22.311  2411  2411 V NAVD    : CARPLAYDATACONSTRUCTOR onData : pos recv
07-24 23:50:22.311  2411  2411 V NAVD    : CARPLAYDATACONSTRUCTOR onData : time recv
07-24 23:50:22.311  2411  2411 V NAVD    : CARPLAYDATACONSTRUCTOR onData : speed recv
07-24 23:50:22.311  2411  2411 V NAVD    : CARPLAYFREQCONTROLLER onData :ALL CARPLAY DATA RECIEVED
07-24 23:50:22.311  2411  2411 V NAVD    : TCPTOGNSSHAL::raw  pos ipc values:latitude:0 longitude:0, height:-10000, heading:0 velocity :0 pDop :1023
07-24 23:50:22.311  2411  2411 V NAVD    : TCPTOGNSSHAL::raw  time ipc values:Date :20190102 Time :0
07-24 23:50:22.311  2411  2411 V NAVD    : TCPTOGNSSHAL::time ipc values:Year :2019 Month :0 Day :2 Hour :0 Minutes :0 Seconds :0
07-24 23:50:22.311  2411  2411 V NAVD    : TCPTOGNSSHAL::pos ipc values:latitude:0.000000 longitude:0.000000, height:-1000.000000, heading:0.000000 velocity :0.000000
07-24 23:50:22.311  2411  2411 V NAVD    : TCPTOGNSSHAL::time ipc values:Year :119 Month :0 Day :2 Hour :0 Minutes :0 Seconds :0
07-24 23:50:22.311  2411  2411 V NAVD    : TCPTOGNSSHAL::epoch time ipc values:epochtime :1546387200000 
07-24 23:50:22.311  2411  2411 D NAVD    : Gnss::updateGnssLocation : latitude : 0.000000, longitude : 0.000000, altitudeMeters : -1000.000000, speedMeters : 0.000000, bearingDegrees : 0.000000
07-24 23:50:22.311  2411  2411 D NAVD    : Gnss::updateGnssLocation : horizontalAccuracyMeters : 102.300003, verticalAccuracyMeters : 0.000000, speedAccuracyMetersPerSecond : 0.000000, bearingAccuracyDegrees : 0.000000
07-24 23:50:22.311  2411  2411 D NAVD    : Gnss::updateGnssLocation : Time:1546387200000, gnssLocationFlags : 31
07-24 23:50:22.312  3044  3942 I GnssLocationProvider: WakeLock acquired by sendMessage(REPORT_LOCATION, 1, Location[gps 0.000000,0.000000 hAcc=102 et=?!? alt=-1000.0 vel=0.0 bear=0.0 vAcc=??? sAcc=??? bAcc=???])
07-24 23:50:22.313  3044  3063 I GnssLocationProvider: WakeLock released by handleMessage(REPORT_LOCATION, 1, Location[gps 0.000000,0.000000 hAcc=102 et=+4h24m34s114ms alt=-1000.0 vel=0.0 bear=0.0 vAcc=??? sAcc=??? bAcc=??? {Bundle[{satellites=0, maxCn0=0, meanCn0=0}]}])
07-24 23:50:22.313  2411  2411 V NAVD    : TCPTONAVSENSHAL::raw  pos ipc values:latitude:0 longitude:0, height:-10000, heading:0 velocity :0 pDop :1023
07-24 23:50:22.313  2411  2411 V NAVD    : TCPTONAVSENSHAL::raw  time ipc values:Date :20190102 Time :0
07-24 23:50:22.313  2411  2411 V NAVD    : TCPTONAVSENSHAL::pos ipc values:latitude:0.000000 longitude:0.000000, height:-1000.000000, heading:0.000000 velocity :0.000000 pdop :102.300003
07-24 23:50:22.313  2411  2411 V NAVD    : TCPTONAVSENSHAL::time ipc values:Year :2019 Month :0 Day :2 Hour :0 Minutes :0 Seconds :0
07-24 23:50:22.313  2411  2411 V NAVD    : Navsens::setGNSSTime: Time - 15874112
07-24 23:50:22.313  2411  2411 V NAVD    : Navsens::setGNSSSatellites:Number of satellites - 0
07-24 23:50:22.313  2376  2376 E AI_NAV  : log_as_hex: Length too long (1312)
07-24 23:50:22.313  2376  2376 D AI_NAV  : SAT T 15874112 VIEW 0 USED 0 SNRAVG 0 SNRMIN 0 SNRMAX 0 HDOP 0 PDOP 1023 VDOP 0
07-24 23:50:22.314  2411  2411 V NAVD    : Navsens::setGNSSLocation
07-24 23:50:22.315  2412  2875 D CoLibry : [MSG]@15874116 (2412.32767): T[2]HSU(30B) fq 90500, fs -7, hwQ 133, pQ 0, afQ 0 trdAfQ 0, mp 94, ofs 0, adj 88, bw 55, dev 23, stp 0, ant 1, fs1 -99, fs2 -99, hl 5EECB57
07-24 23:50:22.315  2411  2411 V NAVD    : Navsens::updateGnssHnrLocation
07-24 23:50:22.315  2376  2376 V AI_NAV  : $HRL_4038F2000000000000000000E27500004038F20000000000E30700020000000000000000030000000300000000750000000000000000000000000000000000000000000000007AC4000000000000000000000000000000009A99CC4200000000000000000000000000000000551ABD1B00000000000000000000000000000000000000000000000067010000E2750000
07-24 23:50:22.315  2376  2376 D AI_NAV  : GNSSHighRateLocation: {.mTimestamp = 15874112, .mGpsTow = 0, .mUTCTime = {.timestamp = 15874112, .year = 2019, .month = 0, .day = 2, .hour = 0, .minute = 0, .second = 0, .ms = 0, .scale = GNSS_TIME_SCALE_UTC, .leapSeconds = 0, .validityBits = 3}, .mDRSource = GNSS_NO_DR, .mFixType = _NO, .mLatitude = 0.000000, .mLongitude = 0.000000, .mHeightEllipsoid = 0.000000, .mHeightMSL = -1000.000000, .mGroundSpeed = 0.000000, .mSpeed = 0.000000, .mHeadingMotion = 0.000000, .mHeadingVehicle = 0.000000, .mHorizontalAccuracy = 102.300003, .mVerticalAccuracy = 0.000000, .mSpeedAccuracy = 0.000000, .mHeadingAccuracy = 0.000000, .mNavATT = {.iTOW = 0, .version = 85, .roll = 0, .pitch = 0, .heading = 0, .accRoll = 0, .accPitch = 0, .accHeading = 0}, .mValidityBits = 359}
07-24 23:50:22.315  2376  2376 D AI_NAV  : INVALID GNSS T 15874112
07-24 23:50:22.335  2645  2645 I mediasdk_omx: mfx_omx_vdec_component: EmptyThisBuffer(0xf2321cd0) nTimeStamp 78822526000, nFilledLen 163927, nFlags 0x10
07-24 23:50:22.335  2645  3138 I mediasdk_omx: mfx_omx_vdec_component: DecodeFrameAsync+ DataLength 163927, DataOffset 0
07-24 23:50:22.335  2645  3138 I mediasdk_omx: mfx_omx_vdec_component: DecodeFrameAsync- sts 2, output surface 0x0, DataLength 163927, DataOffset 0
07-24 23:50:22.335  2645  3138 I mediasdk_omx: mfx_omx_vdec_component: DecodeFrameAsync+ DataLength 163927, DataOffset 0
07-24 23:50:22.336  2645  3138 I mediasdk_omx: mfx_omx_vdec_component: DecodeFrameAsync- sts 0, output surface 0xee345548, DataLength 0, DataOffset 163927
07-24 23:50:22.336  2645  3138 I mediasdk_omx: mfx_omx_vdec_component: pOutSurface, CropW: 1920, CropH: 1080, Width: 1920, Height: 1088, TimeStamp: 78822526000
07-24 23:50:22.336  2645  3139 I mediasdk_omx: mfx_omx_vdec_component: SyncOperation+
07-24 23:50:22.336  2645  3139 I mediasdk_omx: mfx_omx_vdec_component: SyncOperation-
07-24 23:50:22.336  2645  3139 I mediasdk_omx: mfx_omx_vdec_component: FillBufferDone(0xf1f11960) nTimeStamp 78822526000, nFilledLen 12, nFlags 0x0
07-24 23:50:22.336  2645  3138 I mediasdk_omx: mfx_omx_vdec_component: EmptyBufferDone(0xf2321cd0)
07-24 23:50:22.338  2645  2645 I mediasdk_omx: mfx_omx_vdec_component: FillThisBuffer(0xf2321fa0) nAllocLen 12
07-24 23:50:22.338  2645  2645 I mediasdk_omx: mfx_omx_srf_pool: ANWbuffer 0xf1f18468, gralloc handle 0xf1f03c40, fence 38
07-24 23:50:22.340  2411  2411 V NAVD    : CGMIPCMsgSplitter::handleData: len: 7, consumedBytes: 0
07-24 23:50:22.340  2411  2411 V NAVD    : CGMIPCMsgSplitter::handleData: Msg Tag :12 SubTag :0 Length; 1
07-24 23:50:22.340  2411  2411 V NAVD    : CGMIPCMsgSplitter : GearInfo
07-24 23:50:22.340  2411  2411 V NAVD    : TCPTOGENIVI::raw  gear ipc values:GearInfo:0
07-24 23:50:22.340  2411  2411 V NAVD    : TCPTOGENIVI::gear ipc values:GearInfo:D
07-24 23:50:22.340  2411  2411 V NAVD    : CARPLAYDATACONSTRUCTOR onData : transmissionstate recv
07-24 23:50:22.340  2411  2411 V NAVD    : CGMIPCMsgSplitter::handleData: len: 14, consumedBytes: 0
07-24 23:50:22.340  2411  2411 V NAVD    : CGMIPCMsgSplitter::handleData: Msg Tag :2 SubTag :15 Length; 10
07-24 23:50:22.340  2411  2411 E NAVD    : CGMIPCMsgSplitter counterVal 44864 
07-24 23:50:22.342  2411  2411 V NAVD    : CGMIPCMsgSplitter::handleData: len: 14, consumedBytes: 0
07-24 23:50:22.342  2411  2411 V NAVD    : CGMIPCMsgSplitter::handleData: Msg Tag :2 SubTag :15 Length; 10
07-24 23:50:22.342  2411  2411 E NAVD    : CGMIPCMsgSplitter counterVal 44865 
07-24 23:50:22.347  2426  2426 W BufferLayer: [SurfaceView - com.gm.gal/com.gm.gal.hmi.activity.MainActivity#0] Timestamp 78822526000000 seems implausible relative to expectedPresent 15874160379501
07-24 23:50:22.351  2412  2875 D CoLibry : [MSG]@15874152 (2412.32767): T[2]HSU(30B) fq 90300, fs -7, hwQ 99, pQ 0, afQ 0 trdAfQ 0, mp 111, ofs 0, adj 89, bw 55, dev 24, stp 0, ant 1, fs1 -99, fs2 -99, hl 5EECB57
07-24 23:50:22.371  3261  3532 I NonMaskableLocation: Received gnssLocationCb: {.gnssLocationFlags = HAS_LAT_LONG | HAS_ALTITUDE | HAS_SPEED | HAS_BEARING | HAS_HORIZONTAL_ACCURACY | HAS_VERTICAL_ACCURACY | HAS_SPEED_ACCURACY | HAS_BEARING_ACCURACY, .latitudeDegrees = 43.700111389160156, .longitudeDegrees = -79.41629791259766, .altitudeMeters = 76.5, .speedMetersPerSec = 0.0, .bearingDegrees = 0.0, .horizontalAccuracyMeters = 5.0, .verticalAccuracyMeters = 5.0, .speedAccuracyMetersPerSecond = 1.0, .bearingAccuracyDegrees = 90.0, .timestamp = 1559047097460}
07-24 23:50:22.371  3261  3532 I NonMaskableLocation: Received drDara: {.drType = ADR, .sequenceCount = 0, .timestamp = 0, .fixFlags = GNSS_STANDALONE, .antennaState = OK, .satsUsed = 0, .satsAvailable = 0, .shiftPosition = 0.0, .travelDistanceMeters = 0.0, .vehicleRollDegrees = 0.0, .vehiclePitchDegrees = 0.0, .relativeHeight = 0.0, .reserved1 = 0, .reserved2 = 0, .reserved3 = 0, .reserved4 = 0}
07-24 23:50:22.371  3261  3586 I NonMaskableLocation: Service Location Extras Bundle is Empty
07-24 23:50:22.371  3261  3532 I NonMaskableLocation: Received antennaStateCb: OK
07-24 23:50:22.375  2645  2645 I mediasdk_omx: mfx_omx_vdec_component: EmptyThisBuffer(0xf2321d20) nTimeStamp 78822556000, nFilledLen 129348, nFlags 0x10
07-24 23:50:22.375  2645  3138 I mediasdk_omx: mfx_omx_vdec_component: DecodeFrameAsync+ DataLength 129348, DataOffset 0
07-24 23:50:22.375  2645  3138 I mediasdk_omx: mfx_omx_vdec_component: DecodeFrameAsync- sts 2, output surface 0x0, DataLength 129348, DataOffset 0
07-24 23:50:22.375  2645  3138 I mediasdk_omx: mfx_omx_vdec_component: DecodeFrameAsync+ DataLength 129348, DataOffset 0
07-24 23:50:22.376  2645  3138 I mediasdk_omx: mfx_omx_vdec_component: DecodeFrameAsync- sts 0, output surface 0xf2353488, DataLength 0, DataOffset 129348
07-24 23:50:22.376  2645  3138 I mediasdk_omx: mfx_omx_vdec_component: pOutSurface, CropW: 1920, CropH: 1080, Width: 1920, Height: 1088, TimeStamp: 78822556000
07-24 23:50:22.376  2645  3139 I mediasdk_omx: mfx_omx_vdec_component: SyncOperation+
07-24 23:50:22.376  2645  3139 I mediasdk_omx: mfx_omx_vdec_component: SyncOperation-
07-24 23:50:22.376  2645  3139 I mediasdk_omx: mfx_omx_vdec_component: FillBufferDone(0xf1f11910) nTimeStamp 78822556000, nFilledLen 12, nFlags 0x0
07-24 23:50:22.376  2645  3138 I mediasdk_omx: mfx_omx_vdec_component: EmptyBufferDone(0xf2321d20)
07-24 23:50:22.378  2645  2645 I mediasdk_omx: mfx_omx_vdec_component: FillThisBuffer(0xf2321dc0) nAllocLen 12
07-24 23:50:22.378  2645  2645 I mediasdk_omx: mfx_omx_srf_pool: ANWbuffer 0xf1f18d28, gralloc handle 0xf1f03ee0, fence 38
07-24 23:50:22.378  2645  3891 I mediasdk_omx: mfx_omx_vdec_component: EmptyThisBuffer(0xf2321d70) nTimeStamp 78822587000, nFilledLen 12095, nFlags 0x10
07-24 23:50:22.378  2645  3138 I mediasdk_omx: mfx_omx_vdec_component: DecodeFrameAsync+ DataLength 12095, DataOffset 0
07-24 23:50:22.378  2645  3138 I mediasdk_omx: mfx_omx_vdec_component: DecodeFrameAsync- sts 2, output surface 0x0, DataLength 12095, DataOffset 0
07-24 23:50:22.378  2645  3138 I mediasdk_omx: mfx_omx_vdec_component: DecodeFrameAsync+ DataLength 12095, DataOffset 0
07-24 23:50:22.379  2645  3138 I mediasdk_omx: mfx_omx_vdec_component: DecodeFrameAsync- sts 0, output surface 0xee345848, DataLength 0, DataOffset 12095
07-24 23:50:22.379  2645  3138 I mediasdk_omx: mfx_omx_vdec_component: pOutSurface, CropW: 1920, CropH: 1080, Width: 1920, Height: 1088, TimeStamp: 78822587000
07-24 23:50:22.379  2645  3139 I mediasdk_omx: mfx_omx_vdec_component: SyncOperation+
07-24 23:50:22.379  2645  3139 I mediasdk_omx: mfx_omx_vdec_component: SyncOperation-
07-24 23:50:22.379  2645  3139 I mediasdk_omx: mfx_omx_vdec_component: FillBufferDone(0xf2321f50) nTimeStamp 78822587000, nFilledLen 12, nFlags 0x0
07-24 23:50:22.379  2645  3138 I mediasdk_omx: mfx_omx_vdec_component: EmptyBufferDone(0xf2321d70)
07-24 23:50:22.380  2426  2426 W BufferLayer: [SurfaceView - com.gm.gal/com.gm.gal.hmi.activity.MainActivity#0] Timestamp 78822556000000 seems implausible relative to expectedPresent 15874193718389
07-24 23:50:22.381  2645  3891 I mediasdk_omx: mfx_omx_vdec_component: FillThisBuffer(0xf2321e60) nAllocLen 12
07-24 23:50:22.381  2645  3891 I mediasdk_omx: mfx_omx_srf_pool: ANWbuffer 0xf1f18fa8, gralloc handle 0xf1f04500, fence 38
07-24 23:50:22.387  2412  2875 D CoLibry : [MSG]@15874189 (2412.32767): T[2]HSU(30B) fq 87900, fs -6, hwQ 63, pQ 0, afQ 0 trdAfQ 0, mp 129, ofs 1000, adj 98, bw 55, dev 24, stp 0, ant 1, fs1 -99, fs2 -99, hl 5EECB57
07-24 23:50:22.391  2411  2411 V NAVD    : CGMIPCMsgSplitter::handleData: len: 14, consumedBytes: 0
07-24 23:50:22.391  2411  2411 V NAVD    : CGMIPCMsgSplitter::handleData: Msg Tag :2 SubTag :15 Length; 10
07-24 23:50:22.391  2411  2411 E NAVD    : CGMIPCMsgSplitter counterVal 44866 
07-24 23:50:22.391  2411  2411 V NAVD    : CGMIPCMsgSplitter::handleData: len: 14, consumedBytes: 0
07-24 23:50:22.391  2411  2411 V NAVD    : CGMIPCMsgSplitter::handleData: Msg Tag :2 SubTag :15 Length; 10
07-24 23:50:22.391  2411  2411 E NAVD    : CGMIPCMsgSplitter counterVal 44867 
07-24 23:50:22.397  2426  2426 W BufferLayer: [SurfaceView - com.gm.gal/com.gm.gal.hmi.activity.MainActivity#0] Timestamp 78822587000000 seems implausible relative to expectedPresent 15874210391813
07-24 23:50:22.400  2645  3891 I mediasdk_omx: mfx_omx_vdec_component: EmptyThisBuffer(0xf2321b40) nTimeStamp 78822617000, nFilledLen 63839, nFlags 0x10
07-24 23:50:22.400  2645  3138 I mediasdk_omx: mfx_omx_vdec_component: DecodeFrameAsync+ DataLength 63839, DataOffset 0
07-24 23:50:22.400  2645  3138 I mediasdk_omx: mfx_omx_vdec_component: DecodeFrameAsync- sts 2, output surface 0x0, DataLength 63839, DataOffset 0
07-24 23:50:22.400  2645  3138 I mediasdk_omx: mfx_omx_vdec_component: DecodeFrameAsync+ DataLength 63839, DataOffset 0
07-24 23:50:22.401  2645  3138 I mediasdk_omx: mfx_omx_vdec_component: DecodeFrameAsync- sts 0, output surface 0xee345488, DataLength 0, DataOffset 63839
07-24 23:50:22.401  2645  3138 I mediasdk_omx: mfx_omx_vdec_component: pOutSurface, CropW: 1920, CropH: 1080, Width: 1920, Height: 1088, TimeStamp: 78822617000
07-24 23:50:22.401  2645  3139 I mediasdk_omx: mfx_omx_vdec_component: SyncOperation+
07-24 23:50:22.401  2645  3139 I mediasdk_omx: mfx_omx_vdec_component: SyncOperation-
07-24 23:50:22.401  2645  3139 I mediasdk_omx: mfx_omx_vdec_component: FillBufferDone(0xf2321e10) nTimeStamp 78822617000, nFilledLen 12, nFlags 0x0
07-24 23:50:22.401  2645  3138 I mediasdk_omx: mfx_omx_vdec_component: EmptyBufferDone(0xf2321b40)
07-24 23:50:22.402  2645  3891 I mediasdk_omx: mfx_omx_vdec_component: FillThisBuffer(0xf2321f00) nAllocLen 12
07-24 23:50:22.403  2645  3891 I mediasdk_omx: mfx_omx_srf_pool: ANWbuffer 0xf1f190e8, gralloc handle 0xf1f045e0, fence 38
07-24 23:50:22.409  3354  3501 D CarDrivingState: Property Changed: propId=291504647
07-24 23:50:22.411  2411  2411 V NAVD    : CGMIPCMsgSplitter::handleData: len: 30, consumedBytes: 0
07-24 23:50:22.411  2411  2411 V NAVD    : CGMIPCMsgSplitter::handleData: Msg Tag :19 SubTag :0 Length; 26
07-24 23:50:22.411  2411  2411 V NAVD    : CGMIPCMsgSplitter : Ext Position
07-24 23:50:22.411  2411  2411 V NAVD    : TCPTOGENIVI::raw  pos ipc values:latitude:0 longitude:0, height:-10000, heading:0 velocity :0 pDop :1023
07-24 23:50:22.411  2411  2411 V NAVD    : TCPTOGENIVI::raw  time ipc values:Date :20190102 Time :0
07-24 23:50:22.411  2411  2411 V NAVD    : TCPTOGENIVI::pos ipc values:latitude:0.000000 longitude:0.000000, height:-1000.000000, heading:0.000000 velocity :0.000000 pDop :0.000000
07-24 23:50:22.411  2411  2411 V NAVD    : TCPTOGENIVI::time ipc values:Year :2019 Month :0 Day :2 Hour :0 Minutes :0 Seconds :0
07-24 23:50:22.411  2411  2411 V NAVD    : CARPLAYDATACONSTRUCTOR onData : pos recv
07-24 23:50:22.411  2411  2411 V NAVD    : CARPLAYDATACONSTRUCTOR onData : time recv
07-24 23:50:22.411  2411  2411 V NAVD    : CARPLAYDATACONSTRUCTOR onData : speed recv
07-24 23:50:22.411  2411  2411 V NAVD    : CARPLAYFREQCONTROLLER onData :ALL CARPLAY DATA RECIEVED
07-24 23:50:22.411  2411  2411 V NAVD    : TCPTOGNSSHAL::raw  pos ipc values:latitude:0 longitude:0, height:-10000, heading:0 velocity :0 pDop :1023
07-24 23:50:22.411  2411  2411 V NAVD    : TCPTOGNSSHAL::raw  time ipc values:Date :20190102 Time :0
07-24 23:50:22.411  2411  2411 V NAVD    : TCPTOGNSSHAL::time ipc values:Year :2019 Month :0 Day :2 Hour :0 Minutes :0 Seconds :0
07-24 23:50:22.411  2411  2411 V NAVD    : TCPTOGNSSHAL::pos ipc values:latitude:0.000000 longitude:0.000000, height:-1000.000000, heading:0.000000 velocity :0.000000
07-24 23:50:22.411  2411  2411 V NAVD    : TCPTOGNSSHAL::time ipc values:Year :119 Month :0 Day :2 Hour :0 Minutes :0 Seconds :0
07-24 23:50:22.411  2411  2411 V NAVD    : TCPTOGNSSHAL::epoch time ipc values:epochtime :1546387200000 
07-24 23:50:22.411  2411  2411 D NAVD    : Gnss::updateGnssLocation : latitude : 0.000000, longitude : 0.000000, altitudeMeters : -1000.000000, speedMeters : 0.000000, bearingDegrees : 0.000000
07-24 23:50:22.411  2411  2411 D NAVD    : Gnss::updateGnssLocation : horizontalAccuracyMeters : 102.300003, verticalAccuracyMeters : 0.000000, speedAccuracyMetersPerSecond : 0.000000, bearingAccuracyDegrees : 0.000000
07-24 23:50:22.412  2411  2411 D NAVD    : Gnss::updateGnssLocation : Time:1546387200000, gnssLocationFlags : 31
07-24 23:50:22.412  3044  3942 I GnssLocationProvider: WakeLock acquired by sendMessage(REPORT_LOCATION, 1, Location[gps 0.000000,0.000000 hAcc=102 et=?!? alt=-1000.0 vel=0.0 bear=0.0 vAcc=??? sAcc=??? bAcc=???])
07-24 23:50:22.413  3044  3063 I GnssLocationProvider: WakeLock released by handleMessage(REPORT_LOCATION, 1, Location[gps 0.000000,0.000000 hAcc=102 et=+4h24m34s214ms alt=-1000.0 vel=0.0 bear=0.0 vAcc=??? sAcc=??? bAcc=??? {Bundle[{satellites=0, maxCn0=0, meanCn0=0}]}])
07-24 23:50:22.413  2411  2411 V NAVD    : TCPTONAVSENSHAL::raw  pos ipc values:latitude:0 longitude:0, height:-10000, heading:0 velocity :0 pDop :1023
07-24 23:50:22.413  2411  2411 V NAVD    : TCPTONAVSENSHAL::raw  time ipc values:Date :20190102 Time :0
07-24 23:50:22.413  2411  2411 V NAVD    : TCPTONAVSENSHAL::pos ipc values:latitude:0.000000 longitude:0.000000, height:-1000.000000, heading:0.000000 velocity :0.000000 pdop :102.300003
07-24 23:50:22.413  2411  2411 V NAVD    : TCPTONAVSENSHAL::time ipc values:Year :2019 Month :0 Day :2 Hour :0 Minutes :0 Seconds :0
07-24 23:50:22.413  2411  2411 V NAVD    : Navsens::setGNSSTime: Time - 15874213
07-24 23:50:22.413  2411  2411 V NAVD    : Navsens::setGNSSSatellites:Number of satellites - 0
07-24 23:50:22.413  2376  2376 E AI_NAV  : log_as_hex: Length too long (1312)
07-24 23:50:22.413  2376  2376 D AI_NAV  : SAT T 15874213 VIEW 0 USED 0 SNRAVG 0 SNRMIN 0 SNRMAX 0 HDOP 0 PDOP 1023 VDOP 0
07-24 23:50:22.414  2426  2426 W BufferLayer: [SurfaceView - com.gm.gal/com.gm.gal.hmi.activity.MainActivity#0] Timestamp 78822617000000 seems implausible relative to expectedPresent 15874227057971
07-24 23:50:22.414  2411  2411 V NAVD    : Navsens::setGNSSLocation
07-24 23:50:22.414  2411  2411 V NAVD    : Navsens::updateGnssHnrLocation
07-24 23:50:22.414  2376  2376 V AI_NAV  : $HRL_A538F2000000000000000000E2750000A538F20000000000E30700020000000000000000030000000300000000750000000000000000000000000000000000000000000000007AC4000000000000000000000000000000009A99CC4200000000000000000000000000000000551ABD1B00000000000000000000000000000000000000000000000067010000E2750000
07-24 23:50:22.414  2376  2376 D AI_NAV  : GNSSHighRateLocation: {.mTimestamp = 15874213, .mGpsTow = 0, .mUTCTime = {.timestamp = 15874213, .year = 2019, .month = 0, .day = 2, .hour = 0, .minute = 0, .second = 0, .ms = 0, .scale = GNSS_TIME_SCALE_UTC, .leapSeconds = 0, .validityBits = 3}, .mDRSource = GNSS_NO_DR, .mFixType = _NO, .mLatitude = 0.000000, .mLongitude = 0.000000, .mHeightEllipsoid = 0.000000, .mHeightMSL = -1000.000000, .mGroundSpeed = 0.000000, .mSpeed = 0.000000, .mHeadingMotion = 0.000000, .mHeadingVehicle = 0.000000, .mHorizontalAccuracy = 102.300003, .mVerticalAccuracy = 0.000000, .mSpeedAccuracy = 0.000000, .mHeadingAccuracy = 0.000000, .mNavATT = {.iTOW = 0, .version = 85, .roll = 0, .pitch = 0, .heading = 0, .accRoll = 0, .accPitch = 0, .accHeading = 0}, .mValidityBits = 359}
07-24 23:50:22.414  2376  2376 D AI_NAV  : INVALID GNSS T 15874213
07-24 23:50:22.419  2645  3891 I mediasdk_omx: mfx_omx_vdec_component: EmptyThisBuffer(0xf2321cd0) nTimeStamp 78822650000, nFilledLen 22595, nFlags 0x10
07-24 23:50:22.419  2645  3138 I mediasdk_omx: mfx_omx_vdec_component: DecodeFrameAsync+ DataLength 22595, DataOffset 0
07-24 23:50:22.419  2645  3138 I mediasdk_omx: mfx_omx_vdec_component: DecodeFrameAsync- sts 2, output surface 0x0, DataLength 22595, DataOffset 0
07-24 23:50:22.419  2645  3138 I mediasdk_omx: mfx_omx_vdec_component: DecodeFrameAsync+ DataLength 22595, DataOffset 0
07-24 23:50:22.420  2645  3138 I mediasdk_omx: mfx_omx_vdec_component: DecodeFrameAsync- sts 0, output surface 0xee345908, DataLength 0, DataOffset 22595
07-24 23:50:22.420  2645  3138 I mediasdk_omx: mfx_omx_vdec_component: pOutSurface, CropW: 1920, CropH: 1080, Width: 1920, Height: 1088, TimeStamp: 78822650000
07-24 23:50:22.420  2645  3139 I mediasdk_omx: mfx_omx_vdec_component: SyncOperation+
07-24 23:50:22.420  2645  3139 I mediasdk_omx: mfx_omx_vdec_component: SyncOperation-
07-24 23:50:22.420  2645  3139 I mediasdk_omx: mfx_omx_vdec_component: FillBufferDone(0xf2321fa0) nTimeStamp 78822650000, nFilledLen 12, nFlags 0x0
07-24 23:50:22.420  2645  3138 I mediasdk_omx: mfx_omx_vdec_component: EmptyBufferDone(0xf2321cd0)
07-24 23:50:22.421  2645  3891 I mediasdk_omx: mfx_omx_vdec_component: FillThisBuffer(0xf1f11960) nAllocLen 12
07-24 23:50:22.421  2645  3891 I mediasdk_omx: mfx_omx_srf_pool: ANWbuffer 0xf1f19368, gralloc handle 0xf1f047a0, fence 38
07-24 23:50:22.423  2412  2875 D CoLibry : [MSG]@15874225 (2412.32767): T[2]HSU(30B) fq 107700, fs -5, hwQ 105, pQ 0, afQ 0 trdAfQ 0, mp 106, ofs 4000, adj 86, bw 55, dev 21, stp 0, ant 1, fs1 -99, fs2 -99, hl 5EECB57
07-24 23:50:22.430  2426  2426 W BufferLayer: [SurfaceView - com.gm.gal/com.gm.gal.hmi.activity.MainActivity#0] Timestamp 78822650000000 seems implausible relative to expectedPresent 15874243717597
07-24 23:50:22.436  5139  5139 D GALServiceManager: isGalStarted() Enter
07-24 23:50:22.436  5139  5139 D GALServiceManager: linkServiceBinder() Binder is Linked Already
07-24 23:50:22.437  5139  5139 D GALServiceManager: isGalStarted() Exit
07-24 23:50:22.437  5139  5139 D GALServiceManager: sendTouchEvent() Enter
07-24 23:50:22.437  5139  5139 D GALServiceManager: linkServiceBinder() Binder is Linked Already
07-24 23:50:22.437  5139  5139 D GALServiceManager: sendTouchEvent() Exit
07-24 23:50:22.440  2411  2411 V NAVD    : CGMIPCMsgSplitter::handleData: len: 7, consumedBytes: 0
07-24 23:50:22.440  2411  2411 V NAVD    : CGMIPCMsgSplitter::handleData: Msg Tag :12 SubTag :0 Length; 1
07-24 23:50:22.440  2411  2411 V NAVD    : CGMIPCMsgSplitter : GearInfo
07-24 23:50:22.440  2411  2411 V NAVD    : TCPTOGENIVI::raw  gear ipc values:GearInfo:0
07-24 23:50:22.440  2411  2411 V NAVD    : TCPTOGENIVI::gear ipc values:GearInfo:D
07-24 23:50:22.440  2411  2411 V NAVD    : CARPLAYDATACONSTRUCTOR onData : transmissionstate recv
07-24 23:50:22.440  2411  2411 V NAVD    : CGMIPCMsgSplitter::handleData: len: 14, consumedBytes: 0
07-24 23:50:22.440  2411  2411 V NAVD    : CGMIPCMsgSplitter::handleData: Msg Tag :2 SubTag :15 Length; 10
07-24 23:50:22.440  2411  2411 E NAVD    : CGMIPCMsgSplitter counterVal 44868 
07-24 23:50:22.442  2411  2411 V NAVD    : CGMIPCMsgSplitter::handleData: len: 14, consumedBytes: 0
07-24 23:50:22.442  2411  2411 V NAVD    : CGMIPCMsgSplitter::handleData: Msg Tag :2 SubTag :15 Length; 10
07-24 23:50:22.442  2411  2411 E NAVD    : CGMIPCMsgSplitter counterVal 44869 
07-24 23:50:22.448  3254  3290 E pal_vehicle: [VDATA:VEHICLE_COMMON] convert_result API: get_yaw_rate_protected_yaw_rate_authenticated FAILED pal_vdata_convert_result() is 6
07-24 23:50:22.458  2645  3891 I mediasdk_omx: mfx_omx_vdec_component: EmptyThisBuffer(0xf2321d20) nTimeStamp 78822690000, nFilledLen 3321, nFlags 0x10
07-24 23:50:22.458  2645  3138 I mediasdk_omx: mfx_omx_vdec_component: DecodeFrameAsync+ DataLength 3321, DataOffset 0
07-24 23:50:22.458  2645  3138 I mediasdk_omx: mfx_omx_vdec_component: DecodeFrameAsync- sts 2, output surface 0x0, DataLength 3321, DataOffset 0
07-24 23:50:22.458  2645  3138 I mediasdk_omx: mfx_omx_vdec_component: DecodeFrameAsync+ DataLength 3321, DataOffset 0
07-24 23:50:22.459  2645  3138 I mediasdk_omx: mfx_omx_vdec_component: DecodeFrameAsync- sts 0, output surface 0xee345788, DataLength 0, DataOffset 3321
07-24 23:50:22.459  2645  3138 I mediasdk_omx: mfx_omx_vdec_component: pOutSurface, CropW: 1920, CropH: 1080, Width: 1920, Height: 1088, TimeStamp: 78822690000
07-24 23:50:22.459  2645  3139 I mediasdk_omx: mfx_omx_vdec_component: SyncOperation+
07-24 23:50:22.459  2645  3139 I mediasdk_omx: mfx_omx_vdec_component: SyncOperation-
07-24 23:50:22.459  2645  3138 I mediasdk_omx: mfx_omx_vdec_component: EmptyBufferDone(0xf2321d20)
07-24 23:50:22.459  2645  3139 I mediasdk_omx: mfx_omx_vdec_component: FillBufferDone(0xf2321dc0) nTimeStamp 78822690000, nFilledLen 12, nFlags 0x0
07-24 23:50:22.460  2412  2875 D CoLibry : [MSG]@15874262 (2412.32767): T[2]HSU(30B) fq 106900, fs -5, hwQ 83, pQ 0, afQ 0 trdAfQ 0, mp 117, ofs 0, adj 95, bw 55, dev 24, stp 0, ant 1, fs1 -99, fs2 -99, hl 5EECB57
07-24 23:50:22.461  2645  3891 I mediasdk_omx: mfx_omx_vdec_component: FillThisBuffer(0xf1f11910) nAllocLen 12
07-24 23:50:22.461  2645  3891 I mediasdk_omx: mfx_omx_srf_pool: ANWbuffer 0xf1f19228, gralloc handle 0xf1f046c0, fence 38
07-24 23:50:22.464  2426  2426 W BufferLayer: [SurfaceView - com.gm.gal/com.gm.gal.hmi.activity.MainActivity#0] Timestamp 78822690000000 seems implausible relative to expectedPresent 15874277064606
07-24 23:50:22.466  5139  5139 D GALServiceManager: isGalStarted() Enter
07-24 23:50:22.466  5139  5139 D GALServiceManager: linkServiceBinder() Binder is Linked Already
07-24 23:50:22.467  5139  5139 D GALServiceManager: isGalStarted() Exit
07-24 23:50:22.467  5139  5139 D GALServiceManager: sendTouchEvent() Enter
07-24 23:50:22.467  5139  5139 D GALServiceManager: linkServiceBinder() Binder is Linked Already
07-24 23:50:22.467  5139  5139 D GALServiceManager: sendTouchEvent() Exit
07-24 23:50:22.483  5139  5139 D GALServiceManager: isGalStarted() Enter
07-24 23:50:22.483  5139  5139 D GALServiceManager: linkServiceBinder() Binder is Linked Already
07-24 23:50:22.483  5139  5139 D GALServiceManager: isGalStarted() Exit
07-24 23:50:22.483  5139  5139 D GALServiceManager: sendTouchEvent() Enter
07-24 23:50:22.483  5139  5139 D GALServiceManager: linkServiceBinder() Binder is Linked Already
07-24 23:50:22.484  5139  5139 D GALServiceManager: sendTouchEvent() Exit
07-24 23:50:22.490  2411  2411 V NAVD    : CGMIPCMsgSplitter::handleData: len: 14, consumedBytes: 0
07-24 23:50:22.490  2411  2411 V NAVD    : CGMIPCMsgSplitter::handleData: Msg Tag :2 SubTag :15 Length; 10
07-24 23:50:22.490  2411  2411 E NAVD    : CGMIPCMsgSplitter counterVal 44870 
07-24 23:50:22.491  2411  2411 V NAVD    : CGMIPCMsgSplitter::handleData: len: 14, consumedBytes: 0
07-24 23:50:22.491  2411  2411 V NAVD    : CGMIPCMsgSplitter::handleData: Msg Tag :2 SubTag :15 Length; 10
07-24 23:50:22.491  2411  2411 E NAVD    : CGMIPCMsgSplitter counterVal 44871 
07-24 23:50:22.497  2412  2875 D CoLibry : [MSG]@15874298 (2412.32767): T[2]HSU(30B) fq 99100, fs -8, hwQ 76, pQ 0, afQ 0 trdAfQ 0, mp 116, ofs 0, adj 102, bw 55, dev 25, stp 0, ant 1, fs1 -99, fs2 -99, hl 5EECB57
07-24 23:50:22.500  5139  5139 D GALServiceManager: isGalStarted() Enter
07-24 23:50:22.500  5139  5139 D GALServiceManager: linkServiceBinder() Binder is Linked Already
07-24 23:50:22.500  5139  5139 D GALServiceManager: isGalStarted() Exit
07-24 23:50:22.500  5139  5139 D GALServiceManager: sendTouchEvent() Enter
07-24 23:50:22.500  5139  5139 D GALServiceManager: linkServiceBinder() Binder is Linked Already
07-24 23:50:22.500  5139  5139 D GALServiceManager: sendTouchEvent() Exit
07-24 23:50:22.501  2645  3891 I mediasdk_omx: mfx_omx_vdec_component: EmptyThisBuffer(0xf2321d70) nTimeStamp 78822719000, nFilledLen 65380, nFlags 0x10
07-24 23:50:22.501  2645  3138 I mediasdk_omx: mfx_omx_vdec_component: DecodeFrameAsync+ DataLength 65380, DataOffset 0
07-24 23:50:22.501  2645  3138 I mediasdk_omx: mfx_omx_vdec_component: DecodeFrameAsync- sts 2, output surface 0x0, DataLength 65380, DataOffset 0
07-24 23:50:22.501  2645  3138 I mediasdk_omx: mfx_omx_vdec_component: DecodeFrameAsync+ DataLength 65380, DataOffset 0
07-24 23:50:22.502  2645  3138 I mediasdk_omx: mfx_omx_vdec_component: DecodeFrameAsync- sts 0, output surface 0xf2353608, DataLength 0, DataOffset 65380
07-24 23:50:22.502  2645  3138 I mediasdk_omx: mfx_omx_vdec_component: pOutSurface, CropW: 1920, CropH: 1080, Width: 1920, Height: 1088, TimeStamp: 78822719000
07-24 23:50:22.502  2645  3139 I mediasdk_omx: mfx_omx_vdec_component: SyncOperation+
07-24 23:50:22.502  2645  3139 I mediasdk_omx: mfx_omx_vdec_component: SyncOperation-
07-24 23:50:22.502  2645  3139 I mediasdk_omx: mfx_omx_vdec_component: FillBufferDone(0xf2321e60) nTimeStamp 78822719000, nFilledLen 12, nFlags 0x0
07-24 23:50:22.502  2645  3138 I mediasdk_omx: mfx_omx_vdec_component: EmptyBufferDone(0xf2321d70)
07-24 23:50:22.504  2645  3891 I mediasdk_omx: mfx_omx_vdec_component: FillThisBuffer(0xf2321f50) nAllocLen 12
07-24 23:50:22.504  2645  3891 I mediasdk_omx: mfx_omx_srf_pool: ANWbuffer 0xf1f18be8, gralloc handle 0xf1f03e00, fence 38
07-24 23:50:22.510  2411  2411 V NAVD    : CGMIPCMsgSplitter::handleData: len: 30, consumedBytes: 0
07-24 23:50:22.510  2411  2411 V NAVD    : CGMIPCMsgSplitter::handleData: Msg Tag :19 SubTag :0 Length; 26
07-24 23:50:22.510  2411  2411 V NAVD    : CGMIPCMsgSplitter : Ext Position
07-24 23:50:22.510  2411  2411 V NAVD    : TCPTOGENIVI::raw  pos ipc values:latitude:0 longitude:0, height:-10000, heading:0 velocity :0 pDop :1023
07-24 23:50:22.510  2411  2411 V NAVD    : TCPTOGENIVI::raw  time ipc values:Date :20190102 Time :0
07-24 23:50:22.511  2411  2411 V NAVD    : TCPTOGENIVI::pos ipc values:latitude:0.000000 longitude:0.000000, height:-1000.000000, heading:0.000000 velocity :0.000000 pDop :0.000000
07-24 23:50:22.511  2411  2411 V NAVD    : TCPTOGENIVI::time ipc values:Year :2019 Month :0 Day :2 Hour :0 Minutes :0 Seconds :0
07-24 23:50:22.511  2411  2411 V NAVD    : CARPLAYDATACONSTRUCTOR onData : pos recv
07-24 23:50:22.511  2411  2411 V NAVD    : CARPLAYDATACONSTRUCTOR onData : time recv
07-24 23:50:22.511  2411  2411 V NAVD    : CARPLAYDATACONSTRUCTOR onData : speed recv
07-24 23:50:22.511  2411  2411 V NAVD    : CARPLAYFREQCONTROLLER onData :ALL CARPLAY DATA RECIEVED
07-24 23:50:22.511  2411  2411 V NAVD    : TCPTOGNSSHAL::raw  pos ipc values:latitude:0 longitude:0, height:-10000, heading:0 velocity :0 pDop :1023
07-24 23:50:22.511  2411  2411 V NAVD    : TCPTOGNSSHAL::raw  time ipc values:Date :20190102 Time :0
07-24 23:50:22.511  2411  2411 V NAVD    : TCPTOGNSSHAL::time ipc values:Year :2019 Month :0 Day :2 Hour :0 Minutes :0 Seconds :0
07-24 23:50:22.511  2411  2411 V NAVD    : TCPTOGNSSHAL::pos ipc values:latitude:0.000000 longitude:0.000000, height:-1000.000000, heading:0.000000 velocity :0.000000
07-24 23:50:22.511  2411  2411 V NAVD    : TCPTOGNSSHAL::time ipc values:Year :119 Month :0 Day :2 Hour :0 Minutes :0 Seconds :0
07-24 23:50:22.511  2411  2411 V NAVD    : TCPTOGNSSHAL::epoch time ipc values:epochtime :1546387200000 
07-24 23:50:22.511  2411  2411 D NAVD    : Gnss::updateGnssLocation : latitude : 0.000000, longitude : 0.000000, altitudeMeters : -1000.000000, speedMeters : 0.000000, bearingDegrees : 0.000000
07-24 23:50:22.511  2411  2411 D NAVD    : Gnss::updateGnssLocation : horizontalAccuracyMeters : 102.300003, verticalAccuracyMeters : 0.000000, speedAccuracyMetersPerSecond : 0.000000, bearingAccuracyDegrees : 0.000000
07-24 23:50:22.511  2411  2411 D NAVD    : Gnss::updateGnssLocation : Time:1546387200000, gnssLocationFlags : 31
07-24 23:50:22.512  3044  3942 I GnssLocationProvider: WakeLock acquired by sendMessage(REPORT_LOCATION, 1, Location[gps 0.000000,0.000000 hAcc=102 et=?!? alt=-1000.0 vel=0.0 bear=0.0 vAcc=??? sAcc=??? bAcc=???])
07-24 23:50:22.512  2411  2411 V NAVD    : TCPTONAVSENSHAL::raw  pos ipc values:latitude:0 longitude:0, height:-10000, heading:0 velocity :0 pDop :1023
07-24 23:50:22.512  2411  2411 V NAVD    : TCPTONAVSENSHAL::raw  time ipc values:Date :20190102 Time :0
07-24 23:50:22.512  2411  2411 V NAVD    : TCPTONAVSENSHAL::pos ipc values:latitude:0.000000 longitude:0.000000, height:-1000.000000, heading:0.000000 velocity :0.000000 pdop :102.300003
07-24 23:50:22.512  2411  2411 V NAVD    : TCPTONAVSENSHAL::time ipc values:Year :2019 Month :0 Day :2 Hour :0 Minutes :0 Seconds :0
07-24 23:50:22.512  2411  2411 V NAVD    : Navsens::setGNSSTime: Time - 15874312
07-24 23:50:22.512  3044  3063 I GnssLocationProvider: WakeLock released by handleMessage(REPORT_LOCATION, 1, Location[gps 0.000000,0.000000 hAcc=102 et=+4h24m34s314ms alt=-1000.0 vel=0.0 bear=0.0 vAcc=??? sAcc=??? bAcc=??? {Bundle[{satellites=0, maxCn0=0, meanCn0=0}]}])
07-24 23:50:22.512  2411  2411 V NAVD    : Navsens::setGNSSSatellites:Number of satellites - 0
07-24 23:50:22.512  2376  2376 E AI_NAV  : log_as_hex: Length too long (1312)
07-24 23:50:22.512  2376  2376 D AI_NAV  : SAT T 15874312 VIEW 0 USED 0 SNRAVG 0 SNRMIN 0 SNRMAX 0 HDOP 0 PDOP 1023 VDOP 0
07-24 23:50:22.513  2411  2411 V NAVD    : Navsens::setGNSSLocation
07-24 23:50:22.513  2411  2411 V NAVD    : Navsens::updateGnssHnrLocation
07-24 23:50:22.513  2376  2376 V AI_NAV  : $HRL_0839F2000000000000000000E27500000839F20000000000E30700020000000000000000030000000300000000750000000000000000000000000000000000000000000000007AC4000000000000000000000000000000009A99CC4200000000000000000000000000000000551ABD1B00000000000000000000000000000000000000000000000067010000E2750000
07-24 23:50:22.513  2376  2376 D AI_NAV  : GNSSHighRateLocation: {.mTimestamp = 15874312, .mGpsTow = 0, .mUTCTime = {.timestamp = 15874312, .year = 2019, .month = 0, .day = 2, .hour = 0, .minute = 0, .second = 0, .ms = 0, .scale = GNSS_TIME_SCALE_UTC, .leapSeconds = 0, .validityBits = 3}, .mDRSource = GNSS_NO_DR, .mFixType = _NO, .mLatitude = 0.000000, .mLongitude = 0.000000, .mHeightEllipsoid = 0.000000, .mHeightMSL = -1000.000000, .mGroundSpeed = 0.000000, .mSpeed = 0.000000, .mHeadingMotion = 0.000000, .mHeadingVehicle = 0.000000, .mHorizontalAccuracy = 102.300003, .mVerticalAccuracy = 0.000000, .mSpeedAccuracy = 0.000000, .mHeadingAccuracy = 0.000000, .mNavATT = {.iTOW = 0, .version = 85, .roll = 0, .pitch = 0, .heading = 0, .accRoll = 0, .accPitch = 0, .accHeading = 0}, .mValidityBits = 359}
07-24 23:50:22.513  2376  2376 D AI_NAV  : INVALID GNSS T 15874312
07-24 23:50:22.514  2426  2426 W BufferLayer: [SurfaceView - com.gm.gal/com.gm.gal.hmi.activity.MainActivity#0] Timestamp 78822719000000 seems implausible relative to expectedPresent 15874327073207
07-24 23:50:22.516  5139  5139 D GALServiceManager: isGalStarted() Enter
07-24 23:50:22.516  5139  5139 D GALServiceManager: linkServiceBinder() Binder is Linked Already
07-24 23:50:22.517  5139  5139 D GALServiceManager: isGalStarted() Exit
07-24 23:50:22.517  5139  5139 D GALServiceManager: sendTouchEvent() Enter
07-24 23:50:22.517  5139  5139 D GALServiceManager: linkServiceBinder() Binder is Linked Already
07-24 23:50:22.517  5139  5139 D GALServiceManager: sendTouchEvent() Exit
07-24 23:50:22.533  2412  2875 D CoLibry : [MSG]@15874334 (2412.32767): T[2]HSU(30B) fq 97300, fs -8, hwQ 59, pQ 0, afQ 0 trdAfQ 0, mp 131, ofs 0, adj 98, bw 55, dev 24, stp 0, ant 1, fs1 -99, fs2 -99, hl 5EECB57
07-24 23:50:22.533  5139  5139 D GALServiceManager: isGalStarted() Enter
07-24 23:50:22.533  5139  5139 D GALServiceManager: linkServiceBinder() Binder is Linked Already
07-24 23:50:22.533  5139  5139 D GALServiceManager: isGalStarted() Exit
07-24 23:50:22.533  5139  5139 D GALServiceManager: sendTouchEvent() Enter
07-24 23:50:22.533  5139  5139 D GALServiceManager: linkServiceBinder() Binder is Linked Already
07-24 23:50:22.533  5139  5139 D GALServiceManager: sendTouchEvent() Exit
07-24 23:50:22.539  2645  3891 I mediasdk_omx: mfx_omx_vdec_component: EmptyThisBuffer(0xf2321b40) nTimeStamp 78822770000, nFilledLen 22304, nFlags 0x10
07-24 23:50:22.539  2645  3138 I mediasdk_omx: mfx_omx_vdec_component: DecodeFrameAsync+ DataLength 22304, DataOffset 0
07-24 23:50:22.539  2645  3138 I mediasdk_omx: mfx_omx_vdec_component: DecodeFrameAsync- sts 2, output surface 0x0, DataLength 22304, DataOffset 0
07-24 23:50:22.539  2645  3138 I mediasdk_omx: mfx_omx_vdec_component: DecodeFrameAsync+ DataLength 22304, DataOffset 0
07-24 23:50:22.540  2645  3138 I mediasdk_omx: mfx_omx_vdec_component: DecodeFrameAsync- sts 0, output surface 0xf2353548, DataLength 0, DataOffset 22304
07-24 23:50:22.540  2645  3138 I mediasdk_omx: mfx_omx_vdec_component: pOutSurface, CropW: 1920, CropH: 1080, Width: 1920, Height: 1088, TimeStamp: 78822770000
07-24 23:50:22.540  2645  3139 I mediasdk_omx: mfx_omx_vdec_component: SyncOperation+
07-24 23:50:22.540  2411  2411 V NAVD    : CGMIPCMsgSplitter::handleData: len: 7, consumedBytes: 0
07-24 23:50:22.540  2411  2411 V NAVD    : CGMIPCMsgSplitter::handleData: Msg Tag :12 SubTag :0 Length; 1
07-24 23:50:22.540  2645  3139 I mediasdk_omx: mfx_omx_vdec_component: SyncOperation-
07-24 23:50:22.540  2411  2411 V NAVD    : CGMIPCMsgSplitter : GearInfo
07-24 23:50:22.540  2645  3138 I mediasdk_omx: mfx_omx_vdec_component: EmptyBufferDone(0xf2321b40)
07-24 23:50:22.540  2645  3139 I mediasdk_omx: mfx_omx_vdec_component: FillBufferDone(0xf2321f00) nTimeStamp 78822770000, nFilledLen 12, nFlags 0x0
07-24 23:50:22.540  2411  2411 V NAVD    : TCPTOGENIVI::raw  gear ipc values:GearInfo:0
07-24 23:50:22.540  2411  2411 V NAVD    : TCPTOGENIVI::gear ipc values:GearInfo:D
07-24 23:50:22.540  2411  2411 V NAVD    : CARPLAYDATACONSTRUCTOR onData : transmissionstate recv
07-24 23:50:22.541  2411  2411 V NAVD    : CGMIPCMsgSplitter::handleData: len: 14, consumedBytes: 0
07-24 23:50:22.541  2411  2411 V NAVD    : CGMIPCMsgSplitter::handleData: Msg Tag :2 SubTag :15 Length; 10
07-24 23:50:22.541  2411  2411 E NAVD    : CGMIPCMsgSplitter counterVal 44872 
07-24 23:50:22.542  2411  2411 V NAVD    : CGMIPCMsgSplitter::handleData: len: 14, consumedBytes: 0
07-24 23:50:22.542  2411  2411 V NAVD    : CGMIPCMsgSplitter::handleData: Msg Tag :2 SubTag :15 Length; 10
07-24 23:50:22.542  2411  2411 E NAVD    : CGMIPCMsgSplitter counterVal 44873 
07-24 23:50:22.542  2645  3891 I mediasdk_omx: mfx_omx_vdec_component: FillThisBuffer(0xf2321e10) nAllocLen 12
07-24 23:50:22.542  2645  3891 I mediasdk_omx: mfx_omx_srf_pool: ANWbuffer 0xf1f18e68, gralloc handle 0xf1f04260, fence 38
07-24 23:50:22.542  3261  3588 D com.gm.fsa.service.FSAServiceConnectedClient: FSA: sending message to /192.168.1.100, fktId 'HEARTBEAT' (100), optype 'STATUS' (343), handle 0
07-24 23:50:22.543  3261  3678 D FSANetCommsClient: NAMFSAClient RX QSize is: 0, funcID: 100, ID: 100
07-24 23:50:22.543  3261  3678 D FSAIStateOfHealthClient: NAMFSAClient FSA: handle heartbeat 8341
07-24 23:50:22.547  2426  2426 W BufferLayer: [SurfaceView - com.gm.gal/com.gm.gal.hmi.activity.MainActivity#0] Timestamp 78822770000000 seems implausible relative to expectedPresent 15874360399971
07-24 23:50:22.550  5139  5139 D GALServiceManager: isGalStarted() Enter
07-24 23:50:22.550  5139  5139 D GALServiceManager: linkServiceBinder() Binder is Linked Already
07-24 23:50:22.550  5139  5139 D GALServiceManager: isGalStarted() Exit
07-24 23:50:22.550  5139  5139 D GALServiceManager: sendTouchEvent() Enter
07-24 23:50:22.550  5139  5139 D GALServiceManager: linkServiceBinder() Binder is Linked Already
07-24 23:50:22.550  5139  5139 D GALServiceManager: sendTouchEvent() Exit
07-24 23:50:22.569  2412  2875 D CoLibry : [MSG]@15874371 (2412.32767): T[2]HSU(30B) fq 97100, fs -8, hwQ 79, pQ 0, afQ 0 trdAfQ 0, mp 121, ofs -1000, adj 96, bw 55, dev 24, stp 0, ant 1, fs1 -99, fs2 -99, hl 5EECB57
07-24 23:50:22.573  2645  3891 I mediasdk_omx: mfx_omx_vdec_component: EmptyThisBuffer(0xf2321cd0) nTimeStamp 78822797000, nFilledLen 50008, nFlags 0x10
07-24 23:50:22.573  2645  3138 I mediasdk_omx: mfx_omx_vdec_component: DecodeFrameAsync+ DataLength 50008, DataOffset 0
07-24 23:50:22.573  2645  3138 I mediasdk_omx: mfx_omx_vdec_component: DecodeFrameAsync- sts 2, output surface 0x0, DataLength 50008, DataOffset 0
07-24 23:50:22.573  2645  3138 I mediasdk_omx: mfx_omx_vdec_component: DecodeFrameAsync+ DataLength 50008, DataOffset 0
07-24 23:50:22.574  2645  3138 I mediasdk_omx: mfx_omx_vdec_component: DecodeFrameAsync- sts 0, output surface 0xee345548, DataLength 0, DataOffset 50008
07-24 23:50:22.574  2645  3138 I mediasdk_omx: mfx_omx_vdec_component: pOutSurface, CropW: 1920, CropH: 1080, Width: 1920, Height: 1088, TimeStamp: 78822797000
07-24 23:50:22.574  2645  3139 I mediasdk_omx: mfx_omx_vdec_component: SyncOperation+
07-24 23:50:22.574  2645  3139 I mediasdk_omx: mfx_omx_vdec_component: SyncOperation-
07-24 23:50:22.574  2645  3138 I mediasdk_omx: mfx_omx_vdec_component: EmptyBufferDone(0xf2321cd0)
07-24 23:50:22.574  2645  3139 I mediasdk_omx: mfx_omx_vdec_component: FillBufferDone(0xf1f11960) nTimeStamp 78822797000, nFilledLen 12, nFlags 0x0
07-24 23:50:22.576  2645  3891 I mediasdk_omx: mfx_omx_vdec_component: FillThisBuffer(0xf2321fa0) nAllocLen 12
07-24 23:50:22.576  2645  3891 I mediasdk_omx: mfx_omx_srf_pool: ANWbuffer 0xf1f18468, gralloc handle 0xf1f03c40, fence 38
07-24 23:50:22.580  2426  2426 W BufferLayer: [SurfaceView - com.gm.gal/com.gm.gal.hmi.activity.MainActivity#0] Timestamp 78822797000000 seems implausible relative to expectedPresent 15874393731949
07-24 23:50:22.587  5139  5139 D GALServiceManager: isGalStarted() Enter
07-24 23:50:22.587  5139  5139 D GALServiceManager: linkServiceBinder() Binder is Linked Already
07-24 23:50:22.588  5139  5139 D GALServiceManager: isGalStarted() Exit
07-24 23:50:22.588  5139  5139 D GALServiceManager: sendTouchEvent() Enter
07-24 23:50:22.588  5139  5139 D GALServiceManager: linkServiceBinder() Binder is Linked Already
07-24 23:50:22.588  5139  5139 D GALServiceManager: sendTouchEvent() Exit
07-24 23:50:22.590  2411  2411 V NAVD    : CGMIPCMsgSplitter::handleData: len: 14, consumedBytes: 0
07-24 23:50:22.590  2411  2411 V NAVD    : CGMIPCMsgSplitter::handleData: Msg Tag :2 SubTag :15 Length; 10
07-24 23:50:22.590  2411  2411 E NAVD    : CGMIPCMsgSplitter counterVal 44874 
07-24 23:50:22.591  2411  2411 V NAVD    : CGMIPCMsgSplitter::handleData: len: 14, consumedBytes: 0
07-24 23:50:22.591  2411  2411 V NAVD    : CGMIPCMsgSplitter::handleData: Msg Tag :2 SubTag :15 Length; 10
07-24 23:50:22.591  2411  2411 E NAVD    : CGMIPCMsgSplitter counterVal 44875 
07-24 23:50:22.605  2412  2875 D CoLibry : [MSG]@15874407 (2412.32767): T[2]HSU(30B) fq 94500, fs -8, hwQ 65, pQ 0, afQ 0 trdAfQ 0, mp 128, ofs 0, adj 98, bw 55, dev 24, stp 0, ant 1, fs1 -99, fs2 -99, hl 5EECB57
07-24 23:50:22.609  3354  3501 D CarDrivingState: Property Changed: propId=291504647
07-24 23:50:22.610  2645  3891 I mediasdk_omx: mfx_omx_vdec_component: EmptyThisBuffer(0xf2321d20) nTimeStamp 78822842000, nFilledLen 14174, nFlags 0x10
07-24 23:50:22.610  2645  3138 I mediasdk_omx: mfx_omx_vdec_component: DecodeFrameAsync+ DataLength 14174, DataOffset 0
07-24 23:50:22.610  2411  2411 V NAVD    : CGMIPCMsgSplitter::handleData: len: 30, consumedBytes: 0
07-24 23:50:22.610  2411  2411 V NAVD    : CGMIPCMsgSplitter::handleData: Msg Tag :19 SubTag :0 Length; 26
07-24 23:50:22.610  2411  2411 V NAVD    : CGMIPCMsgSplitter : Ext Position
07-24 23:50:22.610  2645  3138 I mediasdk_omx: mfx_omx_vdec_component: DecodeFrameAsync- sts 2, output surface 0x0, DataLength 14174, DataOffset 0
07-24 23:50:22.610  2411  2411 V NAVD    : TCPTOGENIVI::raw  pos ipc values:latitude:0 longitude:0, height:-10000, heading:0 velocity :0 pDop :1023
07-24 23:50:22.610  2411  2411 V NAVD    : TCPTOGENIVI::raw  time ipc values:Date :20190102 Time :0
07-24 23:50:22.610  2645  3138 I mediasdk_omx: mfx_omx_vdec_component: DecodeFrameAsync+ DataLength 14174, DataOffset 0
07-24 23:50:22.610  2411  2411 V NAVD    : TCPTOGENIVI::pos ipc values:latitude:0.000000 longitude:0.000000, height:-1000.000000, heading:0.000000 velocity :0.000000 pDop :0.000000
07-24 23:50:22.610  2411  2411 V NAVD    : TCPTOGENIVI::time ipc values:Year :2019 Month :0 Day :2 Hour :0 Minutes :0 Seconds :0
07-24 23:50:22.611  2411  2411 V NAVD    : CARPLAYDATACONSTRUCTOR onData : pos recv
07-24 23:50:22.611  2411  2411 V NAVD    : CARPLAYDATACONSTRUCTOR onData : time recv
07-24 23:50:22.611  2411  2411 V NAVD    : CARPLAYDATACONSTRUCTOR onData : speed recv
07-24 23:50:22.611  2411  2411 V NAVD    : CARPLAYFREQCONTROLLER onData :ALL CARPLAY DATA RECIEVED
07-24 23:50:22.611  2411  2411 V NAVD    : TCPTOGNSSHAL::raw  pos ipc values:latitude:0 longitude:0, height:-10000, heading:0 velocity :0 pDop :1023
07-24 23:50:22.611  2411  2411 V NAVD    : TCPTOGNSSHAL::raw  time ipc values:Date :20190102 Time :0
07-24 23:50:22.611  2411  2411 V NAVD    : TCPTOGNSSHAL::time ipc values:Year :2019 Month :0 Day :2 Hour :0 Minutes :0 Seconds :0
07-24 23:50:22.611  2411  2411 V NAVD    : TCPTOGNSSHAL::pos ipc values:latitude:0.000000 longitude:0.000000, height:-1000.000000, heading:0.000000 velocity :0.000000
07-24 23:50:22.611  2411  2411 V NAVD    : TCPTOGNSSHAL::time ipc values:Year :119 Month :0 Day :2 Hour :0 Minutes :0 Seconds :0
07-24 23:50:22.611  2411  2411 V NAVD    : TCPTOGNSSHAL::epoch time ipc values:epochtime :1546387200000 
07-24 23:50:22.611  2411  2411 D NAVD    : Gnss::updateGnssLocation : latitude : 0.000000, longitude : 0.000000, altitudeMeters : -1000.000000, speedMeters : 0.000000, bearingDegrees : 0.000000
07-24 23:50:22.611  2411  2411 D NAVD    : Gnss::updateGnssLocation : horizontalAccuracyMeters : 102.300003, verticalAccuracyMeters : 0.000000, speedAccuracyMetersPerSecond : 0.000000, bearingAccuracyDegrees : 0.000000
07-24 23:50:22.611  2411  2411 D NAVD    : Gnss::updateGnssLocation : Time:1546387200000, gnssLocationFlags : 31
07-24 23:50:22.611  2645  3138 I mediasdk_omx: mfx_omx_vdec_component: DecodeFrameAsync- sts 0, output surface 0xf2353488, DataLength 0, DataOffset 14174
