07-24 23:50:22.990  2411  2411 V NAVD    : CGMIPCMsgSplitter::handleData: Msg Tag :2 SubTag :15 Length; 10
07-24 23:50:22.990  2411  2411 E NAVD    : CGMIPCMsgSplitter counterVal 44890 
07-24 23:50:22.991  2411  2411 V NAVD    : CGMIPCMsgSplitter::handleData: len: 14, consumedBytes: 0
07-24 23:50:22.991  2411  2411 V NAVD    : CGMIPCMsgSplitter::handleData: Msg Tag :2 SubTag :15 Length; 10
07-24 23:50:22.991  2411  2411 E NAVD    : CGMIPCMsgSplitter counterVal 44891 
07-24 23:50:23.000  5139  5139 D GALServiceManager: isGalStarted() Enter
07-24 23:50:23.000  5139  5139 D GALServiceManager: linkServiceBinder() Binder is Linked Already
07-24 23:50:23.000  5139  5139 D GALServiceManager: isGalStarted() Exit
07-24 23:50:23.000  5139  5139 D GALServiceManager: sendTouchEvent() Enter
07-24 23:50:23.000  5139  5139 D GALServiceManager: linkServiceBinder() Binder is Linked Already
07-24 23:50:23.000  5139  5139 D GALServiceManager: sendTouchEvent() Exit
07-24 23:50:23.001  2645  3891 I mediasdk_omx: mfx_omx_vdec_component: EmptyThisBuffer(0xf2321d70) nTimeStamp 78823226000, nFilledLen 36642, nFlags 0x10
07-24 23:50:23.002  2645  3138 I mediasdk_omx: mfx_omx_vdec_component: DecodeFrameAsync+ DataLength 36642, DataOffset 0
07-24 23:50:23.002  2645  3138 I mediasdk_omx: mfx_omx_vdec_component: DecodeFrameAsync- sts 2, output surface 0x0, DataLength 36642, DataOffset 0
07-24 23:50:23.002  2645  3138 I mediasdk_omx: mfx_omx_vdec_component: DecodeFrameAsync+ DataLength 36642, DataOffset 0
07-24 23:50:23.003  2645  3138 I mediasdk_omx: mfx_omx_vdec_component: DecodeFrameAsync- sts 0, output surface 0xee345848, DataLength 0, DataOffset 36642
07-24 23:50:23.003  2645  3138 I mediasdk_omx: mfx_omx_vdec_component: pOutSurface, CropW: 1920, CropH: 1080, Width: 1920, Height: 1088, TimeStamp: 78823226000
07-24 23:50:23.003  2645  3139 I mediasdk_omx: mfx_omx_vdec_component: SyncOperation+
07-24 23:50:23.003  2645  3139 I mediasdk_omx: mfx_omx_vdec_component: SyncOperation-
07-24 23:50:23.003  2645  3138 I mediasdk_omx: mfx_omx_vdec_component: EmptyBufferDone(0xf2321d70)
07-24 23:50:23.003  2645  3139 I mediasdk_omx: mfx_omx_vdec_component: FillBufferDone(0xf2321f50) nTimeStamp 78823226000, nFilledLen 12, nFlags 0x0
07-24 23:50:23.004  2645  3891 I mediasdk_omx: mfx_omx_vdec_component: FillThisBuffer(0xf2321e60) nAllocLen 12
07-24 23:50:23.004  2645  3891 I mediasdk_omx: mfx_omx_srf_pool: ANWbuffer 0xf1f18fa8, gralloc handle 0xf1f04500, fence 38
07-24 23:50:23.009  3354  3501 D CarDrivingState: Property Changed: propId=291504647
07-24 23:50:23.010  2411  2411 V NAVD    : CGMIPCMsgSplitter::handleData: len: 30, consumedBytes: 0
07-24 23:50:23.010  2411  2411 V NAVD    : CGMIPCMsgSplitter::handleData: Msg Tag :19 SubTag :0 Length; 26
07-24 23:50:23.010  2411  2411 V NAVD    : CGMIPCMsgSplitter : Ext Position
07-24 23:50:23.011  2411  2411 V NAVD    : TCPTOGENIVI::raw  pos ipc values:latitude:0 longitude:0, height:-10000, heading:0 velocity :0 pDop :1023
07-24 23:50:23.011  2411  2411 V NAVD    : TCPTOGENIVI::raw  time ipc values:Date :20190102 Time :0
07-24 23:50:23.011  2411  2411 V NAVD    : TCPTOGENIVI::pos ipc values:latitude:0.000000 longitude:0.000000, height:-1000.000000, heading:0.000000 velocity :0.000000 pDop :0.000000
07-24 23:50:23.011  2411  2411 V NAVD    : TCPTOGENIVI::time ipc values:Year :2019 Month :0 Day :2 Hour :0 Minutes :0 Seconds :0
07-24 23:50:23.011  2411  2411 V NAVD    : CARPLAYDATACONSTRUCTOR onData : pos recv
07-24 23:50:23.011  2411  2411 V NAVD    : CARPLAYDATACONSTRUCTOR onData : time recv
07-24 23:50:23.011  2411  2411 V NAVD    : CARPLAYDATACONSTRUCTOR onData : speed recv
07-24 23:50:23.011  2411  2411 V NAVD    : CARPLAYFREQCONTROLLER onData :ALL CARPLAY DATA RECIEVED
07-24 23:50:23.011  2411  2411 V NAVD    : TCPTOGNSSHAL::raw  pos ipc values:latitude:0 longitude:0, height:-10000, heading:0 velocity :0 pDop :1023
07-24 23:50:23.011  2411  2411 V NAVD    : TCPTOGNSSHAL::raw  time ipc values:Date :20190102 Time :0
07-24 23:50:23.011  2411  2411 V NAVD    : TCPTOGNSSHAL::time ipc values:Year :2019 Month :0 Day :2 Hour :0 Minutes :0 Seconds :0
07-24 23:50:23.011  2411  2411 V NAVD    : TCPTOGNSSHAL::pos ipc values:latitude:0.000000 longitude:0.000000, height:-1000.000000, heading:0.000000 velocity :0.000000
07-24 23:50:23.011  2411  2411 V NAVD    : TCPTOGNSSHAL::time ipc values:Year :119 Month :0 Day :2 Hour :0 Minutes :0 Seconds :0
07-24 23:50:23.011  2411  2411 V NAVD    : TCPTOGNSSHAL::epoch time ipc values:epochtime :1546387200000 
07-24 23:50:23.011  2411  2411 D NAVD    : Gnss::updateGnssLocation : latitude : 0.000000, longitude : 0.000000, altitudeMeters : -1000.000000, speedMeters : 0.000000, bearingDegrees : 0.000000
07-24 23:50:23.011  2411  2411 D NAVD    : Gnss::updateGnssLocation : horizontalAccuracyMeters : 102.300003, verticalAccuracyMeters : 0.000000, speedAccuracyMetersPerSecond : 0.000000, bearingAccuracyDegrees : 0.000000
07-24 23:50:23.011  2411  2411 D NAVD    : Gnss::updateGnssLocation : Time:1546387200000, gnssLocationFlags : 31
07-24 23:50:23.012  3044  3942 I GnssLocationProvider: WakeLock acquired by sendMessage(REPORT_LOCATION, 1, Location[gps 0.000000,0.000000 hAcc=102 et=?!? alt=-1000.0 vel=0.0 bear=0.0 vAcc=??? sAcc=??? bAcc=???])
07-24 23:50:23.012  2411  2411 V NAVD    : TCPTONAVSENSHAL::raw  pos ipc values:latitude:0 longitude:0, height:-10000, heading:0 velocity :0 pDop :1023
07-24 23:50:23.012  2411  2411 V NAVD    : TCPTONAVSENSHAL::raw  time ipc values:Date :20190102 Time :0
07-24 23:50:23.012  2411  2411 V NAVD    : TCPTONAVSENSHAL::pos ipc values:latitude:0.000000 longitude:0.000000, height:-1000.000000, heading:0.000000 velocity :0.000000 pdop :102.300003
07-24 23:50:23.012  2411  2411 V NAVD    : TCPTONAVSENSHAL::time ipc values:Year :2019 Month :0 Day :2 Hour :0 Minutes :0 Seconds :0
07-24 23:50:23.012  2411  2411 V NAVD    : Navsens::setGNSSTime: Time - 15874812
07-24 23:50:23.012  3044  3063 I GnssLocationProvider: WakeLock released by handleMessage(REPORT_LOCATION, 1, Location[gps 0.000000,0.000000 hAcc=102 et=+4h24m34s813ms alt=-1000.0 vel=0.0 bear=0.0 vAcc=??? sAcc=??? bAcc=??? {Bundle[{satellites=0, maxCn0=0, meanCn0=0}]}])
07-24 23:50:23.012  2411  2411 V NAVD    : Navsens::setGNSSSatellites:Number of satellites - 0
07-24 23:50:23.013  2376  2376 E AI_NAV  : log_as_hex: Length too long (1312)
07-24 23:50:23.013  2376  2376 D AI_NAV  : SAT T 15874812 VIEW 0 USED 0 SNRAVG 0 SNRMIN 0 SNRMAX 0 HDOP 0 PDOP 1023 VDOP 0
07-24 23:50:23.013  2411  2411 V NAVD    : Navsens::setGNSSLocation
07-24 23:50:23.013  2411  2411 V NAVD    : Navsens::updateGnssHnrLocation
07-24 23:50:23.013  2376  2376 V AI_NAV  : $HRL_FC3AF2000000000000000000E2750000FC3AF20000000000E30700020000000000000000030000000300000000750000000000000000000000000000000000000000000000007AC4000000000000000000000000000000009A99CC4200000000000000000000000000000000551ABD1B00000000000000000000000000000000000000000000000067010000E2750000
07-24 23:50:23.013  2376  2376 D AI_NAV  : GNSSHighRateLocation: {.mTimestamp = 15874812, .mGpsTow = 0, .mUTCTime = {.timestamp = 15874812, .year = 2019, .month = 0, .day = 2, .hour = 0, .minute = 0, .second = 0, .ms = 0, .scale = GNSS_TIME_SCALE_UTC, .leapSeconds = 0, .validityBits = 3}, .mDRSource = GNSS_NO_DR, .mFixType = _NO, .mLatitude = 0.000000, .mLongitude = 0.000000, .mHeightEllipsoid = 0.000000, .mHeightMSL = -1000.000000, .mGroundSpeed = 0.000000, .mSpeed = 0.000000, .mHeadingMotion = 0.000000, .mHeadingVehicle = 0.000000, .mHorizontalAccuracy = 102.300003, .mVerticalAccuracy = 0.000000, .mSpeedAccuracy = 0.000000, .mHeadingAccuracy = 0.000000, .mNavATT = {.iTOW = 0, .version = 85, .roll = 0, .pitch = 0, .heading = 0, .accRoll = 0, .accPitch = 0, .accHeading = 0}, .mValidityBits = 359}
07-24 23:50:23.013  2376  2376 D AI_NAV  : INVALID GNSS T 15874812
07-24 23:50:23.013  2412  2875 D CoLibry : [MSG]@15874814 (2412.32767): T[2]HSU(30B) fq 90100, fs -6, hwQ 105, pQ 0, afQ 0 trdAfQ 0, mp 108, ofs -1000, adj 85, bw 55, dev 23, stp 0, ant 1, fs1 -99, fs2 -99, hl 5EECB57
07-24 23:50:23.014  2426  2426 W BufferLayer: [SurfaceView - com.gm.gal/com.gm.gal.hmi.activity.MainActivity#0] Timestamp 78823226000000 seems implausible relative to expectedPresent 15874827086949
07-24 23:50:23.016  5139  5139 D GALServiceManager: isGalStarted() Enter
07-24 23:50:23.016  5139  5139 D GALServiceManager: linkServiceBinder() Binder is Linked Already
07-24 23:50:23.017  5139  5139 D GALServiceManager: isGalStarted() Exit
07-24 23:50:23.017  5139  5139 D GALServiceManager: sendTouchEvent() Enter
07-24 23:50:23.017  5139  5139 D GALServiceManager: linkServiceBinder() Binder is Linked Already
07-24 23:50:23.017  5139  5139 D GALServiceManager: sendTouchEvent() Exit
07-24 23:50:23.033  5139  5139 D GALServiceManager: isGalStarted() Enter
07-24 23:50:23.033  5139  5139 D GALServiceManager: linkServiceBinder() Binder is Linked Already
07-24 23:50:23.033  5139  5139 D GALServiceManager: isGalStarted() Exit
07-24 23:50:23.033  5139  5139 D GALServiceManager: sendTouchEvent() Enter
07-24 23:50:23.033  5139  5139 D GALServiceManager: linkServiceBinder() Binder is Linked Already
07-24 23:50:23.033  5139  5139 D GALServiceManager: sendTouchEvent() Exit
07-24 23:50:23.040  2411  2411 V NAVD    : CGMIPCMsgSplitter::handleData: len: 7, consumedBytes: 0
07-24 23:50:23.040  2411  2411 V NAVD    : CGMIPCMsgSplitter::handleData: Msg Tag :12 SubTag :0 Length; 1
07-24 23:50:23.040  2411  2411 V NAVD    : CGMIPCMsgSplitter : GearInfo
07-24 23:50:23.040  2411  2411 V NAVD    : TCPTOGENIVI::raw  gear ipc values:GearInfo:0
07-24 23:50:23.040  2411  2411 V NAVD    : TCPTOGENIVI::gear ipc values:GearInfo:D
07-24 23:50:23.040  2411  2411 V NAVD    : CARPLAYDATACONSTRUCTOR onData : transmissionstate recv
07-24 23:50:23.041  2411  2411 V NAVD    : CGMIPCMsgSplitter::handleData: len: 14, consumedBytes: 0
07-24 23:50:23.041  2411  2411 V NAVD    : CGMIPCMsgSplitter::handleData: Msg Tag :2 SubTag :15 Length; 10
07-24 23:50:23.041  2411  2411 E NAVD    : CGMIPCMsgSplitter counterVal 44892 
07-24 23:50:23.042  2411  2411 V NAVD    : CGMIPCMsgSplitter::handleData: len: 14, consumedBytes: 0
07-24 23:50:23.042  2411  2411 V NAVD    : CGMIPCMsgSplitter::handleData: Msg Tag :2 SubTag :15 Length; 10
07-24 23:50:23.042  2411  2411 E NAVD    : CGMIPCMsgSplitter counterVal 44893 
07-24 23:50:23.044  2645  3891 I mediasdk_omx: mfx_omx_vdec_component: EmptyThisBuffer(0xf2321b40) nTimeStamp 78823264000, nFilledLen 50596, nFlags 0x10
07-24 23:50:23.044  2645  3138 I mediasdk_omx: mfx_omx_vdec_component: DecodeFrameAsync+ DataLength 50596, DataOffset 0
07-24 23:50:23.044  2645  3138 I mediasdk_omx: mfx_omx_vdec_component: DecodeFrameAsync- sts 2, output surface 0x0, DataLength 50596, DataOffset 0
07-24 23:50:23.044  2645  3138 I mediasdk_omx: mfx_omx_vdec_component: DecodeFrameAsync+ DataLength 50596, DataOffset 0
07-24 23:50:23.045  2645  3138 I mediasdk_omx: mfx_omx_vdec_component: DecodeFrameAsync- sts 0, output surface 0xee345488, DataLength 0, DataOffset 50596
07-24 23:50:23.045  2645  3138 I mediasdk_omx: mfx_omx_vdec_component: pOutSurface, CropW: 1920, CropH: 1080, Width: 1920, Height: 1088, TimeStamp: 78823264000
07-24 23:50:23.045  2645  3139 I mediasdk_omx: mfx_omx_vdec_component: SyncOperation+
07-24 23:50:23.045  2645  3139 I mediasdk_omx: mfx_omx_vdec_component: SyncOperation-
07-24 23:50:23.045  2645  3138 I mediasdk_omx: mfx_omx_vdec_component: EmptyBufferDone(0xf2321b40)
07-24 23:50:23.045  2645  3139 I mediasdk_omx: mfx_omx_vdec_component: FillBufferDone(0xf2321e10) nTimeStamp 78823264000, nFilledLen 12, nFlags 0x0
07-24 23:50:23.046  2645  3891 I mediasdk_omx: mfx_omx_vdec_component: FillThisBuffer(0xf2321f00) nAllocLen 12
07-24 23:50:23.046  2645  3891 I mediasdk_omx: mfx_omx_srf_pool: ANWbuffer 0xf1f190e8, gralloc handle 0xf1f045e0, fence 38
07-24 23:50:23.047  2426  2426 W BufferLayer: [SurfaceView - com.gm.gal/com.gm.gal.hmi.activity.MainActivity#0] Timestamp 78823264000000 seems implausible relative to expectedPresent 15874860411339
07-24 23:50:23.049  2412  2875 D CoLibry : [MSG]@15874851 (2412.32767): T[2]HSU(30B) fq 89900, fs -7, hwQ 41, pQ 0, afQ 0 trdAfQ 0, mp 148, ofs 0, adj 89, bw 55, dev 24, stp 0, ant 1, fs1 -99, fs2 -99, hl 5EECB57
07-24 23:50:23.059  5139  5139 D GALServiceManager: isGalStarted() Enter
07-24 23:50:23.059  5139  5139 D GALServiceManager: linkServiceBinder() Binder is Linked Already
07-24 23:50:23.059  5139  5139 D GALServiceManager: isGalStarted() Exit
07-24 23:50:23.059  5139  5139 D GALServiceManager: sendTouchEvent() Enter
07-24 23:50:23.059  5139  5139 D GALServiceManager: linkServiceBinder() Binder is Linked Already
07-24 23:50:23.059  5139  5139 D GALServiceManager: sendTouchEvent() Exit
07-24 23:50:23.076  2645  3891 I mediasdk_omx: mfx_omx_vdec_component: EmptyThisBuffer(0xf2321cd0) nTimeStamp 78823304000, nFilledLen 28486, nFlags 0x10
07-24 23:50:23.076  2645  3138 I mediasdk_omx: mfx_omx_vdec_component: DecodeFrameAsync+ DataLength 28486, DataOffset 0
07-24 23:50:23.076  2645  3138 I mediasdk_omx: mfx_omx_vdec_component: DecodeFrameAsync- sts 2, output surface 0x0, DataLength 28486, DataOffset 0
07-24 23:50:23.076  2645  3138 I mediasdk_omx: mfx_omx_vdec_component: DecodeFrameAsync+ DataLength 28486, DataOffset 0
07-24 23:50:23.076  2645  3138 I mediasdk_omx: mfx_omx_vdec_component: DecodeFrameAsync- sts 0, output surface 0xee345908, DataLength 0, DataOffset 28486
07-24 23:50:23.077  2645  3138 I mediasdk_omx: mfx_omx_vdec_component: pOutSurface, CropW: 1920, CropH: 1080, Width: 1920, Height: 1088, TimeStamp: 78823304000
07-24 23:50:23.077  2645  3139 I mediasdk_omx: mfx_omx_vdec_component: SyncOperation+
07-24 23:50:23.077  2645  3139 I mediasdk_omx: mfx_omx_vdec_component: SyncOperation-
07-24 23:50:23.077  2645  3138 I mediasdk_omx: mfx_omx_vdec_component: EmptyBufferDone(0xf2321cd0)
07-24 23:50:23.077  2645  3139 I mediasdk_omx: mfx_omx_vdec_component: FillBufferDone(0xf2321fa0) nTimeStamp 78823304000, nFilledLen 12, nFlags 0x0
07-24 23:50:23.078  2645  3891 I mediasdk_omx: mfx_omx_vdec_component: FillThisBuffer(0xf1f11960) nAllocLen 12
07-24 23:50:23.078  2645  3891 I mediasdk_omx: mfx_omx_srf_pool: ANWbuffer 0xf1f19368, gralloc handle 0xf1f047a0, fence 38
07-24 23:50:23.080  2426  2426 W BufferLayer: [SurfaceView - com.gm.gal/com.gm.gal.hmi.activity.MainActivity#0] Timestamp 78823304000000 seems implausible relative to expectedPresent 15874893755233
07-24 23:50:23.086  2412  2875 D CoLibry : [MSG]@15874887 (2412.32767): T[2]HSU(30B) fq 107500, fs -6, hwQ 53, pQ 0, afQ 0 trdAfQ 0, mp 134, ofs 0, adj 99, bw 55, dev 24, stp 0, ant 1, fs1 -99, fs2 -99, hl 5EECB57
07-24 23:50:23.090  2411  2411 V NAVD    : CGMIPCMsgSplitter::handleData: len: 14, consumedBytes: 0
07-24 23:50:23.090  2411  2411 V NAVD    : CGMIPCMsgSplitter::handleData: Msg Tag :2 SubTag :15 Length; 10
07-24 23:50:23.090  2411  2411 E NAVD    : CGMIPCMsgSplitter counterVal 44894 
07-24 23:50:23.091  2411  2411 V NAVD    : CGMIPCMsgSplitter::handleData: len: 14, consumedBytes: 0
07-24 23:50:23.091  2411  2411 V NAVD    : CGMIPCMsgSplitter::handleData: Msg Tag :2 SubTag :15 Length; 10
07-24 23:50:23.091  2411  2411 E NAVD    : CGMIPCMsgSplitter counterVal 44895 
07-24 23:50:23.092  4554  4587 I FSANetCommsClient: FSA: caught ioexception during InitializeSocket(): java.net.NoRouteToHostException: Host unreachable
07-24 23:50:23.111  3254  3290 E pal_vehicle: [VDATA:VEHICLE_COMMON] convert_result API: get_vehicle_speed_driven_and_transmission_range_protected_vehicle_speed_average_driven_authenticated FAILED pal_vdata_convert_result() is 6
07-24 23:50:23.111  2411  2411 V NAVD    : CGMIPCMsgSplitter::handleData: len: 30, consumedBytes: 0
07-24 23:50:23.111  2411  2411 V NAVD    : CGMIPCMsgSplitter::handleData: Msg Tag :19 SubTag :0 Length; 26
07-24 23:50:23.111  2411  2411 V NAVD    : CGMIPCMsgSplitter : Ext Position
07-24 23:50:23.111  2411  2411 V NAVD    : TCPTOGENIVI::raw  pos ipc values:latitude:0 longitude:0, height:-10000, heading:0 velocity :0 pDop :1023
07-24 23:50:23.111  2411  2411 V NAVD    : TCPTOGENIVI::raw  time ipc values:Date :20190102 Time :0
07-24 23:50:23.111  2411  2411 V NAVD    : TCPTOGENIVI::pos ipc values:latitude:0.000000 longitude:0.000000, height:-1000.000000, heading:0.000000 velocity :0.000000 pDop :0.000000
07-24 23:50:23.111  2411  2411 V NAVD    : TCPTOGENIVI::time ipc values:Year :2019 Month :0 Day :2 Hour :0 Minutes :0 Seconds :0
07-24 23:50:23.111  2411  2411 V NAVD    : CARPLAYDATACONSTRUCTOR onData : pos recv
07-24 23:50:23.111  2411  2411 V NAVD    : CARPLAYDATACONSTRUCTOR onData : time recv
07-24 23:50:23.111  2411  2411 V NAVD    : CARPLAYDATACONSTRUCTOR onData : speed recv
07-24 23:50:23.111  2411  2411 V NAVD    : CARPLAYFREQCONTROLLER onData :ALL CARPLAY DATA RECIEVED
07-24 23:50:23.111  2411  2411 V NAVD    : TCPTOGNSSHAL::raw  pos ipc values:latitude:0 longitude:0, height:-10000, heading:0 velocity :0 pDop :1023
07-24 23:50:23.111  2411  2411 V NAVD    : TCPTOGNSSHAL::raw  time ipc values:Date :20190102 Time :0
07-24 23:50:23.111  2411  2411 V NAVD    : TCPTOGNSSHAL::time ipc values:Year :2019 Month :0 Day :2 Hour :0 Minutes :0 Seconds :0
07-24 23:50:23.111  2411  2411 V NAVD    : TCPTOGNSSHAL::pos ipc values:latitude:0.000000 longitude:0.000000, height:-1000.000000, heading:0.000000 velocity :0.000000
07-24 23:50:23.111  2411  2411 V NAVD    : TCPTOGNSSHAL::time ipc values:Year :119 Month :0 Day :2 Hour :0 Minutes :0 Seconds :0
07-24 23:50:23.111  2411  2411 V NAVD    : TCPTOGNSSHAL::epoch time ipc values:epochtime :1546387200000 
07-24 23:50:23.111  2411  2411 D NAVD    : Gnss::updateGnssLocation : latitude : 0.000000, longitude : 0.000000, altitudeMeters : -1000.000000, speedMeters : 0.000000, bearingDegrees : 0.000000
07-24 23:50:23.111  2411  2411 D NAVD    : Gnss::updateGnssLocation : horizontalAccuracyMeters : 102.300003, verticalAccuracyMeters : 0.000000, speedAccuracyMetersPerSecond : 0.000000, bearingAccuracyDegrees : 0.000000
07-24 23:50:23.111  2411  2411 D NAVD    : Gnss::updateGnssLocation : Time:1546387200000, gnssLocationFlags : 31
07-24 23:50:23.112  3044  3942 I GnssLocationProvider: WakeLock acquired by sendMessage(REPORT_LOCATION, 1, Location[gps 0.000000,0.000000 hAcc=102 et=?!? alt=-1000.0 vel=0.0 bear=0.0 vAcc=??? sAcc=??? bAcc=???])
07-24 23:50:23.113  3044  3063 I GnssLocationProvider: WakeLock released by handleMessage(REPORT_LOCATION, 1, Location[gps 0.000000,0.000000 hAcc=102 et=+4h24m34s914ms alt=-1000.0 vel=0.0 bear=0.0 vAcc=??? sAcc=??? bAcc=??? {Bundle[{satellites=0, maxCn0=0, meanCn0=0}]}])
07-24 23:50:23.114  2411  2411 V NAVD    : TCPTONAVSENSHAL::raw  pos ipc values:latitude:0 longitude:0, height:-10000, heading:0 velocity :0 pDop :1023
07-24 23:50:23.114  2411  2411 V NAVD    : TCPTONAVSENSHAL::raw  time ipc values:Date :20190102 Time :0
07-24 23:50:23.114  2411  2411 V NAVD    : TCPTONAVSENSHAL::pos ipc values:latitude:0.000000 longitude:0.000000, height:-1000.000000, heading:0.000000 velocity :0.000000 pdop :102.300003
07-24 23:50:23.114  2411  2411 V NAVD    : TCPTONAVSENSHAL::time ipc values:Year :2019 Month :0 Day :2 Hour :0 Minutes :0 Seconds :0
07-24 23:50:23.114  2411  2411 V NAVD    : Navsens::setGNSSTime: Time - 15874912
07-24 23:50:23.115  2411  2411 V NAVD    : Navsens::setGNSSSatellites:Number of satellites - 0
07-24 23:50:23.115  2376  2376 E AI_NAV  : log_as_hex: Length too long (1312)
07-24 23:50:23.115  2376  2376 D AI_NAV  : SAT T 15874912 VIEW 0 USED 0 SNRAVG 0 SNRMIN 0 SNRMAX 0 HDOP 0 PDOP 1023 VDOP 0
07-24 23:50:23.115  2411  2411 V NAVD    : Navsens::setGNSSLocation
07-24 23:50:23.115  3254  3290 E pal_vehicle: [VDATA:VEHICLE_COMMON] convert_result API: get_compass_corrected_heading FAILED pal_vdata_convert_result() is 6
07-24 23:50:23.115  2411  2411 V NAVD    : Navsens::updateGnssHnrLocation
07-24 23:50:23.115  2376  2376 V AI_NAV  : $HRL_603BF2000000000000000000E2750000603BF20000000000E30700020000000000000000030000000300000000750000000000000000000000000000000000000000000000007AC4000000000000000000000000000000009A99CC4200000000000000000000000000000000551ABD1B00000000000000000000000000000000000000000000000067010000E2750000
07-24 23:50:23.116  2376  2376 D AI_NAV  : GNSSHighRateLocation: {.mTimestamp = 15874912, .mGpsTow = 0, .mUTCTime = {.timestamp = 15874912, .year = 2019, .month = 0, .day = 2, .hour = 0, .minute = 0, .second = 0, .ms = 0, .scale = GNSS_TIME_SCALE_UTC, .leapSeconds = 0, .validityBits = 3}, .mDRSource = GNSS_NO_DR, .mFixType = _NO, .mLatitude = 0.000000, .mLongitude = 0.000000, .mHeightEllipsoid = 0.000000, .mHeightMSL = -1000.000000, .mGroundSpeed = 0.000000, .mSpeed = 0.000000, .mHeadingMotion = 0.000000, .mHeadingVehicle = 0.000000, .mHorizontalAccuracy = 102.300003, .mVerticalAccuracy = 0.000000, .mSpeedAccuracy = 0.000000, .mHeadingAccuracy = 0.000000, .mNavATT = {.iTOW = 0, .version = 85, .roll = 0, .pitch = 0, .heading = 0, .accRoll = 0, .accPitch = 0, .accHeading = 0}, .mValidityBits = 359}
07-24 23:50:23.116  2376  2376 D AI_NAV  : INVALID GNSS T 15874912
07-24 23:50:23.117  3254  3290 E pal_vehicle: [VDATA:VEHICLE_COMMON] convert_result API: get_yaw_rate_protected_yaw_rate_authenticated FAILED pal_vdata_convert_result() is 6
07-24 23:50:23.122  2412  2875 D CoLibry : [MSG]@15874923 (2412.32767): T[2]HSU(30B) fq 107300, fs -5, hwQ 65, pQ 0, afQ 0 trdAfQ 0, mp 126, ofs 0, adj 87, bw 55, dev 25, stp 0, ant 1, fs1 -99, fs2 -99, hl 5EECB57
07-24 23:50:23.126  2645  3891 I mediasdk_omx: mfx_omx_vdec_component: EmptyThisBuffer(0xf2321d20) nTimeStamp 78823340000, nFilledLen 82948, nFlags 0x10
07-24 23:50:23.126  2645  3138 I mediasdk_omx: mfx_omx_vdec_component: DecodeFrameAsync+ DataLength 82948, DataOffset 0
07-24 23:50:23.127  2645  3138 I mediasdk_omx: mfx_omx_vdec_component: DecodeFrameAsync- sts 2, output surface 0x0, DataLength 82948, DataOffset 0
07-24 23:50:23.127  2645  3138 I mediasdk_omx: mfx_omx_vdec_component: DecodeFrameAsync+ DataLength 82948, DataOffset 0
07-24 23:50:23.128  2645  3138 I mediasdk_omx: mfx_omx_vdec_component: DecodeFrameAsync- sts 0, output surface 0xee345788, DataLength 0, DataOffset 82948
07-24 23:50:23.128  2645  3138 I mediasdk_omx: mfx_omx_vdec_component: pOutSurface, CropW: 1920, CropH: 1080, Width: 1920, Height: 1088, TimeStamp: 78823340000
07-24 23:50:23.128  2645  3139 I mediasdk_omx: mfx_omx_vdec_component: SyncOperation+
07-24 23:50:23.128  2645  3139 I mediasdk_omx: mfx_omx_vdec_component: SyncOperation-
07-24 23:50:23.128  2645  3139 I mediasdk_omx: mfx_omx_vdec_component: FillBufferDone(0xf2321dc0) nTimeStamp 78823340000, nFilledLen 12, nFlags 0x0
07-24 23:50:23.128  2645  3138 I mediasdk_omx: mfx_omx_vdec_component: EmptyBufferDone(0xf2321d20)
07-24 23:50:23.131  2645  3891 I mediasdk_omx: mfx_omx_vdec_component: FillThisBuffer(0xf1f11910) nAllocLen 12
07-24 23:50:23.131  2645  3891 I mediasdk_omx: mfx_omx_srf_pool: ANWbuffer 0xf1f19228, gralloc handle 0xf1f046c0, fence 38
07-24 23:50:23.139  2412  2854 D CoLibry : [MSG]@15874941 (2412.0): [vendor.harman.tuner-service/2412]  TUN_BTS Mon Jan  7 15:10:10 UTC 2019 /home/yoctoadm/P4/Tuner/T013/titan/9940_xx/x86/imp/handler/onoff/pf/src/private 
07-24 23:50:23.140  2412  2854 D CoLibry : [MSG]@15874941 (2412.0): [vendor.harman.tuner-service/2412]  TUN_MEM [KBytes] code: 9828 resident cur: 19472 avg(530): 19410 max: 19504
07-24 23:50:23.140  2411  2411 V NAVD    : CGMIPCMsgSplitter::handleData: len: 7, consumedBytes: 0
07-24 23:50:23.140  2411  2411 V NAVD    : CGMIPCMsgSplitter::handleData: Msg Tag :12 SubTag :0 Length; 1
07-24 23:50:23.140  2411  2411 V NAVD    : CGMIPCMsgSplitter : GearInfo
07-24 23:50:23.140  2411  2411 V NAVD    : TCPTOGENIVI::raw  gear ipc values:GearInfo:0
07-24 23:50:23.140  2411  2411 V NAVD    : TCPTOGENIVI::gear ipc values:GearInfo:D
07-24 23:50:23.140  2411  2411 V NAVD    : CARPLAYDATACONSTRUCTOR onData : transmissionstate recv
07-24 23:50:23.141  2411  2411 V NAVD    : CGMIPCMsgSplitter::handleData: len: 14, consumedBytes: 0
07-24 23:50:23.141  2411  2411 V NAVD    : CGMIPCMsgSplitter::handleData: Msg Tag :2 SubTag :15 Length; 10
07-24 23:50:23.141  2411  2411 E NAVD    : CGMIPCMsgSplitter counterVal 44896 
07-24 23:50:23.141  2412  2854 D CoLibry : [MSG]@15874943 (2412.0): [vendor.harman.tuner-service/2412]  TUN_MAP [KBytes] rxp-tot: 0 rwp-ano: 0
07-24 23:50:23.142  2411  2411 V NAVD    : CGMIPCMsgSplitter::handleData: len: 14, consumedBytes: 0
07-24 23:50:23.142  2411  2411 V NAVD    : CGMIPCMsgSplitter::handleData: Msg Tag :2 SubTag :15 Length; 10
07-24 23:50:23.142  2411  2411 E NAVD    : CGMIPCMsgSplitter counterVal 44897 
07-24 23:50:23.142  2412  2854 D CoLibry : [MSG]@15874943 (2412.0): [vendor.harman.tuner-service/2412]  TUN_CPU cur: 1.378468% avg(530): 1.463184% max: 1.630871% threads: 38 (idle: 53.105915%)
07-24 23:50:23.147  2651  2675 I lvds_device: I2C read data :0x02 size : 1
07-24 23:50:23.147  2651  2675 I lvds_device: updateRvcStatus to 1
07-24 23:50:23.147  2426  2426 W BufferLayer: [SurfaceView - com.gm.gal/com.gm.gal.hmi.activity.MainActivity#0] Timestamp 78823340000000 seems implausible relative to expectedPresent 15874960413475
07-24 23:50:23.158  2412  2875 D CoLibry : [MSG]@15874960 (2412.32767): T[2]HSU(30B) fq 93300, fs -8, hwQ 93, pQ 0, afQ 0 trdAfQ 0, mp 114, ofs 0, adj 82, bw 55, dev 25, stp 0, ant 1, fs1 -99, fs2 -99, hl 5EECB57
07-24 23:50:23.190  2411  2411 V NAVD    : CGMIPCMsgSplitter::handleData: len: 14, consumedBytes: 0
07-24 23:50:23.190  2411  2411 V NAVD    : CGMIPCMsgSplitter::handleData: Msg Tag :2 SubTag :15 Length; 10
07-24 23:50:23.190  2411  2411 E NAVD    : CGMIPCMsgSplitter counterVal 44898 
07-24 23:50:23.191  2411  2411 V NAVD    : CGMIPCMsgSplitter::handleData: len: 14, consumedBytes: 0
07-24 23:50:23.191  2411  2411 V NAVD    : CGMIPCMsgSplitter::handleData: Msg Tag :2 SubTag :15 Length; 10
07-24 23:50:23.191  2411  2411 E NAVD    : CGMIPCMsgSplitter counterVal 44899 
07-24 23:50:23.192  5139  5139 D GALServiceManager: isGalStarted() Enter
07-24 23:50:23.192  5139  5139 D GALServiceManager: linkServiceBinder() Binder is Linked Already
07-24 23:50:23.192  5139  5139 D GALServiceManager: isGalStarted() Exit
07-24 23:50:23.193  5139  5139 D GALServiceManager: sendTouchEvent() Enter
07-24 23:50:23.193  5139  5139 D GALServiceManager: linkServiceBinder() Binder is Linked Already
07-24 23:50:23.193  5139  5139 D GALServiceManager: sendTouchEvent() Exit
07-24 23:50:23.194  2412  2875 D CoLibry : [MSG]@15874996 (2412.32767): T[2]HSU(30B) fq 92900, fs -7, hwQ 89, pQ 0, afQ 0 trdAfQ 0, mp 87, ofs 0, adj 99, bw 55, dev 23, stp 0, ant 1, fs1 -99, fs2 -99, hl 5EECB57
07-24 23:50:23.209  2645  3891 I mediasdk_omx: mfx_omx_vdec_component: EmptyThisBuffer(0xf2321d70) nTimeStamp 78823383000, nFilledLen 190722, nFlags 0x10
07-24 23:50:23.209  2645  3138 I mediasdk_omx: mfx_omx_vdec_component: DecodeFrameAsync+ DataLength 190722, DataOffset 0
07-24 23:50:23.209  2645  3138 I mediasdk_omx: mfx_omx_vdec_component: DecodeFrameAsync- sts 2, output surface 0x0, DataLength 190722, DataOffset 0
07-24 23:50:23.209  2645  3138 I mediasdk_omx: mfx_omx_vdec_component: DecodeFrameAsync+ DataLength 190722, DataOffset 0
07-24 23:50:23.209  3354  3501 D CarDrivingState: Property Changed: propId=291504647
07-24 23:50:23.210  2645  3138 I mediasdk_omx: mfx_omx_vdec_component: DecodeFrameAsync- sts 0, output surface 0xf2353608, DataLength 0, DataOffset 190722
07-24 23:50:23.210  2645  3138 I mediasdk_omx: mfx_omx_vdec_component: pOutSurface, CropW: 1920, CropH: 1080, Width: 1920, Height: 1088, TimeStamp: 78823383000
07-24 23:50:23.210  2645  3139 I mediasdk_omx: mfx_omx_vdec_component: SyncOperation+
07-24 23:50:23.210  2645  3139 I mediasdk_omx: mfx_omx_vdec_component: SyncOperation-
07-24 23:50:23.210  2645  3138 I mediasdk_omx: mfx_omx_vdec_component: EmptyBufferDone(0xf2321d70)
07-24 23:50:23.210  2645  3139 I mediasdk_omx: mfx_omx_vdec_component: FillBufferDone(0xf2321e60) nTimeStamp 78823383000, nFilledLen 12, nFlags 0x0
07-24 23:50:23.211  2411  2411 V NAVD    : CGMIPCMsgSplitter::handleData: len: 30, consumedBytes: 0
07-24 23:50:23.211  2411  2411 V NAVD    : CGMIPCMsgSplitter::handleData: Msg Tag :19 SubTag :0 Length; 26
07-24 23:50:23.211  2411  2411 V NAVD    : CGMIPCMsgSplitter : Ext Position
07-24 23:50:23.211  2411  2411 V NAVD    : TCPTOGENIVI::raw  pos ipc values:latitude:0 longitude:0, height:-10000, heading:0 velocity :0 pDop :1023
07-24 23:50:23.212  2411  2411 V NAVD    : TCPTOGENIVI::raw  time ipc values:Date :20190102 Time :0
07-24 23:50:23.212  2411  2411 V NAVD    : TCPTOGENIVI::pos ipc values:latitude:0.000000 longitude:0.000000, height:-1000.000000, heading:0.000000 velocity :0.000000 pDop :0.000000
07-24 23:50:23.212  2411  2411 V NAVD    : TCPTOGENIVI::time ipc values:Year :2019 Month :0 Day :2 Hour :0 Minutes :0 Seconds :0
07-24 23:50:23.212  2411  2411 V NAVD    : CARPLAYDATACONSTRUCTOR onData : pos recv
07-24 23:50:23.212  2411  2411 V NAVD    : CARPLAYDATACONSTRUCTOR onData : time recv
07-24 23:50:23.212  2411  2411 V NAVD    : CARPLAYDATACONSTRUCTOR onData : speed recv
07-24 23:50:23.212  2411  2411 V NAVD    : CARPLAYFREQCONTROLLER onData :ALL CARPLAY DATA RECIEVED
07-24 23:50:23.212  2411  2411 V NAVD    : TCPTOGNSSHAL::raw  pos ipc values:latitude:0 longitude:0, height:-10000, heading:0 velocity :0 pDop :1023
07-24 23:50:23.212  2411  2411 V NAVD    : TCPTOGNSSHAL::raw  time ipc values:Date :20190102 Time :0
07-24 23:50:23.212  2411  2411 V NAVD    : TCPTOGNSSHAL::time ipc values:Year :2019 Month :0 Day :2 Hour :0 Minutes :0 Seconds :0
07-24 23:50:23.212  2411  2411 V NAVD    : TCPTOGNSSHAL::pos ipc values:latitude:0.000000 longitude:0.000000, height:-1000.000000, heading:0.000000 velocity :0.000000
07-24 23:50:23.212  2411  2411 V NAVD    : TCPTOGNSSHAL::time ipc values:Year :119 Month :0 Day :2 Hour :0 Minutes :0 Seconds :0
07-24 23:50:23.212  2411  2411 V NAVD    : TCPTOGNSSHAL::epoch time ipc values:epochtime :1546387200000 
07-24 23:50:23.212  2411  2411 D NAVD    : Gnss::updateGnssLocation : latitude : 0.000000, longitude : 0.000000, altitudeMeters : -1000.000000, speedMeters : 0.000000, bearingDegrees : 0.000000
07-24 23:50:23.212  2411  2411 D NAVD    : Gnss::updateGnssLocation : horizontalAccuracyMeters : 102.300003, verticalAccuracyMeters : 0.000000, speedAccuracyMetersPerSecond : 0.000000, bearingAccuracyDegrees : 0.000000
07-24 23:50:23.212  2411  2411 D NAVD    : Gnss::updateGnssLocation : Time:1546387200000, gnssLocationFlags : 31
07-24 23:50:23.213  2645  3891 I mediasdk_omx: mfx_omx_vdec_component: FillThisBuffer(0xf2321f50) nAllocLen 12
07-24 23:50:23.213  2645  3891 I mediasdk_omx: mfx_omx_srf_pool: ANWbuffer 0xf1f18be8, gralloc handle 0xf1f03e00, fence 38
07-24 23:50:23.213  3044  3942 I GnssLocationProvider: WakeLock acquired by sendMessage(REPORT_LOCATION, 1, Location[gps 0.000000,0.000000 hAcc=102 et=?!? alt=-1000.0 vel=0.0 bear=0.0 vAcc=??? sAcc=??? bAcc=???])
07-24 23:50:23.214  2426  2426 W BufferLayer: [SurfaceView - com.gm.gal/com.gm.gal.hmi.activity.MainActivity#0] Timestamp 78823383000000 seems implausible relative to expectedPresent 15875027093806
07-24 23:50:23.214  2411  2411 V NAVD    : TCPTONAVSENSHAL::raw  pos ipc values:latitude:0 longitude:0, height:-10000, heading:0 velocity :0 pDop :1023
07-24 23:50:23.214  2411  2411 V NAVD    : TCPTONAVSENSHAL::raw  time ipc values:Date :20190102 Time :0
07-24 23:50:23.214  2411  2411 V NAVD    : TCPTONAVSENSHAL::pos ipc values:latitude:0.000000 longitude:0.000000, height:-1000.000000, heading:0.000000 velocity :0.000000 pdop :102.300003
07-24 23:50:23.214  2411  2411 V NAVD    : TCPTONAVSENSHAL::time ipc values:Year :2019 Month :0 Day :2 Hour :0 Minutes :0 Seconds :0
07-24 23:50:23.214  2411  2411 V NAVD    : Navsens::setGNSSTime: Time - 15875013
07-24 23:50:23.215  3044  3063 I GnssLocationProvider: WakeLock released by handleMessage(REPORT_LOCATION, 1, Location[gps 0.000000,0.000000 hAcc=102 et=+4h24m35s16ms alt=-1000.0 vel=0.0 bear=0.0 vAcc=??? sAcc=??? bAcc=??? {Bundle[{satellites=0, maxCn0=0, meanCn0=0}]}])
07-24 23:50:23.215  2411  2411 V NAVD    : Navsens::setGNSSSatellites:Number of satellites - 0
07-24 23:50:23.215  2376  2376 E AI_NAV  : log_as_hex: Length too long (1312)
07-24 23:50:23.215  2376  2376 D AI_NAV  : SAT T 15875013 VIEW 0 USED 0 SNRAVG 0 SNRMIN 0 SNRMAX 0 HDOP 0 PDOP 1023 VDOP 0
07-24 23:50:23.215  2411  2411 V NAVD    : Navsens::setGNSSLocation
07-24 23:50:23.215  2411  2411 V NAVD    : Navsens::updateGnssHnrLocation
07-24 23:50:23.216  2376  2376 V AI_NAV  : $HRL_C53BF2000000000000000000E2750000C53BF20000000000E30700020000000000000000030000000300000000750000000000000000000000000000000000000000000000007AC4000000000000000000000000000000009A99CC4200000000000000000000000000000000551ABD1B00000000000000000000000000000000000000000000000067010000E2750000
07-24 23:50:23.216  2376  2376 D AI_NAV  : GNSSHighRateLocation: {.mTimestamp = 15875013, .mGpsTow = 0, .mUTCTime = {.timestamp = 15875013, .year = 2019, .month = 0, .day = 2, .hour = 0, .minute = 0, .second = 0, .ms = 0, .scale = GNSS_TIME_SCALE_UTC, .leapSeconds = 0, .validityBits = 3}, .mDRSource = GNSS_NO_DR, .mFixType = _NO, .mLatitude = 0.000000, .mLongitude = 0.000000, .mHeightEllipsoid = 0.000000, .mHeightMSL = -1000.000000, .mGroundSpeed = 0.000000, .mSpeed = 0.000000, .mHeadingMotion = 0.000000, .mHeadingVehicle = 0.000000, .mHorizontalAccuracy = 102.300003, .mVerticalAccuracy = 0.000000, .mSpeedAccuracy = 0.000000, .mHeadingAccuracy = 0.000000, .mNavATT = {.iTOW = 0, .version = 85, .roll = 0, .pitch = 0, .heading = 0, .accRoll = 0, .accPitch = 0, .accHeading = 0}, .mValidityBits = 359}
07-24 23:50:23.216  2376  2376 D AI_NAV  : INVALID GNSS T 15875013
07-24 23:50:23.216  5139  5139 D GALServiceManager: isGalStarted() Enter
07-24 23:50:23.216  5139  5139 D GALServiceManager: linkServiceBinder() Binder is Linked Already
07-24 23:50:23.217  5139  5139 D GALServiceManager: isGalStarted() Exit
07-24 23:50:23.217  5139  5139 D GALServiceManager: sendTouchEvent() Enter
07-24 23:50:23.217  5139  5139 D GALServiceManager: linkServiceBinder() Binder is Linked Already
07-24 23:50:23.217  5139  5139 D GALServiceManager: sendTouchEvent() Exit
07-24 23:50:23.230  4554  4587 I FSAClient: FSA: could not connect to server 192.168.1.106:9010, retrying
07-24 23:50:23.230  4554  4587 D FSANetCommsClient: FSA: client attempting to connect to server
07-24 23:50:23.230  4554  4587 I FSANetCommsClient: FSA: intializing client tcp socket, ip:port is 192.168.1.106:9010
07-24 23:50:23.231  2412  2875 D CoLibry : [MSG]@15875032 (2412.32767): T[2]HSU(30B) fq 92700, fs -8, hwQ 75, pQ 0, afQ 0 trdAfQ 0, mp 123, ofs 0, adj 99, bw 55, dev 23, stp 0, ant 1, fs1 -99, fs2 -99, hl 5EECB57
07-24 23:50:23.233  5139  5139 D GALServiceManager: isGalStarted() Enter
07-24 23:50:23.233  5139  5139 D GALServiceManager: linkServiceBinder() Binder is Linked Already
07-24 23:50:23.234  5139  5139 D GALServiceManager: isGalStarted() Exit
07-24 23:50:23.235  5139  5139 D GALServiceManager: sendTouchEvent() Enter
07-24 23:50:23.235  5139  5139 D GALServiceManager: linkServiceBinder() Binder is Linked Already
07-24 23:50:23.235  5139  5139 D GALServiceManager: sendTouchEvent() Exit
07-24 23:50:23.241  2411  2411 V NAVD    : CGMIPCMsgSplitter::handleData: len: 7, consumedBytes: 0
07-24 23:50:23.241  2411  2411 V NAVD    : CGMIPCMsgSplitter::handleData: Msg Tag :12 SubTag :0 Length; 1
07-24 23:50:23.241  2411  2411 V NAVD    : CGMIPCMsgSplitter : GearInfo
07-24 23:50:23.241  2411  2411 V NAVD    : TCPTOGENIVI::raw  gear ipc values:GearInfo:0
07-24 23:50:23.241  2411  2411 V NAVD    : TCPTOGENIVI::gear ipc values:GearInfo:D
07-24 23:50:23.241  2411  2411 V NAVD    : CARPLAYDATACONSTRUCTOR onData : transmissionstate recv
07-24 23:50:23.242  2411  2411 V NAVD    : CGMIPCMsgSplitter::handleData: len: 14, consumedBytes: 0
07-24 23:50:23.242  2411  2411 V NAVD    : CGMIPCMsgSplitter::handleData: Msg Tag :2 SubTag :15 Length; 10
07-24 23:50:23.242  2411  2411 E NAVD    : CGMIPCMsgSplitter counterVal 44900 
07-24 23:50:23.242  2411  2411 E NAVD    : CGMIPCMsgSplitter:: Msg (Wheel pulse),Length of payload (8) does not match received length (10)
07-24 23:50:23.242  2411  2411 V NAVD    : CGMIPCMsgSplitter::handleData: len: 14, consumedBytes: 0
07-24 23:50:23.242  2411  2411 V NAVD    : CGMIPCMsgSplitter::handleData: Msg Tag :2 SubTag :15 Length; 10
07-24 23:50:23.242  2411  2411 E NAVD    : CGMIPCMsgSplitter counterVal 44901 
07-24 23:50:23.250  5139  5139 D GALServiceManager: isGalStarted() Enter
07-24 23:50:23.250  5139  5139 D GALServiceManager: linkServiceBinder() Binder is Linked Already
07-24 23:50:23.250  2645  3891 I mediasdk_omx: mfx_omx_vdec_component: EmptyThisBuffer(0xf2321b40) nTimeStamp 78823415000, nFilledLen 141444, nFlags 0x10
07-24 23:50:23.250  5139  5139 D GALServiceManager: isGalStarted() Exit
07-24 23:50:23.250  2645  3138 I mediasdk_omx: mfx_omx_vdec_component: DecodeFrameAsync+ DataLength 141444, DataOffset 0
07-24 23:50:23.250  5139  5139 D GALServiceManager: sendTouchEvent() Enter
07-24 23:50:23.250  5139  5139 D GALServiceManager: linkServiceBinder() Binder is Linked Already
07-24 23:50:23.251  2645  3138 I mediasdk_omx: mfx_omx_vdec_component: DecodeFrameAsync- sts 2, output surface 0x0, DataLength 141444, DataOffset 0
07-24 23:50:23.251  2645  3138 I mediasdk_omx: mfx_omx_vdec_component: DecodeFrameAsync+ DataLength 141444, DataOffset 0
07-24 23:50:23.251  5139  5139 D GALServiceManager: sendTouchEvent() Exit
07-24 23:50:23.255  2645  3138 I mediasdk_omx: mfx_omx_vdec_component: DecodeFrameAsync- sts 0, output surface 0xf2353548, DataLength 0, DataOffset 141444
07-24 23:50:23.255  2645  3138 I mediasdk_omx: mfx_omx_vdec_component: pOutSurface, CropW: 1920, CropH: 1080, Width: 1920, Height: 1088, TimeStamp: 78823415000
07-24 23:50:23.255  2645  3139 I mediasdk_omx: mfx_omx_vdec_component: SyncOperation+
07-24 23:50:23.255  2645  3139 I mediasdk_omx: mfx_omx_vdec_component: SyncOperation-
07-24 23:50:23.255  2645  3139 I mediasdk_omx: mfx_omx_vdec_component: FillBufferDone(0xf2321f00) nTimeStamp 78823415000, nFilledLen 12, nFlags 0x0
07-24 23:50:23.255  2645  3138 I mediasdk_omx: mfx_omx_vdec_component: EmptyBufferDone(0xf2321b40)
07-24 23:50:23.260  2645  3891 I mediasdk_omx: mfx_omx_vdec_component: FillThisBuffer(0xf2321e10) nAllocLen 12
07-24 23:50:23.260  2645  3891 I mediasdk_omx: mfx_omx_srf_pool: ANWbuffer 0xf1f18e68, gralloc handle 0xf1f04260, fence 38
07-24 23:50:23.261  2651  2678 I lvds_device: setDispBrightness MSB : 0xff LSB : 0xff
07-24 23:50:23.262  2651  2678 I lvds_device: setAuxBrightness MSB :0x00 LSB: 0x00
07-24 23:50:23.264  2426  2426 W BufferLayer: [SurfaceView - com.gm.gal/com.gm.gal.hmi.activity.MainActivity#0] Timestamp 78823415000000 seems implausible relative to expectedPresent 15875077079591
07-24 23:50:23.266  5139  5139 D GALServiceManager: isGalStarted() Enter
07-24 23:50:23.267  5139  5139 D GALServiceManager: linkServiceBinder() Binder is Linked Already
07-24 23:50:23.267  5139  5139 D GALServiceManager: isGalStarted() Exit
07-24 23:50:23.267  5139  5139 D GALServiceManager: sendTouchEvent() Enter
07-24 23:50:23.267  5139  5139 D GALServiceManager: linkServiceBinder() Binder is Linked Already
07-24 23:50:23.267  5139  5139 D GALServiceManager: sendTouchEvent() Exit
07-24 23:50:23.268  2412  2875 D CoLibry : [MSG]@15875070 (2412.32767): T[2]HSU(30B) fq 92500, fs -8, hwQ 79, pQ 0, afQ 0 trdAfQ 0, mp 121, ofs 0, adj 101, bw 55, dev 23, stp 0, ant 1, fs1 -99, fs2 -99, hl 5EECB57
07-24 23:50:23.269  2645  3891 I mediasdk_omx: mfx_omx_vdec_component: EmptyThisBuffer(0xf2321cd0) nTimeStamp 78823444000, nFilledLen 83541, nFlags 0x10
07-24 23:50:23.270  2645  3138 I mediasdk_omx: mfx_omx_vdec_component: DecodeFrameAsync+ DataLength 83541, DataOffset 0
07-24 23:50:23.270  2645  3138 I mediasdk_omx: mfx_omx_vdec_component: DecodeFrameAsync- sts 2, output surface 0x0, DataLength 83541, DataOffset 0
07-24 23:50:23.270  2645  3138 I mediasdk_omx: mfx_omx_vdec_component: DecodeFrameAsync+ DataLength 83541, DataOffset 0
07-24 23:50:23.270  2645  3138 I mediasdk_omx: mfx_omx_vdec_component: DecodeFrameAsync- sts 0, output surface 0xee345548, DataLength 0, DataOffset 83541
07-24 23:50:23.270  2645  3138 I mediasdk_omx: mfx_omx_vdec_component: pOutSurface, CropW: 1920, CropH: 1080, Width: 1920, Height: 1088, TimeStamp: 78823444000
07-24 23:50:23.271  2645  3139 I mediasdk_omx: mfx_omx_vdec_component: SyncOperation+
07-24 23:50:23.271  2645  3139 I mediasdk_omx: mfx_omx_vdec_component: SyncOperation-
07-24 23:50:23.271  2645  3139 I mediasdk_omx: mfx_omx_vdec_component: FillBufferDone(0xf1f11960) nTimeStamp 78823444000, nFilledLen 12, nFlags 0x0
07-24 23:50:23.271  2645  3138 I mediasdk_omx: mfx_omx_vdec_component: EmptyBufferDone(0xf2321cd0)
07-24 23:50:23.272  2645  3891 I mediasdk_omx: mfx_omx_vdec_component: FillThisBuffer(0xf2321fa0) nAllocLen 12
07-24 23:50:23.273  2645  3891 I mediasdk_omx: mfx_omx_srf_pool: ANWbuffer 0xf1f18468, gralloc handle 0xf1f03c40, fence 38
07-24 23:50:23.276  2645  3891 I mediasdk_omx: mfx_omx_vdec_component: EmptyThisBuffer(0xf2321d20) nTimeStamp 78823475000, nFilledLen 23503, nFlags 0x10
07-24 23:50:23.276  2645  3138 I mediasdk_omx: mfx_omx_vdec_component: DecodeFrameAsync+ DataLength 23503, DataOffset 0
07-24 23:50:23.276  2645  3138 I mediasdk_omx: mfx_omx_vdec_component: DecodeFrameAsync- sts 2, output surface 0x0, DataLength 23503, DataOffset 0
07-24 23:50:23.276  2645  3138 I mediasdk_omx: mfx_omx_vdec_component: DecodeFrameAsync+ DataLength 23503, DataOffset 0
07-24 23:50:23.277  2645  3138 I mediasdk_omx: mfx_omx_vdec_component: DecodeFrameAsync- sts 0, output surface 0xf2353488, DataLength 0, DataOffset 23503
07-24 23:50:23.277  2645  3138 I mediasdk_omx: mfx_omx_vdec_component: pOutSurface, CropW: 1920, CropH: 1080, Width: 1920, Height: 1088, TimeStamp: 78823475000
07-24 23:50:23.277  2645  3139 I mediasdk_omx: mfx_omx_vdec_component: SyncOperation+
07-24 23:50:23.277  2645  3139 I mediasdk_omx: mfx_omx_vdec_component: SyncOperation-
07-24 23:50:23.277  2645  3138 I mediasdk_omx: mfx_omx_vdec_component: EmptyBufferDone(0xf2321d20)
07-24 23:50:23.277  2645  3139 I mediasdk_omx: mfx_omx_vdec_component: FillBufferDone(0xf1f11910) nTimeStamp 78823475000, nFilledLen 12, nFlags 0x0
07-24 23:50:23.279  2645  3891 I mediasdk_omx: mfx_omx_vdec_component: FillThisBuffer(0xf2321dc0) nAllocLen 12
07-24 23:50:23.279  2645  3891 I mediasdk_omx: mfx_omx_srf_pool: ANWbuffer 0xf1f18d28, gralloc handle 0xf1f03ee0, fence 38
07-24 23:50:23.280  2426  2426 W BufferLayer: [SurfaceView - com.gm.gal/com.gm.gal.hmi.activity.MainActivity#0] Timestamp 78823444000000 seems implausible relative to expectedPresent 15875093753856
07-24 23:50:23.289  2645  3891 I mediasdk_omx: mfx_omx_vdec_component: EmptyThisBuffer(0xf2321d70) nTimeStamp 78823523000, nFilledLen 720, nFlags 0x10
07-24 23:50:23.290  5139  5139 D GALServiceManager: isGalStarted() Enter
07-24 23:50:23.290  2645  3138 I mediasdk_omx: mfx_omx_vdec_component: DecodeFrameAsync+ DataLength 720, DataOffset 0
07-24 23:50:23.290  5139  5139 D GALServiceManager: linkServiceBinder() Binder is Linked Already
07-24 23:50:23.290  2645  3138 I mediasdk_omx: mfx_omx_vdec_component: DecodeFrameAsync- sts 2, output surface 0x0, DataLength 720, DataOffset 0
07-24 23:50:23.290  2645  3138 I mediasdk_omx: mfx_omx_vdec_component: DecodeFrameAsync+ DataLength 720, DataOffset 0
07-24 23:50:23.291  2411  2411 V NAVD    : CGMIPCMsgSplitter::handleData: len: 14, consumedBytes: 0
07-24 23:50:23.291  5139  5139 D GALServiceManager: isGalStarted() Exit
07-24 23:50:23.291  2411  2411 V NAVD    : CGMIPCMsgSplitter::handleData: Msg Tag :2 SubTag :15 Length; 10
07-24 23:50:23.291  2411  2411 E NAVD    : CGMIPCMsgSplitter counterVal 44902 
07-24 23:50:23.291  5139  5139 D GALServiceManager: sendTouchEvent() Enter
07-24 23:50:23.291  5139  5139 D GALServiceManager: linkServiceBinder() Binder is Linked Already
07-24 23:50:23.292  5139  5139 D GALServiceManager: sendTouchEvent() Exit
07-24 23:50:23.292  2411  2411 V NAVD    : CGMIPCMsgSplitter::handleData: len: 14, consumedBytes: 0
07-24 23:50:23.292  2411  2411 V NAVD    : CGMIPCMsgSplitter::handleData: Msg Tag :2 SubTag :15 Length; 10
07-24 23:50:23.292  2411  2411 E NAVD    : CGMIPCMsgSplitter counterVal 44903 
07-24 23:50:23.293  2645  3138 I mediasdk_omx: mfx_omx_vdec_component: DecodeFrameAsync- sts 0, output surface 0xee345848, DataLength 0, DataOffset 720
07-24 23:50:23.293  2645  3138 I mediasdk_omx: mfx_omx_vdec_component: pOutSurface, CropW: 1920, CropH: 1080, Width: 1920, Height: 1088, TimeStamp: 78823523000
07-24 23:50:23.293  2645  3139 I mediasdk_omx: mfx_omx_vdec_component: SyncOperation+
07-24 23:50:23.293  2645  3139 I mediasdk_omx: mfx_omx_vdec_component: SyncOperation-
07-24 23:50:23.293  2645  3139 I mediasdk_omx: mfx_omx_vdec_component: FillBufferDone(0xf2321f50) nTimeStamp 78823523000, nFilledLen 12, nFlags 0x0
07-24 23:50:23.293  2645  3138 I mediasdk_omx: mfx_omx_vdec_component: EmptyBufferDone(0xf2321d70)
07-24 23:50:23.296  2645  3891 I mediasdk_omx: mfx_omx_vdec_component: FillThisBuffer(0xf2321e60) nAllocLen 12
07-24 23:50:23.296  2645  3891 I mediasdk_omx: mfx_omx_srf_pool: ANWbuffer 0xf1f18fa8, gralloc handle 0xf1f04500, fence 38
07-24 23:50:23.297  2426  2426 W BufferLayer: [SurfaceView - com.gm.gal/com.gm.gal.hmi.activity.MainActivity#0] Timestamp 78823475000000 seems implausible relative to expectedPresent 15875110399343
07-24 23:50:23.305  2412  2875 D CoLibry : [MSG]@15875107 (2412.32767): T[2]HSU(30B) fq 89700, fs -6, hwQ 103, pQ 0, afQ 0 trdAfQ 0, mp 109, ofs 0, adj 95, bw 55, dev 25, stp 0, ant 1, fs1 -99, fs2 -99, hl 5EECB57
07-24 23:50:23.311  2411  2411 V NAVD    : CGMIPCMsgSplitter::handleData: len: 30, consumedBytes: 0
07-24 23:50:23.311  2411  2411 V NAVD    : CGMIPCMsgSplitter::handleData: Msg Tag :19 SubTag :0 Length; 26
07-24 23:50:23.311  2411  2411 V NAVD    : CGMIPCMsgSplitter : Ext Position
07-24 23:50:23.311  2411  2411 V NAVD    : TCPTOGENIVI::raw  pos ipc values:latitude:0 longitude:0, height:-10000, heading:0 velocity :0 pDop :1023
07-24 23:50:23.311  2411  2411 V NAVD    : TCPTOGENIVI::raw  time ipc values:Date :20190102 Time :0
07-24 23:50:23.311  2411  2411 V NAVD    : TCPTOGENIVI::pos ipc values:latitude:0.000000 longitude:0.000000, height:-1000.000000, heading:0.000000 velocity :0.000000 pDop :0.000000
07-24 23:50:23.311  2411  2411 V NAVD    : TCPTOGENIVI::time ipc values:Year :2019 Month :0 Day :2 Hour :0 Minutes :0 Seconds :0
07-24 23:50:23.311  2411  2411 V NAVD    : CARPLAYDATACONSTRUCTOR onData : pos recv
07-24 23:50:23.311  2411  2411 V NAVD    : CARPLAYDATACONSTRUCTOR onData : time recv
07-24 23:50:23.311  2411  2411 V NAVD    : CARPLAYDATACONSTRUCTOR onData : speed recv
07-24 23:50:23.311  2411  2411 V NAVD    : CARPLAYFREQCONTROLLER onData :ALL CARPLAY DATA RECIEVED
07-24 23:50:23.311  2411  2411 V NAVD    : TCPTOGNSSHAL::raw  pos ipc values:latitude:0 longitude:0, height:-10000, heading:0 velocity :0 pDop :1023
07-24 23:50:23.311  2411  2411 V NAVD    : TCPTOGNSSHAL::raw  time ipc values:Date :20190102 Time :0
07-24 23:50:23.311  2411  2411 V NAVD    : TCPTOGNSSHAL::time ipc values:Year :2019 Month :0 Day :2 Hour :0 Minutes :0 Seconds :0
07-24 23:50:23.311  2411  2411 V NAVD    : TCPTOGNSSHAL::pos ipc values:latitude:0.000000 longitude:0.000000, height:-1000.000000, heading:0.000000 velocity :0.000000
07-24 23:50:23.311  2411  2411 V NAVD    : TCPTOGNSSHAL::time ipc values:Year :119 Month :0 Day :2 Hour :0 Minutes :0 Seconds :0
07-24 23:50:23.311  2411  2411 V NAVD    : TCPTOGNSSHAL::epoch time ipc values:epochtime :1546387200000 
07-24 23:50:23.311  2411  2411 D NAVD    : Gnss::updateGnssLocation : latitude : 0.000000, longitude : 0.000000, altitudeMeters : -1000.000000, speedMeters : 0.000000, bearingDegrees : 0.000000
07-24 23:50:23.311  2411  2411 D NAVD    : Gnss::updateGnssLocation : horizontalAccuracyMeters : 102.300003, verticalAccuracyMeters : 0.000000, speedAccuracyMetersPerSecond : 0.000000, bearingAccuracyDegrees : 0.000000
07-24 23:50:23.311  2411  2411 D NAVD    : Gnss::updateGnssLocation : Time:1546387200000, gnssLocationFlags : 31
07-24 23:50:23.313  3044  3942 I GnssLocationProvider: WakeLock acquired by sendMessage(REPORT_LOCATION, 1, Location[gps 0.000000,0.000000 hAcc=102 et=?!? alt=-1000.0 vel=0.0 bear=0.0 vAcc=??? sAcc=??? bAcc=???])
07-24 23:50:23.314  2426  2426 W BufferLayer: [SurfaceView - com.gm.gal/com.gm.gal.hmi.activity.MainActivity#0] Timestamp 78823523000000 seems implausible relative to expectedPresent 15875127081605
07-24 23:50:23.314  3044  3063 I GnssLocationProvider: WakeLock released by handleMessage(REPORT_LOCATION, 1, Location[gps 0.000000,0.000000 hAcc=102 et=+4h24m35s115ms alt=-1000.0 vel=0.0 bear=0.0 vAcc=??? sAcc=??? bAcc=??? {Bundle[{satellites=0, maxCn0=0, meanCn0=0}]}])
07-24 23:50:23.316  2411  2411 V NAVD    : TCPTONAVSENSHAL::raw  pos ipc values:latitude:0 longitude:0, height:-10000, heading:0 velocity :0 pDop :1023
07-24 23:50:23.316  2411  2411 V NAVD    : TCPTONAVSENSHAL::raw  time ipc values:Date :20190102 Time :0
07-24 23:50:23.316  2411  2411 V NAVD    : TCPTONAVSENSHAL::pos ipc values:latitude:0.000000 longitude:0.000000, height:-1000.000000, heading:0.000000 velocity :0.000000 pdop :102.300003
07-24 23:50:23.316  2411  2411 V NAVD    : TCPTONAVSENSHAL::time ipc values:Year :2019 Month :0 Day :2 Hour :0 Minutes :0 Seconds :0
07-24 23:50:23.317  2411  2411 V NAVD    : Navsens::setGNSSTime: Time - 15875112
07-24 23:50:23.317  2411  2411 V NAVD    : Navsens::setGNSSSatellites:Number of satellites - 0
07-24 23:50:23.317  2376  2376 E AI_NAV  : log_as_hex: Length too long (1312)
07-24 23:50:23.317  2376  2376 D AI_NAV  : SAT T 15875112 VIEW 0 USED 0 SNRAVG 0 SNRMIN 0 SNRMAX 0 HDOP 0 PDOP 1023 VDOP 0
07-24 23:50:23.317  2411  2411 V NAVD    : Navsens::setGNSSLocation
