07-24 23:50:21.918  2411  2411 D NAVD    : Gnss::updateGnssLocation : latitude : 0.000000, longitude : 0.000000, altitudeMeters : -1000.000000, speedMeters : 0.000000, bearingDegrees : 0.000000
07-24 23:50:21.918  2411  2411 D NAVD    : Gnss::updateGnssLocation : horizontalAccuracyMeters : 102.300003, verticalAccuracyMeters : 0.000000, speedAccuracyMetersPerSecond : 0.000000, bearingAccuracyDegrees : 0.000000
07-24 23:50:21.918  2411  2411 D NAVD    : Gnss::updateGnssLocation : Time:1546387200000, gnssLocationFlags : 31
07-24 23:50:21.920  3044  3942 I GnssLocationProvider: WakeLock acquired by sendMessage(REPORT_LOCATION, 1, Location[gps 0.000000,0.000000 hAcc=102 et=?!? alt=-1000.0 vel=0.0 bear=0.0 vAcc=??? sAcc=??? bAcc=???])
07-24 23:50:21.921  3044  3063 I GnssLocationProvider: WakeLock released by handleMessage(REPORT_LOCATION, 1, Location[gps 0.000000,0.000000 hAcc=102 et=+4h24m33s722ms alt=-1000.0 vel=0.0 bear=0.0 vAcc=??? sAcc=??? bAcc=??? {Bundle[{satellites=0, maxCn0=0, meanCn0=0}]}])
07-24 23:50:21.922  2411  2411 V NAVD    : TCPTONAVSENSHAL::raw  pos ipc values:latitude:0 longitude:0, height:-10000, heading:0 velocity :0 pDop :1023
07-24 23:50:21.923  2411  2411 V NAVD    : TCPTONAVSENSHAL::raw  time ipc values:Date :20190102 Time :0
07-24 23:50:21.923  2411  2411 V NAVD    : TCPTONAVSENSHAL::pos ipc values:latitude:0.000000 longitude:0.000000, height:-1000.000000, heading:0.000000 velocity :0.000000 pdop :102.300003
07-24 23:50:21.923  2411  2411 V NAVD    : TCPTONAVSENSHAL::time ipc values:Year :2019 Month :0 Day :2 Hour :0 Minutes :0 Seconds :0
07-24 23:50:21.923  2411  2411 V NAVD    : Navsens::setGNSSTime: Time - 15873719
07-24 23:50:21.923  2411  2411 V NAVD    : Navsens::setGNSSSatellites:Number of satellites - 0
07-24 23:50:21.923  2376  2376 E AI_NAV  : log_as_hex: Length too long (1312)
07-24 23:50:21.923  2376  2376 D AI_NAV  : SAT T 15873719 VIEW 0 USED 0 SNRAVG 0 SNRMIN 0 SNRMAX 0 HDOP 0 PDOP 1023 VDOP 0
07-24 23:50:21.923  2411  2411 V NAVD    : Navsens::setGNSSLocation
07-24 23:50:21.923  2411  2411 V NAVD    : Navsens::updateGnssHnrLocation
07-24 23:50:21.924  2376  2376 V AI_NAV  : $HRL_B736F2000000000000000000E2750000B736F20000000000E30700020000000000000000030000000300000000750000000000000000000000000000000000000000000000007AC4000000000000000000000000000000009A99CC4200000000000000000000000000000000551ABD1B00000000000000000000000000000000000000000000000067010000E2750000
07-24 23:50:21.924  2376  2376 D AI_NAV  : GNSSHighRateLocation: {.mTimestamp = 15873719, .mGpsTow = 0, .mUTCTime = {.timestamp = 15873719, .year = 2019, .month = 0, .day = 2, .hour = 0, .minute = 0, .second = 0, .ms = 0, .scale = GNSS_TIME_SCALE_UTC, .leapSeconds = 0, .validityBits = 3}, .mDRSource = GNSS_NO_DR, .mFixType = _NO, .mLatitude = 0.000000, .mLongitude = 0.000000, .mHeightEllipsoid = 0.000000, .mHeightMSL = -1000.000000, .mGroundSpeed = 0.000000, .mSpeed = 0.000000, .mHeadingMotion = 0.000000, .mHeadingVehicle = 0.000000, .mHorizontalAccuracy = 102.300003, .mVerticalAccuracy = 0.000000, .mSpeedAccuracy = 0.000000, .mHeadingAccuracy = 0.000000, .mNavATT = {.iTOW = 0, .version = 85, .roll = 0, .pitch = 0, .heading = 0, .accRoll = 0, .accPitch = 0, .accHeading = 0}, .mValidityBits = 359}
07-24 23:50:21.924  2376  2376 D AI_NAV  : INVALID GNSS T 15873719
07-24 23:50:21.937  2645  2645 I mediasdk_omx: mfx_omx_vdec_component: EmptyThisBuffer(0xf2321d70) nTimeStamp 78822164000, nFilledLen 38609, nFlags 0x10
07-24 23:50:21.937  2645  3138 I mediasdk_omx: mfx_omx_vdec_component: DecodeFrameAsync+ DataLength 38609, DataOffset 0
07-24 23:50:21.938  2645  3138 I mediasdk_omx: mfx_omx_vdec_component: DecodeFrameAsync- sts 2, output surface 0x0, DataLength 38609, DataOffset 0
07-24 23:50:21.938  2645  3138 I mediasdk_omx: mfx_omx_vdec_component: DecodeFrameAsync+ DataLength 38609, DataOffset 0
07-24 23:50:21.940  2645  3138 I mediasdk_omx: mfx_omx_vdec_component: DecodeFrameAsync- sts 0, output surface 0xee345488, DataLength 0, DataOffset 38609
07-24 23:50:21.940  2645  3138 I mediasdk_omx: mfx_omx_vdec_component: pOutSurface, CropW: 1920, CropH: 1080, Width: 1920, Height: 1088, TimeStamp: 78822164000
07-24 23:50:21.943  2645  3139 I mediasdk_omx: mfx_omx_vdec_component: SyncOperation+
07-24 23:50:21.943  2645  3139 I mediasdk_omx: mfx_omx_vdec_component: SyncOperation-
07-24 23:50:21.943  2411  2411 V NAVD    : CGMIPCMsgSplitter::handleData: len: 7, consumedBytes: 0
07-24 23:50:21.943  2411  2411 V NAVD    : CGMIPCMsgSplitter::handleData: Msg Tag :12 SubTag :0 Length; 1
07-24 23:50:21.943  2411  2411 V NAVD    : CGMIPCMsgSplitter : GearInfo
07-24 23:50:21.943  2411  2411 V NAVD    : TCPTOGENIVI::raw  gear ipc values:GearInfo:0
07-24 23:50:21.943  2411  2411 V NAVD    : TCPTOGENIVI::gear ipc values:GearInfo:D
07-24 23:50:21.944  2411  2411 V NAVD    : CARPLAYDATACONSTRUCTOR onData : transmissionstate recv
07-24 23:50:21.944  2411  2411 V NAVD    : CGMIPCMsgSplitter::handleData: len: 14, consumedBytes: 0
07-24 23:50:21.944  2411  2411 V NAVD    : CGMIPCMsgSplitter::handleData: Msg Tag :2 SubTag :15 Length; 10
07-24 23:50:21.944  2411  2411 E NAVD    : CGMIPCMsgSplitter counterVal 44848 
07-24 23:50:21.944  2411  2411 V NAVD    : CGMIPCMsgSplitter::handleData: len: 14, consumedBytes: 0
07-24 23:50:21.944  2411  2411 V NAVD    : CGMIPCMsgSplitter::handleData: Msg Tag :2 SubTag :15 Length; 10
07-24 23:50:21.944  2411  2411 E NAVD    : CGMIPCMsgSplitter counterVal 44849 
07-24 23:50:21.944  2645  3139 I mediasdk_omx: mfx_omx_vdec_component: FillBufferDone(0xf2321e10) nTimeStamp 78822164000, nFilledLen 12, nFlags 0x0
07-24 23:50:21.944  2645  3138 I mediasdk_omx: mfx_omx_vdec_component: EmptyBufferDone(0xf2321d70)
07-24 23:50:21.946  2645  2645 I mediasdk_omx: mfx_omx_vdec_component: FillThisBuffer(0xf2321f50) nAllocLen 12
07-24 23:50:21.947  2645  2645 I mediasdk_omx: mfx_omx_srf_pool: ANWbuffer 0xf1f18be8, gralloc handle 0xf1f03e00, fence 38
07-24 23:50:21.948  2412  2875 D CoLibry : [MSG]@15873749 (2412.32767): T[2]HSU(30B) fq 94700, fs -8, hwQ 127, pQ 0, afQ 0 trdAfQ 0, mp 97, ofs 0, adj 90, bw 55, dev 25, stp 0, ant 1, fs1 -99, fs2 -99, hl 5EECB57
07-24 23:50:21.964  2426  2426 W BufferLayer: [SurfaceView - com.gm.gal/com.gm.gal.hmi.activity.MainActivity#0] Timestamp 78822164000000 seems implausible relative to expectedPresent 15873777035204
07-24 23:50:21.971  2601  2601 I LogMonitor: type=1400 audit(0.0:278015): avc: denied { write } for name="gmlogger" dev="vda33" ino=136 scontext=u:r:gmloggerd:s0 tcontext=u:object_r:system_data_file:s0 tclass=dir permissive=1
07-24 23:50:21.971  2601  2601 I LogMonitor: type=1400 audit(0.0:278016): avc: denied { remove_name } for name="main.log" dev="vda33" ino=2825 scontext=u:r:gmloggerd:s0 tcontext=u:object_r:system_data_file:s0 tclass=dir permissive=1
07-24 23:50:21.972  2601  2601 I LogMonitor: type=1400 audit(0.0:278019): avc: denied { create } for name="main.log" scontext=u:r:gmloggerd:s0 tcontext=u:object_r:system_data_file:s0 tclass=file permissive=1
07-24 23:50:21.977  3296  3296 D CarPlay_PlayerManager: onCinemoEvent(): CINEMO_EC_GRAPH_STATUS
07-24 23:50:21.983  2645  2645 I mediasdk_omx: mfx_omx_vdec_component: EmptyThisBuffer(0xf2321b40) nTimeStamp 78822195000, nFilledLen 78187, nFlags 0x10
07-24 23:50:21.983  2645  3138 I mediasdk_omx: mfx_omx_vdec_component: DecodeFrameAsync+ DataLength 78187, DataOffset 0
07-24 23:50:21.984  2645  3138 I mediasdk_omx: mfx_omx_vdec_component: DecodeFrameAsync- sts 2, output surface 0x0, DataLength 78187, DataOffset 0
07-24 23:50:21.984  2645  3138 I mediasdk_omx: mfx_omx_vdec_component: DecodeFrameAsync+ DataLength 78187, DataOffset 0
07-24 23:50:21.984  2412  2875 D CoLibry : [MSG]@15873786 (2412.32767): T[2]HSU(30B) fq 93100, fs -8, hwQ 125, pQ 0, afQ 0 trdAfQ 0, mp 98, ofs 0, adj 88, bw 55, dev 25, stp 0, ant 1, fs1 -99, fs2 -99, hl 5EECB57
07-24 23:50:21.985  2645  3138 I mediasdk_omx: mfx_omx_vdec_component: DecodeFrameAsync- sts 0, output surface 0xf2353548, DataLength 0, DataOffset 78187
07-24 23:50:21.985  2645  3138 I mediasdk_omx: mfx_omx_vdec_component: pOutSurface, CropW: 1920, CropH: 1080, Width: 1920, Height: 1088, TimeStamp: 78822195000
07-24 23:50:21.986  2645  3139 I mediasdk_omx: mfx_omx_vdec_component: SyncOperation+
07-24 23:50:21.986  2645  3139 I mediasdk_omx: mfx_omx_vdec_component: SyncOperation-
07-24 23:50:21.986  2645  3139 I mediasdk_omx: mfx_omx_vdec_component: FillBufferDone(0xf2321f00) nTimeStamp 78822195000, nFilledLen 12, nFlags 0x0
07-24 23:50:21.986  2645  3138 I mediasdk_omx: mfx_omx_vdec_component: EmptyBufferDone(0xf2321b40)
07-24 23:50:21.989  2645  2645 I mediasdk_omx: mfx_omx_vdec_component: FillThisBuffer(0xf2321fa0) nAllocLen 12
07-24 23:50:21.989  2645  2645 I mediasdk_omx: mfx_omx_srf_pool: ANWbuffer 0xf1f18468, gralloc handle 0xf1f03c40, fence 38
07-24 23:50:21.991  2411  2411 V NAVD    : CGMIPCMsgSplitter::handleData: len: 14, consumedBytes: 0
07-24 23:50:21.991  2411  2411 V NAVD    : CGMIPCMsgSplitter::handleData: Msg Tag :2 SubTag :15 Length; 10
07-24 23:50:21.991  2411  2411 E NAVD    : CGMIPCMsgSplitter counterVal 44850 
07-24 23:50:21.991  2411  2411 E NAVD    : CGMIPCMsgSplitter:: Msg (Wheel pulse),Length of payload (8) does not match received length (10)
07-24 23:50:21.992  2411  2411 V NAVD    : CGMIPCMsgSplitter::handleData: len: 14, consumedBytes: 0
07-24 23:50:21.992  2411  2411 V NAVD    : CGMIPCMsgSplitter::handleData: Msg Tag :2 SubTag :15 Length; 10
07-24 23:50:21.992  2411  2411 E NAVD    : CGMIPCMsgSplitter counterVal 44851 
07-24 23:50:21.997  2426  2426 W BufferLayer: [SurfaceView - com.gm.gal/com.gm.gal.hmi.activity.MainActivity#0] Timestamp 78822195000000 seems implausible relative to expectedPresent 15873810361102
07-24 23:50:22.010  3354  3501 D CarDrivingState: Property Changed: propId=291504647
07-24 23:50:22.012  2411  2411 V NAVD    : CGMIPCMsgSplitter::handleData: len: 30, consumedBytes: 0
07-24 23:50:22.012  2411  2411 V NAVD    : CGMIPCMsgSplitter::handleData: Msg Tag :19 SubTag :0 Length; 26
07-24 23:50:22.012  2411  2411 V NAVD    : CGMIPCMsgSplitter : Ext Position
07-24 23:50:22.012  2411  2411 V NAVD    : TCPTOGENIVI::raw  pos ipc values:latitude:0 longitude:0, height:-10000, heading:0 velocity :0 pDop :1023
07-24 23:50:22.012  2411  2411 V NAVD    : TCPTOGENIVI::raw  time ipc values:Date :20190102 Time :0
07-24 23:50:22.012  2411  2411 V NAVD    : TCPTOGENIVI::pos ipc values:latitude:0.000000 longitude:0.000000, height:-1000.000000, heading:0.000000 velocity :0.000000 pDop :0.000000
07-24 23:50:22.012  2411  2411 V NAVD    : TCPTOGENIVI::time ipc values:Year :2019 Month :0 Day :2 Hour :0 Minutes :0 Seconds :0
07-24 23:50:22.012  2411  2411 V NAVD    : CARPLAYDATACONSTRUCTOR onData : pos recv
07-24 23:50:22.012  2411  2411 V NAVD    : CARPLAYDATACONSTRUCTOR onData : time recv
07-24 23:50:22.012  2411  2411 V NAVD    : CARPLAYDATACONSTRUCTOR onData : speed recv
07-24 23:50:22.012  2411  2411 V NAVD    : CARPLAYFREQCONTROLLER onData :ALL CARPLAY DATA RECIEVED
07-24 23:50:22.012  2411  2411 V NAVD    : TCPTOGNSSHAL::raw  pos ipc values:latitude:0 longitude:0, height:-10000, heading:0 velocity :0 pDop :1023
07-24 23:50:22.012  2411  2411 V NAVD    : TCPTOGNSSHAL::raw  time ipc values:Date :20190102 Time :0
07-24 23:50:22.012  2411  2411 V NAVD    : TCPTOGNSSHAL::time ipc values:Year :2019 Month :0 Day :2 Hour :0 Minutes :0 Seconds :0
07-24 23:50:22.012  2411  2411 V NAVD    : TCPTOGNSSHAL::pos ipc values:latitude:0.000000 longitude:0.000000, height:-1000.000000, heading:0.000000 velocity :0.000000
07-24 23:50:22.012  2411  2411 V NAVD    : TCPTOGNSSHAL::time ipc values:Year :119 Month :0 Day :2 Hour :0 Minutes :0 Seconds :0
07-24 23:50:22.012  2411  2411 V NAVD    : TCPTOGNSSHAL::epoch time ipc values:epochtime :1546387200000 
07-24 23:50:22.012  2411  2411 D NAVD    : Gnss::updateGnssLocation : latitude : 0.000000, longitude : 0.000000, altitudeMeters : -1000.000000, speedMeters : 0.000000, bearingDegrees : 0.000000
07-24 23:50:22.012  2411  2411 D NAVD    : Gnss::updateGnssLocation : horizontalAccuracyMeters : 102.300003, verticalAccuracyMeters : 0.000000, speedAccuracyMetersPerSecond : 0.000000, bearingAccuracyDegrees : 0.000000
07-24 23:50:22.012  2411  2411 D NAVD    : Gnss::updateGnssLocation : Time:1546387200000, gnssLocationFlags : 31
07-24 23:50:22.014  3044  3942 I GnssLocationProvider: WakeLock acquired by sendMessage(REPORT_LOCATION, 1, Location[gps 0.000000,0.000000 hAcc=102 et=?!? alt=-1000.0 vel=0.0 bear=0.0 vAcc=??? sAcc=??? bAcc=???])
07-24 23:50:22.015  2645  2645 I mediasdk_omx: mfx_omx_vdec_component: EmptyThisBuffer(0xf2321cd0) nTimeStamp 78822229000, nFilledLen 95148, nFlags 0x10
07-24 23:50:22.016  2645  3138 I mediasdk_omx: mfx_omx_vdec_component: DecodeFrameAsync+ DataLength 95148, DataOffset 0
07-24 23:50:22.016  2645  3138 I mediasdk_omx: mfx_omx_vdec_component: DecodeFrameAsync- sts 2, output surface 0x0, DataLength 95148, DataOffset 0
07-24 23:50:22.016  2645  3138 I mediasdk_omx: mfx_omx_vdec_component: DecodeFrameAsync+ DataLength 95148, DataOffset 0
07-24 23:50:22.017  2645  3138 I mediasdk_omx: mfx_omx_vdec_component: DecodeFrameAsync- sts 0, output surface 0xee345548, DataLength 0, DataOffset 95148
07-24 23:50:22.017  2645  3138 I mediasdk_omx: mfx_omx_vdec_component: pOutSurface, CropW: 1920, CropH: 1080, Width: 1920, Height: 1088, TimeStamp: 78822229000
07-24 23:50:22.019  2411  2411 V NAVD    : TCPTONAVSENSHAL::raw  pos ipc values:latitude:0 longitude:0, height:-10000, heading:0 velocity :0 pDop :1023
07-24 23:50:22.019  2411  2411 V NAVD    : TCPTONAVSENSHAL::raw  time ipc values:Date :20190102 Time :0
07-24 23:50:22.019  2411  2411 V NAVD    : TCPTONAVSENSHAL::pos ipc values:latitude:0.000000 longitude:0.000000, height:-1000.000000, heading:0.000000 velocity :0.000000 pdop :102.300003
07-24 23:50:22.019  2411  2411 V NAVD    : TCPTONAVSENSHAL::time ipc values:Year :2019 Month :0 Day :2 Hour :0 Minutes :0 Seconds :0
07-24 23:50:22.019  2411  2411 V NAVD    : Navsens::setGNSSTime: Time - 15873813
07-24 23:50:22.020  2645  3139 I mediasdk_omx: mfx_omx_vdec_component: SyncOperation+
07-24 23:50:22.020  2645  3139 I mediasdk_omx: mfx_omx_vdec_component: SyncOperation-
07-24 23:50:22.020  2645  3139 I mediasdk_omx: mfx_omx_vdec_component: FillBufferDone(0xf1f11960) nTimeStamp 78822229000, nFilledLen 12, nFlags 0x0
07-24 23:50:22.020  2411  2411 V NAVD    : Navsens::setGNSSSatellites:Number of satellites - 0
07-24 23:50:22.020  2645  3138 I mediasdk_omx: mfx_omx_vdec_component: EmptyBufferDone(0xf2321cd0)
07-24 23:50:22.020  2376  2376 E AI_NAV  : log_as_hex: Length too long (1312)
07-24 23:50:22.020  2376  2376 D AI_NAV  : SAT T 15873813 VIEW 0 USED 0 SNRAVG 0 SNRMIN 0 SNRMAX 0 HDOP 0 PDOP 1023 VDOP 0
07-24 23:50:22.020  2411  2411 V NAVD    : Navsens::setGNSSLocation
07-24 23:50:22.021  2411  2411 V NAVD    : Navsens::updateGnssHnrLocation
07-24 23:50:22.021  2645  2645 I mediasdk_omx: mfx_omx_vdec_component: FillThisBuffer(0xf2321dc0) nAllocLen 12
07-24 23:50:22.021  2645  2645 I mediasdk_omx: mfx_omx_srf_pool: ANWbuffer 0xf1f18d28, gralloc handle 0xf1f03ee0, fence 38
07-24 23:50:22.021  2412  2875 D CoLibry : [MSG]@15873822 (2412.32767): T[2]HSU(30B) fq 90700, fs -7, hwQ 77, pQ 0, afQ 0 trdAfQ 0, mp 122, ofs 0, adj 80, bw 55, dev 26, stp 0, ant 1, fs1 -99, fs2 -99, hl 5EECB57
07-24 23:50:22.021  2376  2376 V AI_NAV  : $HRL_1537F2000000000000000000E27500001537F20000000000E30700020000000000000000030000000300000000750000000000000000000000000000000000000000000000007AC4000000000000000000000000000000009A99CC4200000000000000000000000000000000551ABD1B00000000000000000000000000000000000000000000000067010000E2750000
07-24 23:50:22.021  2376  2376 D AI_NAV  : GNSSHighRateLocation: {.mTimestamp = 15873813, .mGpsTow = 0, .mUTCTime = {.timestamp = 15873813, .year = 2019, .month = 0, .day = 2, .hour = 0, .minute = 0, .second = 0, .ms = 0, .scale = GNSS_TIME_SCALE_UTC, .leapSeconds = 0, .validityBits = 3}, .mDRSource = GNSS_NO_DR, .mFixType = _NO, .mLatitude = 0.000000, .mLongitude = 0.000000, .mHeightEllipsoid = 0.000000, .mHeightMSL = -1000.000000, .mGroundSpeed = 0.000000, .mSpeed = 0.000000, .mHeadingMotion = 0.000000, .mHeadingVehicle = 0.000000, .mHorizontalAccuracy = 102.300003, .mVerticalAccuracy = 0.000000, .mSpeedAccuracy = 0.000000, .mHeadingAccuracy = 0.000000, .mNavATT = {.iTOW = 0, .version = 85, .roll = 0, .pitch = 0, .heading = 0, .accRoll = 0, .accPitch = 0, .accHeading = 0}, .mValidityBits = 359}
07-24 23:50:22.021  2376  2376 D AI_NAV  : INVALID GNSS T 15873813
07-24 23:50:22.021  3044  3063 I GnssLocationProvider: WakeLock released by handleMessage(REPORT_LOCATION, 1, Location[gps 0.000000,0.000000 hAcc=102 et=+4h24m33s816ms alt=-1000.0 vel=0.0 bear=0.0 vAcc=??? sAcc=??? bAcc=??? {Bundle[{satellites=0, maxCn0=0, meanCn0=0}]}])
07-24 23:50:22.031  2426  2426 W BufferLayer: [SurfaceView - com.gm.gal/com.gm.gal.hmi.activity.MainActivity#0] Timestamp 78822229000000 seems implausible relative to expectedPresent 15873843722721
07-24 23:50:22.040  2645  2645 I mediasdk_omx: mfx_omx_vdec_component: EmptyThisBuffer(0xf2321d20) nTimeStamp 78822264000, nFilledLen 38848, nFlags 0x10
07-24 23:50:22.041  2411  2411 V NAVD    : CGMIPCMsgSplitter::handleData: len: 7, consumedBytes: 0
07-24 23:50:22.041  2411  2411 V NAVD    : CGMIPCMsgSplitter::handleData: Msg Tag :12 SubTag :0 Length; 1
07-24 23:50:22.041  2411  2411 V NAVD    : CGMIPCMsgSplitter : GearInfo
07-24 23:50:22.041  2411  2411 V NAVD    : TCPTOGENIVI::raw  gear ipc values:GearInfo:0
07-24 23:50:22.041  2411  2411 V NAVD    : TCPTOGENIVI::gear ipc values:GearInfo:D
07-24 23:50:22.041  2411  2411 V NAVD    : CARPLAYDATACONSTRUCTOR onData : transmissionstate recv
07-24 23:50:22.040  2645  3138 I mediasdk_omx: mfx_omx_vdec_component: DecodeFrameAsync+ DataLength 38848, DataOffset 0
07-24 23:50:22.041  2645  3138 I mediasdk_omx: mfx_omx_vdec_component: DecodeFrameAsync- sts 2, output surface 0x0, DataLength 38848, DataOffset 0
07-24 23:50:22.041  2645  3138 I mediasdk_omx: mfx_omx_vdec_component: DecodeFrameAsync+ DataLength 38848, DataOffset 0
07-24 23:50:22.043  2411  2411 V NAVD    : CGMIPCMsgSplitter::handleData: len: 14, consumedBytes: 0
07-24 23:50:22.043  2411  2411 V NAVD    : CGMIPCMsgSplitter::handleData: Msg Tag :2 SubTag :15 Length; 10
07-24 23:50:22.043  2411  2411 E NAVD    : CGMIPCMsgSplitter counterVal 44852 
07-24 23:50:22.043  2411  2411 V NAVD    : CGMIPCMsgSplitter::handleData: len: 14, consumedBytes: 0
07-24 23:50:22.043  2411  2411 V NAVD    : CGMIPCMsgSplitter::handleData: Msg Tag :2 SubTag :15 Length; 10
07-24 23:50:22.043  2411  2411 E NAVD    : CGMIPCMsgSplitter counterVal 44853 
07-24 23:50:22.043  2645  3138 I mediasdk_omx: mfx_omx_vdec_component: DecodeFrameAsync- sts 0, output surface 0xf2353488, DataLength 0, DataOffset 38848
07-24 23:50:22.043  2645  3138 I mediasdk_omx: mfx_omx_vdec_component: pOutSurface, CropW: 1920, CropH: 1080, Width: 1920, Height: 1088, TimeStamp: 78822264000
07-24 23:50:22.044  2645  3139 I mediasdk_omx: mfx_omx_vdec_component: SyncOperation+
07-24 23:50:22.044  2645  3139 I mediasdk_omx: mfx_omx_vdec_component: SyncOperation-
07-24 23:50:22.044  2645  3139 I mediasdk_omx: mfx_omx_vdec_component: FillBufferDone(0xf1f11910) nTimeStamp 78822264000, nFilledLen 12, nFlags 0x0
07-24 23:50:22.044  2645  3138 I mediasdk_omx: mfx_omx_vdec_component: EmptyBufferDone(0xf2321d20)
07-24 23:50:22.046  2645  2645 I mediasdk_omx: mfx_omx_vdec_component: FillThisBuffer(0xf2321e60) nAllocLen 12
07-24 23:50:22.046  2645  2645 I mediasdk_omx: mfx_omx_srf_pool: ANWbuffer 0xf1f18fa8, gralloc handle 0xf1f04500, fence 38
07-24 23:50:22.047  2426  2426 W BufferLayer: [SurfaceView - com.gm.gal/com.gm.gal.hmi.activity.MainActivity#0] Timestamp 78822264000000 seems implausible relative to expectedPresent 15873860364106
07-24 23:50:22.057  2412  2875 D CoLibry : [MSG]@15873859 (2412.32767): T[2]HSU(30B) fq 100500, fs -6, hwQ 80, pQ 0, afQ 0 trdAfQ 0, mp 109, ofs 0, adj 101, bw 55, dev 24, stp 0, ant 1, fs1 -99, fs2 -99, hl 5EECB57
07-24 23:50:22.075  2645  2645 I mediasdk_omx: mfx_omx_vdec_component: EmptyThisBuffer(0xf2321d70) nTimeStamp 78822303000, nFilledLen 28481, nFlags 0x10
07-24 23:50:22.075  2645  3138 I mediasdk_omx: mfx_omx_vdec_component: DecodeFrameAsync+ DataLength 28481, DataOffset 0
07-24 23:50:22.075  2645  3138 I mediasdk_omx: mfx_omx_vdec_component: DecodeFrameAsync- sts 2, output surface 0x0, DataLength 28481, DataOffset 0
07-24 23:50:22.075  2645  3138 I mediasdk_omx: mfx_omx_vdec_component: DecodeFrameAsync+ DataLength 28481, DataOffset 0
07-24 23:50:22.076  2645  3138 I mediasdk_omx: mfx_omx_vdec_component: DecodeFrameAsync- sts 0, output surface 0xee345848, DataLength 0, DataOffset 28481
07-24 23:50:22.076  2645  3138 I mediasdk_omx: mfx_omx_vdec_component: pOutSurface, CropW: 1920, CropH: 1080, Width: 1920, Height: 1088, TimeStamp: 78822303000
07-24 23:50:22.076  2645  3139 I mediasdk_omx: mfx_omx_vdec_component: SyncOperation+
07-24 23:50:22.076  2645  3139 I mediasdk_omx: mfx_omx_vdec_component: SyncOperation-
07-24 23:50:22.076  2645  3139 I mediasdk_omx: mfx_omx_vdec_component: FillBufferDone(0xf2321f50) nTimeStamp 78822303000, nFilledLen 12, nFlags 0x0
07-24 23:50:22.076  2645  3138 I mediasdk_omx: mfx_omx_vdec_component: EmptyBufferDone(0xf2321d70)
07-24 23:50:22.077  2645  2645 I mediasdk_omx: mfx_omx_vdec_component: FillThisBuffer(0xf2321e10) nAllocLen 12
07-24 23:50:22.077  2645  2645 I mediasdk_omx: mfx_omx_srf_pool: ANWbuffer 0xf1f18e68, gralloc handle 0xf1f04260, fence 38
07-24 23:50:22.080  2426  2426 W BufferLayer: [SurfaceView - com.gm.gal/com.gm.gal.hmi.activity.MainActivity#0] Timestamp 78822303000000 seems implausible relative to expectedPresent 15873893708680
07-24 23:50:22.090  2411  2411 V NAVD    : CGMIPCMsgSplitter::handleData: len: 14, consumedBytes: 0
07-24 23:50:22.090  2411  2411 V NAVD    : CGMIPCMsgSplitter::handleData: Msg Tag :2 SubTag :15 Length; 10
07-24 23:50:22.090  2411  2411 E NAVD    : CGMIPCMsgSplitter counterVal 44854 
07-24 23:50:22.091  5139  5139 D GALServiceManager: isGalStarted() Enter
07-24 23:50:22.091  5139  5139 D GALServiceManager: linkServiceBinder() Binder is Linked Already
07-24 23:50:22.091  5139  5139 D GALServiceManager: isGalStarted() Exit
07-24 23:50:22.091  5139  5139 D GALServiceManager: sendTouchEvent() Enter
07-24 23:50:22.091  5139  5139 D GALServiceManager: linkServiceBinder() Binder is Linked Already
07-24 23:50:22.091  5139  5139 D GALServiceManager: sendTouchEvent() Exit
07-24 23:50:22.093  2411  2411 V NAVD    : CGMIPCMsgSplitter::handleData: len: 14, consumedBytes: 0
07-24 23:50:22.093  2411  2411 V NAVD    : CGMIPCMsgSplitter::handleData: Msg Tag :2 SubTag :15 Length; 10
07-24 23:50:22.093  2411  2411 E NAVD    : CGMIPCMsgSplitter counterVal 44855 
07-24 23:50:22.093  2412  2875 D CoLibry : [MSG]@15873895 (2412.32767): T[2]HSU(30B) fq 100300, fs -6, hwQ 133, pQ 0, afQ 0 trdAfQ 0, mp 89, ofs 0, adj 88, bw 55, dev 24, stp 0, ant 1, fs1 -99, fs2 -99, hl 5EECB57
07-24 23:50:22.095  2412  2875 D CoLibry : [MSG]@15873897 (2412.32767): T[1]HSU(309) fq 87700, fs -8, hwQ 81, pQ 0, afQ 0 trdAfQ 0, mp 120, ofs 0, adj 96, bw 55, dev 25, stp 0, ant 0, fs1 -99, fs2 -99, hl 5E115
07-24 23:50:22.096  2412  2875 D CoLibry : [MSG]@15873897 (2412.32767): putAudioTunerQuality qual=0, SM=19/1, ST=0, HC=4000, LVL=-43 
07-24 23:50:22.097  3438  3934 D LocationController: LocationController updateGPSLocationStatus
07-24 23:50:22.098  3254  3290 E pal_vehicle: [VDATA:VEHICLE_COMMON] convert_result API: get_precise_positioning_system_mode FAILED pal_vdata_convert_result() is 6
07-24 23:50:22.098  3438  3934 I LocationController: updateLocationStatus(): Vehicle Data Still Not Available From Bus
07-24 23:50:22.098  3438  3934 D LocationController: updateLocationStatus() PPS is valid? true >>>> true
07-24 23:50:22.098  3438  3934 D LocationController: resetLocationUpdate
07-24 23:50:22.106  2645  2645 I mediasdk_omx: mfx_omx_vdec_component: EmptyThisBuffer(0xf2321b40) nTimeStamp 78822333000, nFilledLen 28868, nFlags 0x10
07-24 23:50:22.106  2645  3138 I mediasdk_omx: mfx_omx_vdec_component: DecodeFrameAsync+ DataLength 28868, DataOffset 0
07-24 23:50:22.106  2645  3138 I mediasdk_omx: mfx_omx_vdec_component: DecodeFrameAsync- sts 2, output surface 0x0, DataLength 28868, DataOffset 0
07-24 23:50:22.106  2645  3138 I mediasdk_omx: mfx_omx_vdec_component: DecodeFrameAsync+ DataLength 28868, DataOffset 0
07-24 23:50:22.107  2645  3138 I mediasdk_omx: mfx_omx_vdec_component: DecodeFrameAsync- sts 0, output surface 0xee345488, DataLength 0, DataOffset 28868
07-24 23:50:22.107  2645  3138 I mediasdk_omx: mfx_omx_vdec_component: pOutSurface, CropW: 1920, CropH: 1080, Width: 1920, Height: 1088, TimeStamp: 78822333000
07-24 23:50:22.107  2645  3139 I mediasdk_omx: mfx_omx_vdec_component: SyncOperation+
07-24 23:50:22.107  2645  3139 I mediasdk_omx: mfx_omx_vdec_component: SyncOperation-
07-24 23:50:22.107  2645  3139 I mediasdk_omx: mfx_omx_vdec_component: FillBufferDone(0xf2321e10) nTimeStamp 78822333000, nFilledLen 12, nFlags 0x0
07-24 23:50:22.107  2645  3138 I mediasdk_omx: mfx_omx_vdec_component: EmptyBufferDone(0xf2321b40)
07-24 23:50:22.108  2645  2645 I mediasdk_omx: mfx_omx_vdec_component: FillThisBuffer(0xf2321f00) nAllocLen 12
07-24 23:50:22.109  2645  2645 I mediasdk_omx: mfx_omx_srf_pool: ANWbuffer 0xf1f190e8, gralloc handle 0xf1f045e0, fence 38
07-24 23:50:22.110  3254  3290 E pal_vehicle: [VDATA:VEHICLE_COMMON] convert_result API: get_vehicle_speed_driven_and_transmission_range_protected_vehicle_speed_average_driven_authenticated FAILED pal_vdata_convert_result() is 6
07-24 23:50:22.110  3254  3290 E pal_vehicle: [VDATA:VEHICLE_COMMON] convert_result API: get_compass_corrected_heading FAILED pal_vdata_convert_result() is 6
07-24 23:50:22.114  2426  2426 W BufferLayer: [SurfaceView - com.gm.gal/com.gm.gal.hmi.activity.MainActivity#0] Timestamp 78822333000000 seems implausible relative to expectedPresent 15873927030566
07-24 23:50:22.114  2411  2411 V NAVD    : CGMIPCMsgSplitter::handleData: len: 30, consumedBytes: 0
07-24 23:50:22.114  2411  2411 V NAVD    : CGMIPCMsgSplitter::handleData: Msg Tag :19 SubTag :0 Length; 26
07-24 23:50:22.114  2411  2411 V NAVD    : CGMIPCMsgSplitter : Ext Position
07-24 23:50:22.114  2411  2411 V NAVD    : TCPTOGENIVI::raw  pos ipc values:latitude:0 longitude:0, height:-10000, heading:0 velocity :0 pDop :1023
07-24 23:50:22.114  2411  2411 V NAVD    : TCPTOGENIVI::raw  time ipc values:Date :20190102 Time :0
07-24 23:50:22.114  2411  2411 V NAVD    : TCPTOGENIVI::pos ipc values:latitude:0.000000 longitude:0.000000, height:-1000.000000, heading:0.000000 velocity :0.000000 pDop :0.000000
07-24 23:50:22.114  2411  2411 V NAVD    : TCPTOGENIVI::time ipc values:Year :2019 Month :0 Day :2 Hour :0 Minutes :0 Seconds :0
07-24 23:50:22.114  2411  2411 V NAVD    : CARPLAYDATACONSTRUCTOR onData : pos recv
07-24 23:50:22.114  2411  2411 V NAVD    : CARPLAYDATACONSTRUCTOR onData : time recv
07-24 23:50:22.114  2411  2411 V NAVD    : CARPLAYDATACONSTRUCTOR onData : speed recv
07-24 23:50:22.114  2411  2411 V NAVD    : CARPLAYFREQCONTROLLER onData :ALL CARPLAY DATA RECIEVED
07-24 23:50:22.114  2411  2411 V NAVD    : TCPTOGNSSHAL::raw  pos ipc values:latitude:0 longitude:0, height:-10000, heading:0 velocity :0 pDop :1023
07-24 23:50:22.114  2411  2411 V NAVD    : TCPTOGNSSHAL::raw  time ipc values:Date :20190102 Time :0
07-24 23:50:22.114  2411  2411 V NAVD    : TCPTOGNSSHAL::time ipc values:Year :2019 Month :0 Day :2 Hour :0 Minutes :0 Seconds :0
07-24 23:50:22.114  2411  2411 V NAVD    : TCPTOGNSSHAL::pos ipc values:latitude:0.000000 longitude:0.000000, height:-1000.000000, heading:0.000000 velocity :0.000000
07-24 23:50:22.114  2411  2411 V NAVD    : TCPTOGNSSHAL::time ipc values:Year :119 Month :0 Day :2 Hour :0 Minutes :0 Seconds :0
07-24 23:50:22.114  2411  2411 V NAVD    : TCPTOGNSSHAL::epoch time ipc values:epochtime :1546387200000 
07-24 23:50:22.114  2411  2411 D NAVD    : Gnss::updateGnssLocation : latitude : 0.000000, longitude : 0.000000, altitudeMeters : -1000.000000, speedMeters : 0.000000, bearingDegrees : 0.000000
07-24 23:50:22.114  2411  2411 D NAVD    : Gnss::updateGnssLocation : horizontalAccuracyMeters : 102.300003, verticalAccuracyMeters : 0.000000, speedAccuracyMetersPerSecond : 0.000000, bearingAccuracyDegrees : 0.000000
07-24 23:50:22.115  2411  2411 D NAVD    : Gnss::updateGnssLocation : Time:1546387200000, gnssLocationFlags : 31
07-24 23:50:22.116  3044  3942 I GnssLocationProvider: WakeLock acquired by sendMessage(REPORT_LOCATION, 1, Location[gps 0.000000,0.000000 hAcc=102 et=?!? alt=-1000.0 vel=0.0 bear=0.0 vAcc=??? sAcc=??? bAcc=???])
07-24 23:50:22.116  5139  5139 D GALServiceManager: isGalStarted() Enter
07-24 23:50:22.116  5139  5139 D GALServiceManager: linkServiceBinder() Binder is Linked Already
07-24 23:50:22.117  5139  5139 D GALServiceManager: isGalStarted() Exit
07-24 23:50:22.117  5139  5139 D GALServiceManager: sendTouchEvent() Enter
07-24 23:50:22.117  5139  5139 D GALServiceManager: linkServiceBinder() Binder is Linked Already
07-24 23:50:22.117  5139  5139 D GALServiceManager: sendTouchEvent() Exit
07-24 23:50:22.117  2411  2411 V NAVD    : TCPTONAVSENSHAL::raw  pos ipc values:latitude:0 longitude:0, height:-10000, heading:0 velocity :0 pDop :1023
07-24 23:50:22.117  2411  2411 V NAVD    : TCPTONAVSENSHAL::raw  time ipc values:Date :20190102 Time :0
07-24 23:50:22.117  2411  2411 V NAVD    : TCPTONAVSENSHAL::pos ipc values:latitude:0.000000 longitude:0.000000, height:-1000.000000, heading:0.000000 velocity :0.000000 pdop :102.300003
07-24 23:50:22.117  2411  2411 V NAVD    : TCPTONAVSENSHAL::time ipc values:Year :2019 Month :0 Day :2 Hour :0 Minutes :0 Seconds :0
07-24 23:50:22.117  2411  2411 V NAVD    : Navsens::setGNSSTime: Time - 15873916
07-24 23:50:22.118  2411  2411 V NAVD    : Navsens::setGNSSSatellites:Number of satellites - 0
07-24 23:50:22.118  3044  3063 I GnssLocationProvider: WakeLock released by handleMessage(REPORT_LOCATION, 1, Location[gps 0.000000,0.000000 hAcc=102 et=+4h24m33s918ms alt=-1000.0 vel=0.0 bear=0.0 vAcc=??? sAcc=??? bAcc=??? {Bundle[{satellites=0, maxCn0=0, meanCn0=0}]}])
07-24 23:50:22.118  2376  2376 E AI_NAV  : log_as_hex: Length too long (1312)
07-24 23:50:22.118  2376  2376 D AI_NAV  : SAT T 15873916 VIEW 0 USED 0 SNRAVG 0 SNRMIN 0 SNRMAX 0 HDOP 0 PDOP 1023 VDOP 0
07-24 23:50:22.118  2411  2411 V NAVD    : Navsens::setGNSSLocation
07-24 23:50:22.118  3254  3290 E pal_vehicle: [VDATA:VEHICLE_COMMON] convert_result API: get_yaw_rate_protected_yaw_rate_authenticated FAILED pal_vdata_convert_result() is 6
07-24 23:50:22.119  2411  2411 V NAVD    : Navsens::updateGnssHnrLocation
07-24 23:50:22.119  2376  2376 V AI_NAV  : $HRL_7C37F2000000000000000000E27500007C37F20000000000E30700020000000000000000030000000300000000750000000000000000000000000000000000000000000000007AC4000000000000000000000000000000009A99CC4200000000000000000000000000000000551ABD1B00000000000000000000000000000000000000000000000067010000E2750000
07-24 23:50:22.119  2376  2376 D AI_NAV  : GNSSHighRateLocation: {.mTimestamp = 15873916, .mGpsTow = 0, .mUTCTime = {.timestamp = 15873916, .year = 2019, .month = 0, .day = 2, .hour = 0, .minute = 0, .second = 0, .ms = 0, .scale = GNSS_TIME_SCALE_UTC, .leapSeconds = 0, .validityBits = 3}, .mDRSource = GNSS_NO_DR, .mFixType = _NO, .mLatitude = 0.000000, .mLongitude = 0.000000, .mHeightEllipsoid = 0.000000, .mHeightMSL = -1000.000000, .mGroundSpeed = 0.000000, .mSpeed = 0.000000, .mHeadingMotion = 0.000000, .mHeadingVehicle = 0.000000, .mHorizontalAccuracy = 102.300003, .mVerticalAccuracy = 0.000000, .mSpeedAccuracy = 0.000000, .mHeadingAccuracy = 0.000000, .mNavATT = {.iTOW = 0, .version = 85, .roll = 0, .pitch = 0, .heading = 0, .accRoll = 0, .accPitch = 0, .accHeading = 0}, .mValidityBits = 359}
07-24 23:50:22.119  2376  2376 D AI_NAV  : INVALID GNSS T 15873916
07-24 23:50:22.132  2412  2875 D CoLibry : [MSG]@15873933 (2412.32767): T[2]HSU(30B) fq 100100, fs -8, hwQ 76, pQ 0, afQ 0 trdAfQ 0, mp 102, ofs 0, adj 102, bw 55, dev 24, stp 0, ant 1, fs1 -99, fs2 -99, hl 5EECB57
07-24 23:50:22.133  5139  5139 D GALServiceManager: isGalStarted() Enter
07-24 23:50:22.133  5139  5139 D GALServiceManager: linkServiceBinder() Binder is Linked Already
07-24 23:50:22.134  5139  5139 D GALServiceManager: isGalStarted() Exit
07-24 23:50:22.134  5139  5139 D GALServiceManager: sendTouchEvent() Enter
07-24 23:50:22.134  5139  5139 D GALServiceManager: linkServiceBinder() Binder is Linked Already
07-24 23:50:22.134  5139  5139 D GALServiceManager: sendTouchEvent() Exit
07-24 23:50:22.140  2411  2411 V NAVD    : CGMIPCMsgSplitter::handleData: len: 7, consumedBytes: 0
07-24 23:50:22.140  2411  2411 V NAVD    : CGMIPCMsgSplitter::handleData: Msg Tag :12 SubTag :0 Length; 1
07-24 23:50:22.140  2411  2411 V NAVD    : CGMIPCMsgSplitter : GearInfo
07-24 23:50:22.140  2411  2411 V NAVD    : TCPTOGENIVI::raw  gear ipc values:GearInfo:0
07-24 23:50:22.140  2411  2411 V NAVD    : TCPTOGENIVI::gear ipc values:GearInfo:D
07-24 23:50:22.141  2411  2411 V NAVD    : CARPLAYDATACONSTRUCTOR onData : transmissionstate recv
07-24 23:50:22.141  2411  2411 V NAVD    : CGMIPCMsgSplitter::handleData: len: 14, consumedBytes: 0
07-24 23:50:22.141  2411  2411 V NAVD    : CGMIPCMsgSplitter::handleData: Msg Tag :2 SubTag :15 Length; 10
07-24 23:50:22.141  2411  2411 E NAVD    : CGMIPCMsgSplitter counterVal 44856 
07-24 23:50:22.143  2411  2411 V NAVD    : CGMIPCMsgSplitter::handleData: len: 14, consumedBytes: 0
07-24 23:50:22.143  2411  2411 V NAVD    : CGMIPCMsgSplitter::handleData: Msg Tag :2 SubTag :15 Length; 10
07-24 23:50:22.143  2411  2411 E NAVD    : CGMIPCMsgSplitter counterVal 44857 
07-24 23:50:22.143  2645  2645 I mediasdk_omx: mfx_omx_vdec_component: EmptyThisBuffer(0xf2321cd0) nTimeStamp 78822367000, nFilledLen 35012, nFlags 0x10
07-24 23:50:22.143  2645  3138 I mediasdk_omx: mfx_omx_vdec_component: DecodeFrameAsync+ DataLength 35012, DataOffset 0
07-24 23:50:22.144  2645  3138 I mediasdk_omx: mfx_omx_vdec_component: DecodeFrameAsync- sts 2, output surface 0x0, DataLength 35012, DataOffset 0
07-24 23:50:22.144  2645  3138 I mediasdk_omx: mfx_omx_vdec_component: DecodeFrameAsync+ DataLength 35012, DataOffset 0
07-24 23:50:22.145  2645  3138 I mediasdk_omx: mfx_omx_vdec_component: DecodeFrameAsync- sts 0, output surface 0xee345908, DataLength 0, DataOffset 35012
07-24 23:50:22.145  2645  3138 I mediasdk_omx: mfx_omx_vdec_component: pOutSurface, CropW: 1920, CropH: 1080, Width: 1920, Height: 1088, TimeStamp: 78822367000
07-24 23:50:22.145  2645  3139 I mediasdk_omx: mfx_omx_vdec_component: SyncOperation+
07-24 23:50:22.145  2645  3139 I mediasdk_omx: mfx_omx_vdec_component: SyncOperation-
07-24 23:50:22.145  2645  3138 I mediasdk_omx: mfx_omx_vdec_component: EmptyBufferDone(0xf2321cd0)
07-24 23:50:22.145  2645  3139 I mediasdk_omx: mfx_omx_vdec_component: FillBufferDone(0xf2321fa0) nTimeStamp 78822367000, nFilledLen 12, nFlags 0x0
07-24 23:50:22.148  2645  2645 I mediasdk_omx: mfx_omx_vdec_component: FillThisBuffer(0xf1f11960) nAllocLen 12
07-24 23:50:22.148  2645  2645 I mediasdk_omx: mfx_omx_srf_pool: ANWbuffer 0xf1f19368, gralloc handle 0xf1f047a0, fence 38
07-24 23:50:22.150  5139  5139 D GALServiceManager: isGalStarted() Enter
07-24 23:50:22.150  5139  5139 D GALServiceManager: linkServiceBinder() Binder is Linked Already
07-24 23:50:22.150  5139  5139 D GALServiceManager: isGalStarted() Exit
07-24 23:50:22.150  5139  5139 D GALServiceManager: sendTouchEvent() Enter
07-24 23:50:22.150  5139  5139 D GALServiceManager: linkServiceBinder() Binder is Linked Already
07-24 23:50:22.151  5139  5139 D GALServiceManager: sendTouchEvent() Exit
07-24 23:50:22.164  2426  2426 W BufferLayer: [SurfaceView - com.gm.gal/com.gm.gal.hmi.activity.MainActivity#0] Timestamp 78822367000000 seems implausible relative to expectedPresent 15873977034700
07-24 23:50:22.167  5139  5139 D GALServiceManager: isGalStarted() Enter
07-24 23:50:22.167  5139  5139 D GALServiceManager: linkServiceBinder() Binder is Linked Already
07-24 23:50:22.167  5139  5139 D GALServiceManager: isGalStarted() Exit
07-24 23:50:22.167  5139  5139 D GALServiceManager: sendTouchEvent() Enter
07-24 23:50:22.167  5139  5139 D GALServiceManager: linkServiceBinder() Binder is Linked Already
07-24 23:50:22.168  5139  5139 D GALServiceManager: sendTouchEvent() Exit
07-24 23:50:22.169  2412  2875 D CoLibry : [MSG]@15873970 (2412.32767): T[2]HSU(30B) fq 99900, fs -8, hwQ 49, pQ 0, afQ 0 trdAfQ 0, mp 138, ofs 0, adj 98, bw 55, dev 25, stp 0, ant 1, fs1 -99, fs2 -99, hl 5EECB57
07-24 23:50:22.178  2645  2645 I mediasdk_omx: mfx_omx_vdec_component: EmptyThisBuffer(0xf2321d20) nTimeStamp 78822404000, nFilledLen 32645, nFlags 0x10
07-24 23:50:22.178  2645  3138 I mediasdk_omx: mfx_omx_vdec_component: DecodeFrameAsync+ DataLength 32645, DataOffset 0
07-24 23:50:22.178  2645  3138 I mediasdk_omx: mfx_omx_vdec_component: DecodeFrameAsync- sts 2, output surface 0x0, DataLength 32645, DataOffset 0
07-24 23:50:22.178  2645  3138 I mediasdk_omx: mfx_omx_vdec_component: DecodeFrameAsync+ DataLength 32645, DataOffset 0
07-24 23:50:22.180  2645  3138 I mediasdk_omx: mfx_omx_vdec_component: DecodeFrameAsync- sts 0, output surface 0xee345788, DataLength 0, DataOffset 32645
07-24 23:50:22.180  2645  3138 I mediasdk_omx: mfx_omx_vdec_component: pOutSurface, CropW: 1920, CropH: 1080, Width: 1920, Height: 1088, TimeStamp: 78822404000
07-24 23:50:22.180  2645  3139 I mediasdk_omx: mfx_omx_vdec_component: SyncOperation+
07-24 23:50:22.180  2645  3139 I mediasdk_omx: mfx_omx_vdec_component: SyncOperation-
07-24 23:50:22.180  2645  3139 I mediasdk_omx: mfx_omx_vdec_component: FillBufferDone(0xf2321dc0) nTimeStamp 78822404000, nFilledLen 12, nFlags 0x0
07-24 23:50:22.180  2645  3138 I mediasdk_omx: mfx_omx_vdec_component: EmptyBufferDone(0xf2321d20)
07-24 23:50:22.182  2645  2645 I mediasdk_omx: mfx_omx_vdec_component: FillThisBuffer(0xf1f11910) nAllocLen 12
07-24 23:50:22.182  2645  2645 I mediasdk_omx: mfx_omx_srf_pool: ANWbuffer 0xf1f19228, gralloc handle 0xf1f046c0, fence 38
07-24 23:50:22.183  5139  5139 D GALServiceManager: isGalStarted() Enter
07-24 23:50:22.183  5139  5139 D GALServiceManager: linkServiceBinder() Binder is Linked Already
07-24 23:50:22.183  5139  5139 D GALServiceManager: isGalStarted() Exit
07-24 23:50:22.183  5139  5139 D GALServiceManager: sendTouchEvent() Enter
07-24 23:50:22.183  5139  5139 D GALServiceManager: linkServiceBinder() Binder is Linked Already
07-24 23:50:22.183  5139  5139 D GALServiceManager: sendTouchEvent() Exit
07-24 23:50:22.190  2411  2411 V NAVD    : CGMIPCMsgSplitter::handleData: len: 14, consumedBytes: 0
07-24 23:50:22.190  2411  2411 V NAVD    : CGMIPCMsgSplitter::handleData: Msg Tag :2 SubTag :15 Length; 10
07-24 23:50:22.190  2411  2411 E NAVD    : CGMIPCMsgSplitter counterVal 44858 
07-24 23:50:22.191  2411  2411 V NAVD    : CGMIPCMsgSplitter::handleData: len: 14, consumedBytes: 0
07-24 23:50:22.191  2411  2411 V NAVD    : CGMIPCMsgSplitter::handleData: Msg Tag :2 SubTag :15 Length; 10
07-24 23:50:22.191  2411  2411 E NAVD    : CGMIPCMsgSplitter counterVal 44859 
07-24 23:50:22.197  2426  2426 W BufferLayer: [SurfaceView - com.gm.gal/com.gm.gal.hmi.activity.MainActivity#0] Timestamp 78822404000000 seems implausible relative to expectedPresent 15874010362088
07-24 23:50:22.199  5139  5139 D GALServiceManager: isGalStarted() Enter
07-24 23:50:22.199  5139  5139 D GALServiceManager: linkServiceBinder() Binder is Linked Already
07-24 23:50:22.200  5139  5139 D GALServiceManager: isGalStarted() Exit
07-24 23:50:22.200  5139  5139 D GALServiceManager: sendTouchEvent() Enter
07-24 23:50:22.200  5139  5139 D GALServiceManager: linkServiceBinder() Binder is Linked Already
07-24 23:50:22.200  5139  5139 D GALServiceManager: sendTouchEvent() Exit
07-24 23:50:22.206  2412  2875 D CoLibry : [MSG]@15874007 (2412.32767): T[2]HSU(30B) fq 99700, fs -7, hwQ 83, pQ 0, afQ 0 trdAfQ 0, mp 119, ofs 0, adj 96, bw 55, dev 24, stp 0, ant 1, fs1 -99, fs2 -99, hl 5EECB57
07-24 23:50:22.209  3354  3501 D CarDrivingState: Property Changed: propId=291504647
07-24 23:50:22.210  2411  2411 V NAVD    : CGMIPCMsgSplitter::handleData: len: 30, consumedBytes: 0
07-24 23:50:22.210  2411  2411 V NAVD    : CGMIPCMsgSplitter::handleData: Msg Tag :19 SubTag :0 Length; 26
07-24 23:50:22.211  2411  2411 V NAVD    : CGMIPCMsgSplitter : Ext Position
07-24 23:50:22.211  2411  2411 V NAVD    : TCPTOGENIVI::raw  pos ipc values:latitude:0 longitude:0, height:-10000, heading:0 velocity :0 pDop :1023
07-24 23:50:22.211  2411  2411 V NAVD    : TCPTOGENIVI::raw  time ipc values:Date :20190102 Time :0
07-24 23:50:22.211  2411  2411 V NAVD    : TCPTOGENIVI::pos ipc values:latitude:0.000000 longitude:0.000000, height:-1000.000000, heading:0.000000 velocity :0.000000 pDop :0.000000
07-24 23:50:22.211  2411  2411 V NAVD    : TCPTOGENIVI::time ipc values:Year :2019 Month :0 Day :2 Hour :0 Minutes :0 Seconds :0
07-24 23:50:22.211  2411  2411 V NAVD    : CARPLAYDATACONSTRUCTOR onData : pos recv
07-24 23:50:22.211  2411  2411 V NAVD    : CARPLAYDATACONSTRUCTOR onData : time recv
07-24 23:50:22.211  2411  2411 V NAVD    : CARPLAYDATACONSTRUCTOR onData : speed recv
07-24 23:50:22.211  2411  2411 V NAVD    : CARPLAYFREQCONTROLLER onData :ALL CARPLAY DATA RECIEVED
07-24 23:50:22.211  2411  2411 V NAVD    : TCPTOGNSSHAL::raw  pos ipc values:latitude:0 longitude:0, height:-10000, heading:0 velocity :0 pDop :1023
07-24 23:50:22.211  2411  2411 V NAVD    : TCPTOGNSSHAL::raw  time ipc values:Date :20190102 Time :0
07-24 23:50:22.211  2411  2411 V NAVD    : TCPTOGNSSHAL::time ipc values:Year :2019 Month :0 Day :2 Hour :0 Minutes :0 Seconds :0
07-24 23:50:22.211  2411  2411 V NAVD    : TCPTOGNSSHAL::pos ipc values:latitude:0.000000 longitude:0.000000, height:-1000.000000, heading:0.000000 velocity :0.000000
07-24 23:50:22.211  2651  2678 I lvds_device: setDispBrightness MSB : 0xff LSB : 0xff
07-24 23:50:22.211  2411  2411 V NAVD    : TCPTOGNSSHAL::time ipc values:Year :119 Month :0 Day :2 Hour :0 Minutes :0 Seconds :0
07-24 23:50:22.211  2411  2411 V NAVD    : TCPTOGNSSHAL::epoch time ipc values:epochtime :1546387200000 
07-24 23:50:22.211  2411  2411 D NAVD    : Gnss::updateGnssLocation : latitude : 0.000000, longitude : 0.000000, altitudeMeters : -1000.000000, speedMeters : 0.000000, bearingDegrees : 0.000000
07-24 23:50:22.211  2411  2411 D NAVD    : Gnss::updateGnssLocation : horizontalAccuracyMeters : 102.300003, verticalAccuracyMeters : 0.000000, speedAccuracyMetersPerSecond : 0.000000, bearingAccuracyDegrees : 0.000000
07-24 23:50:22.211  2411  2411 D NAVD    : Gnss::updateGnssLocation : Time:1546387200000, gnssLocationFlags : 31
07-24 23:50:22.211  2651  2678 I lvds_device: setAuxBrightness MSB :0x00 LSB: 0x00
07-24 23:50:22.213  3044  3942 I GnssLocationProvider: WakeLock acquired by sendMessage(REPORT_LOCATION, 1, Location[gps 0.000000,0.000000 hAcc=102 et=?!? alt=-1000.0 vel=0.0 bear=0.0 vAcc=??? sAcc=??? bAcc=???])
07-24 23:50:22.213  3044  3063 I GnssLocationProvider: WakeLock released by handleMessage(REPORT_LOCATION, 1, Location[gps 0.000000,0.000000 hAcc=102 et=+4h24m34s15ms alt=-1000.0 vel=0.0 bear=0.0 vAcc=??? sAcc=??? bAcc=??? {Bundle[{satellites=0, maxCn0=0, meanCn0=0}]}])
07-24 23:50:22.214  2411  2411 V NAVD    : TCPTONAVSENSHAL::raw  pos ipc values:latitude:0 longitude:0, height:-10000, heading:0 velocity :0 pDop :1023
07-24 23:50:22.214  2411  2411 V NAVD    : TCPTONAVSENSHAL::raw  time ipc values:Date :20190102 Time :0
07-24 23:50:22.214  2411  2411 V NAVD    : TCPTONAVSENSHAL::pos ipc values:latitude:0.000000 longitude:0.000000, height:-1000.000000, heading:0.000000 velocity :0.000000 pdop :102.300003
07-24 23:50:22.214  2411  2411 V NAVD    : TCPTONAVSENSHAL::time ipc values:Year :2019 Month :0 Day :2 Hour :0 Minutes :0 Seconds :0
07-24 23:50:22.214  2411  2411 V NAVD    : Navsens::setGNSSTime: Time - 15874012
07-24 23:50:22.215  2411  2411 V NAVD    : Navsens::setGNSSSatellites:Number of satellites - 0
07-24 23:50:22.215  2376  2376 E AI_NAV  : log_as_hex: Length too long (1312)
07-24 23:50:22.215  2376  2376 D AI_NAV  : SAT T 15874012 VIEW 0 USED 0 SNRAVG 0 SNRMIN 0 SNRMAX 0 HDOP 0 PDOP 1023 VDOP 0
07-24 23:50:22.215  2411  2411 V NAVD    : Navsens::setGNSSLocation
07-24 23:50:22.215  2411  2411 V NAVD    : Navsens::updateGnssHnrLocation
07-24 23:50:22.215  2376  2376 V AI_NAV  : $HRL_DC37F2000000000000000000E2750000DC37F20000000000E30700020000000000000000030000000300000000750000000000000000000000000000000000000000000000007AC4000000000000000000000000000000009A99CC4200000000000000000000000000000000551ABD1B00000000000000000000000000000000000000000000000067010000E2750000
07-24 23:50:22.215  2376  2376 D AI_NAV  : GNSSHighRateLocation: {.mTimestamp = 15874012, .mGpsTow = 0, .mUTCTime = {.timestamp = 15874012, .year = 2019, .month = 0, .day = 2, .hour = 0, .minute = 0, .second = 0, .ms = 0, .scale = GNSS_TIME_SCALE_UTC, .leapSeconds = 0, .validityBits = 3}, .mDRSource = GNSS_NO_DR, .mFixType = _NO, .mLatitude = 0.000000, .mLongitude = 0.000000, .mHeightEllipsoid = 0.000000, .mHeightMSL = -1000.000000, .mGroundSpeed = 0.000000, .mSpeed = 0.000000, .mHeadingMotion = 0.000000, .mHeadingVehicle = 0.000000, .mHorizontalAccuracy = 102.300003, .mVerticalAccuracy = 0.000000, .mSpeedAccuracy = 0.000000, .mHeadingAccuracy = 0.000000, .mNavATT = {.iTOW = 0, .version = 85, .roll = 0, .pitch = 0, .heading = 0, .accRoll = 0, .accPitch = 0, .accHeading = 0}, .mValidityBits = 359}
07-24 23:50:22.216  2376  2376 D AI_NAV  : INVALID GNSS T 15874012
07-24 23:50:22.216  5139  5139 D GALServiceManager: isGalStarted() Enter
07-24 23:50:22.216  5139  5139 D GALServiceManager: linkServiceBinder() Binder is Linked Already
07-24 23:50:22.217  5139  5139 D GALServiceManager: isGalStarted() Exit
07-24 23:50:22.217  5139  5139 D GALServiceManager: sendTouchEvent() Enter
07-24 23:50:22.217  5139  5139 D GALServiceManager: linkServiceBinder() Binder is Linked Already
07-24 23:50:22.217  5139  5139 D GALServiceManager: sendTouchEvent() Exit
07-24 23:50:22.221  2645  2645 I mediasdk_omx: mfx_omx_vdec_component: EmptyThisBuffer(0xf2321d70) nTimeStamp 78822441000, nFilledLen 62798, nFlags 0x10
07-24 23:50:22.221  2645  3138 I mediasdk_omx: mfx_omx_vdec_component: DecodeFrameAsync+ DataLength 62798, DataOffset 0
07-24 23:50:22.221  2645  3138 I mediasdk_omx: mfx_omx_vdec_component: DecodeFrameAsync- sts 2, output surface 0x0, DataLength 62798, DataOffset 0
07-24 23:50:22.221  2645  3138 I mediasdk_omx: mfx_omx_vdec_component: DecodeFrameAsync+ DataLength 62798, DataOffset 0
07-24 23:50:22.222  2645  3138 I mediasdk_omx: mfx_omx_vdec_component: DecodeFrameAsync- sts 0, output surface 0xf2353608, DataLength 0, DataOffset 62798
07-24 23:50:22.222  2645  3138 I mediasdk_omx: mfx_omx_vdec_component: pOutSurface, CropW: 1920, CropH: 1080, Width: 1920, Height: 1088, TimeStamp: 78822441000
07-24 23:50:22.222  2645  3139 I mediasdk_omx: mfx_omx_vdec_component: SyncOperation+
07-24 23:50:22.222  2645  3139 I mediasdk_omx: mfx_omx_vdec_component: SyncOperation-
07-24 23:50:22.222  2645  3139 I mediasdk_omx: mfx_omx_vdec_component: FillBufferDone(0xf2321e60) nTimeStamp 78822441000, nFilledLen 12, nFlags 0x0
07-24 23:50:22.222  2645  3138 I mediasdk_omx: mfx_omx_vdec_component: EmptyBufferDone(0xf2321d70)
07-24 23:50:22.223  2645  2645 I mediasdk_omx: mfx_omx_vdec_component: FillThisBuffer(0xf2321f50) nAllocLen 12
07-24 23:50:22.223  2645  2645 I mediasdk_omx: mfx_omx_srf_pool: ANWbuffer 0xf1f18be8, gralloc handle 0xf1f03e00, fence 38
07-24 23:50:22.230  2426  2426 W BufferLayer: [SurfaceView - com.gm.gal/com.gm.gal.hmi.activity.MainActivity#0] Timestamp 78822441000000 seems implausible relative to expectedPresent 15874043717924
07-24 23:50:22.240  2411  2411 V NAVD    : CGMIPCMsgSplitter::handleData: len: 7, consumedBytes: 0
07-24 23:50:22.240  2411  2411 V NAVD    : CGMIPCMsgSplitter::handleData: Msg Tag :12 SubTag :0 Length; 1
07-24 23:50:22.240  2411  2411 V NAVD    : CGMIPCMsgSplitter : GearInfo
07-24 23:50:22.240  2411  2411 V NAVD    : TCPTOGENIVI::raw  gear ipc values:GearInfo:0
07-24 23:50:22.240  2411  2411 V NAVD    : TCPTOGENIVI::gear ipc values:GearInfo:D
07-24 23:50:22.240  2411  2411 V NAVD    : CARPLAYDATACONSTRUCTOR onData : transmissionstate recv
07-24 23:50:22.240  2411  2411 V NAVD    : CGMIPCMsgSplitter::handleData: len: 14, consumedBytes: 0
07-24 23:50:22.240  2411  2411 V NAVD    : CGMIPCMsgSplitter::handleData: Msg Tag :2 SubTag :15 Length; 10
07-24 23:50:22.240  2411  2411 E NAVD    : CGMIPCMsgSplitter counterVal 44860 
07-24 23:50:22.242  5139  5139 D GALServiceManager: isGalStarted() Enter
07-24 23:50:22.242  5139  5139 D GALServiceManager: linkServiceBinder() Binder is Linked Already
07-24 23:50:22.242  2411  2411 V NAVD    : CGMIPCMsgSplitter::handleData: len: 14, consumedBytes: 0
07-24 23:50:22.242  2412  2875 D CoLibry : [MSG]@15874044 (2412.32767): T[2]HSU(30B) fq 99500, fs -7, hwQ 55, pQ 0, afQ 0 trdAfQ 0, mp 133, ofs 0, adj 98, bw 55, dev 24, stp 0, ant 1, fs1 -99, fs2 -99, hl 5EECB57
07-24 23:50:22.242  2411  2411 V NAVD    : CGMIPCMsgSplitter::handleData: Msg Tag :2 SubTag :15 Length; 10
07-24 23:50:22.242  2411  2411 E NAVD    : CGMIPCMsgSplitter counterVal 44861 
07-24 23:50:22.242  5139  5139 D GALServiceManager: isGalStarted() Exit
07-24 23:50:22.242  5139  5139 D GALServiceManager: sendTouchEvent() Enter
07-24 23:50:22.242  5139  5139 D GALServiceManager: linkServiceBinder() Binder is Linked Already
07-24 23:50:22.243  5139  5139 D GALServiceManager: sendTouchEvent() Exit
07-24 23:50:22.247  2651  2675 I lvds_device: I2C read data :0x02 size : 1
